--------- beginning of system
06-10 22:35:44.641  1846 16541 I PFTBT   : Initiating full-data transport backup of com.google.android.apps.nexuslauncher token: 1213609110
06-10 22:35:44.644  1846  3971 D BackupTransportManager: Transport com.google.android.gms/.backup.BackupTransportService updated its attributes
06-10 22:35:44.709  1846 16543 D BackupManagerService: [UserID:0] awaiting agent for ApplicationInfo{96102fd com.google.android.apps.nexuslauncher}
06-10 22:35:44.714  1846  3971 D BackupManagerService: [UserID:0] agentConnected pkg=com.google.android.apps.nexuslauncher agent=android.os.BinderProxy@abfc3dd
06-10 22:35:44.714  1846 16543 I BackupManagerService: [UserID:0] got agent android.app.IBackupAgent$Stub$Proxy@b41eb52
06-10 22:35:44.737  1846 16544 I BackupRestoreController: Getting widget state for user: 0
06-10 22:35:44.737  1846 16544 D BackupManagerService: Calling doFullBackup() on com.google.android.apps.nexuslauncher
06-10 22:35:44.778  1846 16541 I ActivityManager: Killing 14550:com.google.android.gms.unstable/u0a134 (adj 995): empty #33
06-10 22:35:44.809  1846  3973 D NotificationListeners: Removing active service ComponentInfo{com.google.android.apps.nexuslauncher/com.android.launcher3.notification.NotificationListener}
06-10 22:35:44.810  1846  7346 D SearchUiPerUserService: Removing all callbacks for session Id=com.google.android.apps.nexuslauncher:9db37f3a-4f0d-4529-99ec-3aa41ba3f791,0 and 0 callbacks.
06-10 22:35:44.811  1846  1846 V NotificationListeners: 0 notification listener connection lost: ComponentInfo{com.google.android.apps.nexuslauncher/com.android.launcher3.notification.NotificationListener}
06-10 22:35:44.811  1846  3968 I ActivityManager: Process com.google.android.apps.nexuslauncher (pid 2723) has died: vis BFGS
06-10 22:35:44.812  1846  3968 W ActivityManager: Scheduling restart of crashed service com.google.android.apps.nexuslauncher/com.android.launcher3.notification.NotificationListener in 1000ms for connection
06-10 22:35:44.812  1846  3968 W ActivityManager: Scheduling restart of crashed service com.google.android.apps.nexuslauncher/com.android.quickstep.TouchInteractionService in 11000ms for connection
06-10 22:35:44.814  1846  6471 I WindowManager: WIN DEATH: Window{f25997e u0 com.google.android.apps.nexuslauncher/com.google.android.apps.nexuslauncher.NexusLauncherActivity}
06-10 22:35:44.840  1846  1889 W ActivityManager: setHasOverlayUi called on unknown pid: 2723
06-10 22:35:44.841  1846  1923 W UsageStatsService: Unexpected activity event reported! (com.google.android.apps.nexuslauncher/com.google.android.apps.nexuslauncher.NexusLauncherActivity event : 23 instanceId : 31141570)
06-10 22:35:44.862  1846  3968 D CompatibilityChangeReporter: Compat change id reported: 135634846; UID 10193; state: DISABLED
06-10 22:35:44.862  1846  3968 D CompatibilityChangeReporter: Compat change id reported: 177438394; UID 10193; state: DISABLED
06-10 22:35:44.862  1846  3968 D CompatibilityChangeReporter: Compat change id reported: 135772972; UID 10193; state: DISABLED
06-10 22:35:44.862  1846  3968 D CompatibilityChangeReporter: Compat change id reported: 135754954; UID 10193; state: ENABLED
06-10 22:35:44.862  1846  1931 D CompatibilityChangeReporter: Compat change id reported: 143937733; UID 10193; state: ENABLED
06-10 22:35:44.869  1846  1931 I ActivityManager: Start proc 16548:com.google.android.apps.nexuslauncher/u0a193 for service {com.google.android.apps.nexuslauncher/com.android.quickstep.TouchInteractionService}
06-10 22:35:45.079  1846  1846 V NotificationListeners: 0 notification listener service connected: ComponentInfo{com.google.android.apps.nexuslauncher/com.android.launcher3.notification.NotificationListener}
06-10 22:35:45.370  1846 16541 I PFTBT   : Transport suggested backoff=0
06-10 22:35:45.370  1846 16541 V BackupManagerConstants: getBackupFinishedNotificationReceivers(...) returns 
06-10 22:35:45.370  1846 16541 I PFTBT   : Unbinding agent in com.google.android.apps.nexuslauncher
06-10 22:35:45.370  1846 16541 W ActivityManager: Unbinding backup agent with no active backup
06-10 22:35:45.370  1846 16541 I PFTBT   : Full backup completed with status: 0
06-10 22:35:45.373  1846 16541 V BackupManagerConstants: getFullBackupIntervalMilliseconds(...) returns 86400000
06-10 22:35:45.373  1846 16541 V BackupManagerConstants: getFullBackupRequiredNetworkType(...) returns 2
06-10 22:35:45.373  1846 16541 V BackupManagerConstants: getFullBackupRequireCharging(...) returns true
06-10 22:35:45.374  1846 16541 I PFTBT   : Full data backup pass finished.
06-10 22:35:45.374  1846 16541 V BackupManagerService: [UserID:0] Released wakelock:*backup*-0-3233
06-10 22:35:45.375  1846  1846 V BackupManagerConstants: getFullBackupIntervalMilliseconds(...) returns 86400000
06-10 22:35:45.375  1846  1846 V BackupManagerConstants: getKeyValueBackupIntervalMilliseconds(...) returns 14400000
06-10 22:35:45.375  1846  1846 I BackupManagerService: [UserID:0] Beginning scheduled full backup operation
06-10 22:35:45.375  1846  1846 D PFTBT   : backupmanager pftbt token=3326b599
06-10 22:35:45.375  1846  1846 V BackupManagerService: [UserID:0] Acquired wakelock:*backup*-0-3233
06-10 22:35:45.386  1846  1846 I TransportClient: BackupTransportService#75: Notifying [PFTBT.run()] transport = IBackupTransport
06-10 22:35:45.386  1846 16580 I PFTBT   : Initiating full-data transport backup of com.android.carrierdefaultapp token: 858174873
06-10 22:35:45.391  1846  7514 D BackupTransportManager: Transport com.google.android.gms/.backup.BackupTransportService updated its attributes
06-10 22:35:45.431  1846 16580 I PFTBT   : Transport rejected backup of com.android.carrierdefaultapp, skipping
06-10 22:35:45.431  1846 16580 I PFTBT   : Unbinding agent in com.android.carrierdefaultapp
06-10 22:35:45.431  1846 16580 W ActivityManager: Unbinding backup agent with no active backup
06-10 22:35:45.431  1846 16580 I PFTBT   : Full backup completed with status: 0
06-10 22:35:45.437  1846 16580 V BackupManagerConstants: getFullBackupIntervalMilliseconds(...) returns 86400000
06-10 22:35:45.437  1846 16580 V BackupManagerConstants: getFullBackupRequiredNetworkType(...) returns 2
06-10 22:35:45.438  1846 16580 V BackupManagerConstants: getFullBackupRequireCharging(...) returns true
06-10 22:35:45.442  1846  1846 V BackupManagerConstants: getFullBackupIntervalMilliseconds(...) returns 86400000
06-10 22:35:45.442  1846  1846 V BackupManagerConstants: getKeyValueBackupIntervalMilliseconds(...) returns 14400000
06-10 22:35:45.442  1846  1846 I BackupManagerService: [UserID:0] Beginning scheduled full backup operation
06-10 22:35:45.443  1846  1846 D PFTBT   : backupmanager pftbt token=49b3959b
06-10 22:35:45.443  1846  1846 V BackupManagerService: [UserID:0] Acquired wakelock:*backup*-0-3233
06-10 22:35:45.443  1846 16580 I PFTBT   : Full data backup pass finished.
06-10 22:35:45.443  1846 16580 V BackupManagerService: [UserID:0] Released wakelock:*backup*-0-3233
06-10 22:35:45.456  1846  1846 I TransportClient: BackupTransportService#76: Notifying [PFTBT.run()] transport = IBackupTransport
06-10 22:35:45.456  1846 16583 I PFTBT   : Initiating full-data transport backup of com.android.theme.font.notoserifsource token: 1236506011
06-10 22:35:45.460  1846  3971 D BackupTransportManager: Transport com.google.android.gms/.backup.BackupTransportService updated its attributes
06-10 22:35:45.517  1846 16583 I PFTBT   : Transport rejected backup of com.android.theme.font.notoserifsource, skipping
06-10 22:35:45.517  1846 16583 I PFTBT   : Unbinding agent in com.android.theme.font.notoserifsource
06-10 22:35:45.517  1846 16583 W ActivityManager: Unbinding backup agent with no active backup
06-10 22:35:45.517  1846 16583 I PFTBT   : Full backup completed with status: 0
06-10 22:35:45.528  1846 16583 V BackupManagerConstants: getFullBackupIntervalMilliseconds(...) returns 86400000
06-10 22:35:45.528  1846 16583 V BackupManagerConstants: getFullBackupRequiredNetworkType(...) returns 2
06-10 22:35:45.528  1846 16583 V BackupManagerConstants: getFullBackupRequireCharging(...) returns true
06-10 22:35:45.530  1846 16583 I PFTBT   : Full data backup pass finished.
06-10 22:35:45.530  1846 16583 V BackupManagerService [UserID:0] Released wakelock:*backup*-0-3233
06-10 22:35:45.530  1846  1846 V BackupManagerConstants: getFullBackupIntervalMilliseconds(...) returns 86400000
06-10 22:35:45.530  1846  1846 V BackupManagerConstants: getKeyValueBackupIntervalMilliseconds(...) returns 14400000
06-10 22:35:45.530  1846  1846 I BackupManagerService: [UserID:0] Beginning scheduled full backup operation
06-10 22:35:45.530  1846  1846 D PFTBT   : backupmanager pftbt token=5b34d19d
06-10 22:35:45.531  1846  1846 V BackupManagerService: [UserID:0] Acquired wakelock:*backup*-0-3233
06-10 22:35:45.542  1846  1846 I TransportClient: BackupTransportService#77: Notifying [PFTBT.run()] transport = IBackupTransport
06-10 22:35:45.542  1846 16587 I PFTBT   : Initiating full-data transport backup of com.android.proxyhandler token: 1530188189
06-10 22:35:45.545  1846  2879 D BackupTransportManager: Transport com.google.android.gms/.backup.BackupTransportService updated its attributes
06-10 22:35:45.587  1846 16587 I PFTBT   : Transport rejected backup of com.android.proxyhandler, skipping
06-10 22:35:45.587  1846 16587 I PFTBT   : Unbinding agent in com.android.proxyhandler
06-10 22:35:45.587  1846 16587 W ActivityManager: Unbinding backup agent with no active backup
06-10 22:35:45.587  1846 16587 I PFTBT   : Full backup completed with status: 0
06-10 22:35:45.594  1846 16587 V BackupManagerConstants: getFullBackupIntervalMilliseconds(...) returns 86400000
06-10 22:35:45.594  1846 16587 V BackupManagerConstants: getFullBackupRequiredNetworkType(...) returns 2
06-10 22:35:45.595  1846 16587 V BackupManagerConstants: getFullBackupRequireCharging(...) returns true
06-10 22:35:45.597  1846 16587 I PFTBT   : Full data backup pass finished.
06-10 22:35:45.597  1846 16587 V BackupManagerService: [UserID:0] Released wakelock:*backup*-0-3233
06-10 22:35:45.597  1846  1846 V BackupManagerConstants: getFullBackupIntervalMilliseconds(...) returns 86400000
06-10 22:35:45.597  1846  1846 V BackupManagerConstants: getKeyValueBackupIntervalMilliseconds(...) returns 14400000
06-10 22:35:45.597  1846  1846 I BackupManagerService: [UserID:0] Beginning scheduled full backup operation
06-10 22:35:45.597  1846  1846 D PFTBT   : backupmanager pftbt token=2fc9919f
06-10 22:35:45.597  1846  1846 V BackupManagerService: [UserID:0] Acquired wakelock:*backup*-0-3233
06-10 22:35:45.607  1846  1846 I TransportClient: BackupTransportService#78: Notifying [PFTBT.run()] transport = IBackupTransport
06-10 22:35:45.608  1846 16589 I PFTBT   : Initiating full-data transport backup of com.android.internal.display.cutout.emulation.waterfall token: 801739167
06-10 22:35:45.611  1846  7514 D BackupTransportManager: Transport com.google.android.gms/.backup.BackupTransportService updated its attributes
06-10 22:35:45.663  1846 16589 I PFTBT   : Transport rejected backup of com.android.internal.display.cutout.emulation.waterfall, skipping
06-10 22:35:45.663  1846 16589 I PFTBT   : Unbinding agent in com.android.internal.display.cutout.emulation.waterfall
06-10 22:35:45.663  1846 16589 W ActivityManager: Unbinding backup agent with no active backup
06-10 22:35:45.663  1846 16589 I PFTBT   : Full backup completed with status: 0
06-10 22:35:45.667  1846 16589 V BackupManagerConstants: getFullBackupIntervalMilliseconds(...) returns 86400000
06-10 22:35:45.667  1846 16589 V BackupManagerConstants: getFullBackupRequiredNetworkType(...) returns 2
06-10 22:35:45.667  1846 16589 V BackupManagerConstants: getFullBackupRequireCharging(...) returns true
06-10 22:35:45.669  1846 16589 I PFTBT   : Full data backup pass finished.
06-10 22:35:45.669  1846 16589 V BackupManagerService: [UserID:0] Released wakelock:*backup*-0-3233
06-10 22:35:45.669  1846  1846 V BackupManagerConstants: getFullBackupIntervalMilliseconds(...) returns 86400000
06-10 22:35:45.669  1846  1846 V BackupManagerConstants: getKeyValueBackupIntervalMilliseconds(...) returns 14400000
06-10 22:35:45.669  1846  1846 I BackupManagerService: [UserID:0] Beginning scheduled full backup operation
06-10 22:35:45.670  1846  1846 D PFTBT   : backupmanager pftbt token=1e1e77a1
06-10 22:35:45.670  1846  1846 V BackupManagerService: [UserID:0] Acquired wakelock:*backup*-0-3233
06-10 22:35:45.683  1846  1846 I TransportClient: BackupTransportService#79: Notifying [PFTBT.run()] transport = IBackupTransport
06-10 22:35:45.683  1846 16590 I PFTBT   : Initiating full-data transport backup of com.google.android.connectivity.resources token: 505313185
06-10 22:35:45.687  1846  7514 D BackupTransportManager: Transport com.google.android.gms/.backup.BackupTransportService updated its attributes
06-10 22:35:45.746  1846 16590 I PFTBT   : Transport rejected backup of com.google.android.connectivity.resources, skipping
06-10 22:35:45.746  1846 16590 I PFTBT   : Unbinding agent in com.google.android.connectivity.resources
06-10 22:35:45.746  1846 16590 W ActivityManager: Unbinding backup agent with no active backup
06-10 22:35:45.746  1846 16590 I PFTBT   : Full backup completed with status: 0
06-10 22:35:45.761  1846 16590 V BackupManagerConstants: getFullBackupIntervalMilliseconds(...) returns 86400000
06-10 22:35:45.761  1846 16590 V BackupManagerConstants: getFullBackupRequiredNetworkType(...) returns 2
06-10 22:35:45.761  1846 16590 V BackupManagerConstants: getFullBackupRequireCharging(...) returns true
06-10 22:35:45.763  1846 16590 I PFTBT   : Full data backup pass finished.
06-10 22:35:45.764  1846 16590 V BackupManagerService: [UserID:0] Released wakelock:*backup*-0-3233
06-10 22:35:45.764  1846  1846 V BackupManagerConstants: getFullBackupIntervalMilliseconds(...) returns 86400000
06-10 22:35:45.764  1846  1846 V BackupManagerConstants: getKeyValueBackupIntervalMilliseconds(...) returns 14400000
06-10 22:35:45.764  1846  1846 I BackupManagerService: [UserID:0] Beginning scheduled full backup operation
06-10 22:35:45.764  1846  1846 D PFTBT   : backupmanager pftbt token=1175caa3
06-10 22:35:45.764  1846  1846 V BackupManagerService: [UserID:0] Acquired wakelock:*backup*-0-3233
06-10 22:35:45.774  1846  1846 I TransportClient: BackupTransportService#80: Notifying [PFTBT.run()] transport = IBackupTransport
06-10 22:35:45.775  1846 16591 I PFTBT   : Initiating full-data transport backup of com.google.android.pixel.setupwizard.activeedge token: 292932259
06-10 22:35:45.777  1846  2294 D BackupTransportManager: Transport com.google.android.gms/.backup.BackupTransportService updated its attributes
06-10 22:35:45.811  1846 16591 I PFTBT   : Transport rejected backup of com.google.android.pixel.setupwizard.activeedge, skipping
06-10 22:35:45.811  1846 16591 I PFTBT   : Unbinding agent in com.google.android.pixel.setupwizard.activeedge
06-10 22:35:45.811  1846 16591 W ActivityManager: Unbinding backup agent with no active backup
06-10 22:35:45.811  1846 16591 I PFTBT   : Full backup completed with status: 0
06-10 22:35:45.814  1846 16591 V BackupManagerConstants: getFullBackupIntervalMilliseconds(...) returns 86400000
06-10 22:35:45.814  1846 16591 V BackupManagerConstants: getFullBackupRequiredNetworkType(...) returns 2
06-10 22:35:45.815  1846 16591 V BackupManagerConstants: getFullBackupRequireCharging(...) returns true
06-10 22:35:45.816  1846 16591 I PFTBT   : Full data backup pass finished.
06-10 22:35:45.816  1846 16591 V BackupManagerService: [UserID:0] Released wakelock:*backup*-0-3233
06-10 22:35:45.817  1846  1846 V BackupManagerConstants: getFullBackupIntervalMilliseconds(...) returns 86400000
06-10 22:35:45.817  1846  1846 V BackupManagerConstants: getKeyValueBackupIntervalMilliseconds(...) returns 14400000
06-10 22:35:45.817  1846  1846 I BackupManagerService: [UserID:0] Beginning scheduled full backup operation
06-10 22:35:45.817  1846  1846 D PFTBT   : backupmanager pftbt token=511eaea5
06-10 22:35:45.817  1846  1846 V BackupManagerService: [UserID:0] Acquired wakelock:*backup*-0-3233
06-10 22:35:45.828  1846  1846 I TransportClient: BackupTransportService#81: Notifying [PFTBT.run()] transport = IBackupTransport
06-10 22:35:45.828  1846 16593 I PFTBT   : Initiating full-data transport backup of com.android.providers.contacts.auto_generated_rro_product__ token: 1360965285
06-10 22:35:45.831  1846  2294 D BackupTransportManager: Transport com.google.android.gms/.backup.BackupTransportService updated its attributes
06-10 22:35:45.865  1846 16593 I PFTBT   : Transport rejected backup of com.android.providers.contacts.auto_generated_rro_product__, skipping
06-10 22:35:45.865  1846 16593 I PFTBT   : Unbinding agent in com.android.providers.contacts.auto_generated_rro_product__
06-10 22:35:45.866  1846 16593 W ActivityManager: Unbinding backup agent with no active backup
06-10 22:35:45.866  1846 16593 I PFTBT   : Full backup completed with status: 0
06-10 22:35:45.874  1846 16593 V BackupManagerConstants: getFullBackupIntervalMilliseconds(...) returns 86400000
06-10 22:35:45.875  1846 16593 V BackupManagerConstants: getFullBackupRequiredNetworkType(...) returns 2
06-10 22:35:45.875  1846 16593 V BackupManagerConstants: getFullBackupRequireCharging(...) returns true
06-10 22:35:45.877  1846 16593 I PFTBT   : Full data backup pass finished.
06-10 22:35:45.877  1846 16593 V BackupManagerService: [UserID:0] Released wakelock:*backup*-0-3233
06-10 22:35:45.880  1846  1846 V BackupManagerConstants: getFullBackupIntervalMilliseconds(...) returns 86400000
06-10 22:35:45.880  1846  1846 V BackupManagerConstants: getKeyValueBackupIntervalMilliseconds(...) returns 14400000
06-10 22:35:45.880  1846  1846 I BackupManagerService: [UserID:0] Beginning scheduled full backup operation
06-10 22:35:45.880  1846  1846 D PFTBT   : backupmanager pftbt token=390be5a7
06-10 22:35:45.880  1846  1846 V BackupManagerService: [UserID:0] Acquired wakelock:*backup*-0-3233
06-10 22:35:45.889  1846  1846 I TransportClient: BackupTransportService#82: Notifying [PFTBT.run()] transport = IBackupTransport
06-10 22:35:45.889  1846 16594 I PFTBT   : Initiating full-data transport backup of com.google.android.feedback token: 957080999
06-10 22:35:45.891  1846  6471 D BackupTransportManager: Transport com.google.android.gms/.backup.BackupTransportService updated its attributes
06-10 22:35:45.940  1846 16594 I PFTBT   : Transport rejected backup of com.google.android.feedback, skipping
06-10 22:35:45.940  1846 16594 I PFTBT   : Unbinding agent in com.google.android.feedback
06-10 22:35:45.941  1846 16594 W ActivityManager: Unbinding backup agent with no active backup
06-10 22:35:45.941  1846 16594 I PFTBT   : Full backup completed with status: 0
06-10 22:35:45.945  1846 16594 V BackupManagerConstants: getFullBackupIntervalMilliseconds(...) returns 86400000
06-10 22:35:45.946  1846 16594 V BackupManagerConstants: getFullBackupRequiredNetworkType(...) returns 2
06-10 22:35:45.946  1846 16594 V BackupManagerConstants: getFullBackupRequireCharging(...) returns true
06-10 22:35:45.948  1846 16594 I PFTBT   : Full data backup pass finished.
06-10 22:35:45.948  1846 16594 V BackupManagerService: [UserID:0] Released wakelock:*backup*-0-3233
06-10 22:35:45.948  1846  1846 V BackupManagerConstants: getFullBackupIntervalMilliseconds(...) returns 86400000
06-10 22:35:45.948  1846  1846 V BackupManagerConstants: getKeyValueBackupIntervalMilliseconds(...) returns 14400000
06-10 22:35:45.948  1846  1846 I BackupManagerService: [UserID:0] Beginning scheduled full backup operation
06-10 22:35:45.949  1846  1846 D PFTBT   : backupmanager pftbt token=49bf32a9
06-10 22:35:45.952  1846  1846 V BackupManagerService: [UserID:0] Acquired wakelock:*backup*-0-3233
06-10 22:35:45.961  1846  1846 I TransportClient: BackupTransportService#83: Notifying [PFTBT.run()] transport = IBackupTransport
06-10 22:35:45.962  1846 16595 I PFTBT   : Initiating full-data transport backup of com.android.managedprovisioning token: 1237267113
06-10 22:35:45.969  1846  6471 D BackupTransportManager: Transport com.google.android.gms/.backup.BackupTransportService updated its attributes
06-10 22:35:46.002  1846 16595 I PFTBT   : Transport rejected backup of com.android.managedprovisioning, skipping
06-10 22:35:46.002  1846 16595 I PFTBT   : Unbinding agent in com.android.managedprovisioning
06-10 22:35:46.006  1846 16595 W ActivityManager: Unbinding backup agent with no active backup
06-10 22:35:46.006  1846 16595 I PFTBT   : Full backup completed with status: 0
06-10 22:35:46.021  1846 16595 V BackupManagerConstants: getFullBackupIntervalMilliseconds(...) returns 86400000
06-10 22:35:46.021  1846 16595 V BackupManagerConstants: getFullBackupRequiredNetworkType(...) returns 2
06-10 22:35:46.022  1846 16595 V BackupManagerConstants: getFullBackupRequireCharging(...) returns true
06-10 22:35:46.024  1846 16595 I PFTBT   : Full data backup pass finished.
06-10 22:35:46.025  1846 16595 V BackupManagerService: [UserID:0] Released wakelock:*backup*-0-3233
06-10 22:35:46.026  1846  1846 V BackupManagerConstants: getFullBackupIntervalMilliseconds(...) returns 86400000
06-10 22:35:46.026  1846  1846 V BackupManagerConstants: getKeyValueBackupIntervalMilliseconds(...) returns 14400000
06-10 22:35:46.026  1846  1846 I BackupManagerService: [UserID:0] Beginning scheduled full backup operation
06-10 22:35:46.026  1846  1846 D PFTBT   : backupmanager pftbt token=6a24eeab
06-10 22:35:46.027  1846  1846 V BackupManagerService: [UserID:0] Acquired wakelock:*backup*-0-3233
06-10 22:35:46.041  1846  1846 I TransportClient: BackupTransportService#84: Notifying [PFTBT.run()] transport = IBackupTransport
06-10 22:35:46.042  1846 16596 I PFTBT   : Initiating full-data transport backup of com.google.android.systemui.gxoverlay token: 1780805291
06-10 22:35:46.046  1846  3976 D BackupTransportManager: Transport com.google.android.gms/.backup.BackupTransportService updated its attributes
06-10 22:35:46.084  1846  6471 D SearchUiPerUserService: Creating SearchSessionInfo for session Id=com.google.android.apps.nexuslauncher:64736d50-f135-464b-8846-e67e60d5c8f5,0
06-10 22:35:46.096  1846 16596 I PFTBT   : Transport rejected backup of com.google.android.systemui.gxoverlay, skipping
06-10 22:35:46.096  1846 16596 I PFTBT   : Unbinding agent in com.google.android.systemui.gxoverlay
06-10 22:35:46.096  1846 16596 W ActivityManager: Unbinding backup agent with no active backup
06-10 22:35:46.096  1846 16596 I PFTBT   : Full backup completed with status: 0
06-10 22:35:46.102  1846 16596 V BackupManagerConstants: getFullBackupIntervalMilliseconds(...) returns 86400000
06-10 22:35:46.102  1846 16596 V BackupManagerConstants: getFullBackupRequiredNetworkType(...) returns 2
06-10 22:35:46.102  1846 16596 V BackupManagerConstants: getFullBackupRequireCharging(...) returns true
06-10 22:35:46.104  1846 16596 I PFTBT   : Full data backup pass finished.
06-10 22:35:46.104  1846 16596 V BackupManagerService: [UserID:0] Released wakelock:*backup*-0-3233
06-10 22:35:46.105  1846  1846 V BackupManagerConstants: getFullBackupIntervalMilliseconds(...) returns 86400000
06-10 22:35:46.105  1846  1846 V BackupManagerConstants: getKeyValueBackupIntervalMilliseconds(...) returns 14400000
06-10 22:35:46.105  1846  1846 I BackupManagerService: [UserID:0] Beginning scheduled full backup operation
06-10 22:35:46.105  1846  1846 D PFTBT   : backupmanager pftbt token=3016bcad
06-10 22:35:46.105  1846  1846 V BackupManagerService: [UserID:0] Acquired wakelock:*backup*-0-3233
06-10 22:35:46.116  1846  1846 I TransportClient: BackupTransportService#85: Notifying [PFTBT.run()] transport = IBackupTransport
06-10 22:35:46.117  1846 16598 I PFTBT   : Initiating full-data transport backup of com.android.cellbroadcastservice.overlay.pixel token: 806796461
06-10 22:35:46.119  1846  6471 D BackupTransportManager: Transport com.google.android.gms/.backup.BackupTransportService updated its attributes
06-10 22:35:46.168  1846 16598 I PFTBT   : Transport rejected backup of com.android.cellbroadcastservice.overlay.pixel, skipping
06-10 22:35:46.168  1846 16598 I PFTBT   : Unbinding agent in com.android.cellbroadcastservice.overlay.pixel
06-10 22:35:46.169  1846 16598 W ActivityManager: Unbinding backup agent with no active backup
06-10 22:35:46.169  1846 16598 I PFTBT   : Full backup completed with status: 0
06-10 22:35:46.175  1846  2294 I ActivityManager: Killing 15062:com.google.android.googlequicksearchbox/u0a130 (adj 975): empty #33
06-10 22:35:46.177  1846 16598 V BackupManagerConstants: getFullBackupIntervalMilliseconds(...) returns 86400000
06-10 22:35:46.177  1846 16598 V BackupManagerConstants: getFullBackupRequiredNetworkType(...) returns 2
06-10 22:35:46.177  1846 16598 V BackupManagerConstants: getFullBackupRequireCharging(...) returns true
06-10 22:35:46.180  1846 16598 I PFTBT   : Full data backup pass finished.
06-10 22:35:46.180  1846 16598 V BackupManagerService: [UserID:0] Released wakelock:*backup*-0-3233
06-10 22:35:46.182  1846  1846 V BackupManagerConstants: getFullBackupIntervalMilliseconds(...) returns 86400000
06-10 22:35:46.182  1846  1846 V BackupManagerConstants: getKeyValueBackupIntervalMilliseconds(...) returns 14400000
06-10 22:35:46.182  1846  1846 I BackupManagerService: [UserID:0] Beginning scheduled full backup operation
06-10 22:35:46.182  1846  1846 D PFTBT   : backupmanager pftbt token=14fa1eaf
06-10 22:35:46.183  1846  1846 V BackupManagerService: [UserID:0] Acquired wakelock:*backup*-0-3233
06-10 22:35:46.201  1846  1846 I TransportClient: BackupTransportService#86: Notifying [PFTBT.run()] transport = IBackupTransport
06-10 22:35:46.201  1846 16602 I PFTBT   : Initiating full-data transport backup of com.google.android.apps.camera.services token: 351936175
06-10 22:35:46.206  1846  2294 D BackupTransportManager: Transport com.google.android.gms/.backup.BackupTransportService updated its attributes
06-10 22:35:46.255  1846 16602 I PFTBT   : Transport rejected backup of com.google.android.apps.camera.services, skipping
06-10 22:35:46.256  1846 16602 I PFTBT   : Unbinding agent in com.google.android.apps.camera.services
06-10 22:35:46.256  1846 16602 W ActivityManager: Unbinding backup agent with no active backup
06-10 22:35:46.256  1846 16602 I PFTBT   : Full backup completed with status: 0
06-10 22:35:46.273  1846 16602 V BackupManagerConstants: getFullBackupIntervalMilliseconds(...) returns 86400000
06-10 22:35:46.273  1846 16602 V BackupManagerConstants: getFullBackupRequiredNetworkType(...) returns 2
06-10 22:35:46.273  1846 16602 V BackupManagerConstants: getFullBackupRequireCharging(...) returns true
06-10 22:35:46.275  1846 16602 I PFTBT   : Full data backup pass finished.
06-10 22:35:46.275  1846 16602 V BackupManagerService: [UserID:0] Released wakelock:*backup*-0-3233
06-10 22:35:46.275  1846  1846 V BackupManagerConstants: getFullBackupIntervalMilliseconds(...) returns 86400000
06-10 22:35:46.275  1846  1846 V BackupManagerConstants: getKeyValueBackupIntervalMilliseconds(...) returns 14400000
06-10 22:35:46.275  1846  1846 I BackupManagerService: [UserID:0] Beginning scheduled full backup operation
06-10 22:35:46.276  1846  1846 D PFTBT   : backupmanager pftbt token=4b382b1
06-10 22:35:46.276  1846  1846 V BackupManagerService: [UserID:0] Acquired wakelock:*backup*-0-3233
06-10 22:35:46.289  1846  1846 I TransportClient: BackupTransportService#87: Notifying [PFTBT.run()] transport = IBackupTransport
06-10 22:35:46.290  1846 16605 I PFTBT   : Initiating full-data transport backup of com.android.providers.partnerbookmarks token: 78873265
06-10 22:35:46.292  1846  2879 D BackupTransportManager: Transport com.google.android.gms/.backup.BackupTransportService updated its attributes
06-10 22:35:46.332  1846 16605 I PFTBT   : Transport rejected backup of com.android.providers.partnerbookmarks, skipping
06-10 22:35:46.332  1846 16605 I PFTBT   : Unbinding agent in com.android.providers.partnerbookmarks
06-10 22:35:46.332  1846 16605 W ActivityManager: Unbinding backup agent with no active backup
06-10 22:35:46.332  1846 16605 I PFTBT   : Full backup completed with status: 0
06-10 22:35:46.335  1846 16605 V BackupManagerConstants: getFullBackupIntervalMilliseconds(...) returns 86400000
06-10 22:35:46.335  1846 16605 V BackupManagerConstants: getFullBackupRequiredNetworkType(...) returns 2
06-10 22:35:46.335  1846 16605 V BackupManagerConstants: getFullBackupRequireCharging(...) returns true
06-10 22:35:46.338  1846 16605 I PFTBT   : Full data backup pass finished.
06-10 22:35:46.338  1846 16605 V BackupManagerService: [UserID:0] Released wakelock:*backup*-0-3233
06-10 22:35:46.339  1846  1846 V BackupManagerConstants: getFullBackupIntervalMilliseconds(...) returns 86400000
06-10 22:35:46.339  1846  1846 V BackupManagerConstants: getKeyValueBackupIntervalMilliseconds(...) returns 14400000
06-10 22:35:46.339  1846  1846 I BackupManagerService: [UserID:0] Beginning scheduled full backup operation
06-10 22:35:46.339  1846  1846 D PFTBT   : backupmanager pftbt token=7ed3feb3
06-10 22:35:46.339  1846  1846 V BackupManagerService: [UserID:0] Acquired wakelock:*backup*-0-3233
06-10 22:35:46.349  1846  1846 I TransportClient: BackupTransportService#88: Notifying [PFTBT.run()] transport = IBackupTransport
06-10 22:35:46.349  1846 16613 I PFTBT   : Initiating full-data transport backup of com.android.server.telecom.auto_generated_rro_vendor__ token: 2127822515
06-10 22:35:46.351  1846  3971 D BackupTransportManager: Transport com.google.android.gms/.backup.BackupTransportService updated its attributes
06-10 22:35:46.390  1846 16613 I PFTBT   : Transport rejected backup of com.android.server.telecom.auto_generated_rro_vendor__, skipping
06-10 22:35:46.390  1846 16613 I PFTBT   : Unbinding agent in com.android.server.telecom.auto_generated_rro_vendor__
06-10 22:35:46.390  1846 16613 W ActivityManager: Unbinding backup agent with no active backup
06-10 22:35:46.390  1846 16613 I PFTBT   : Full backup completed with status: 0
06-10 22:35:46.395  1846 16613 V BackupManagerConstants: getFullBackupIntervalMilliseconds(...) returns 86400000
06-10 22:35:46.395  1846 16613 V BackupManagerConstants: getFullBackupRequiredNetworkType(...) returns 2
06-10 22:35:46.395  1846 16613 V BackupManagerConstants: getFullBackupRequireCharging(...) returns true
06-10 22:35:46.398  1846 16613 I PFTBT   : Full data backup pass finished.
06-10 22:35:46.399  1846 16613 V BackupManagerService: [UserID:0] Released wakelock:*backup*-0-3233
06-10 22:35:46.399  1846  1846 V BackupManagerConstants: getFullBackupIntervalMilliseconds(...) returns 86400000
06-10 22:35:46.399  1846  1846 V BackupManagerConstants: getKeyValueBackupIntervalMilliseconds(...) returns 14400000
06-10 22:35:46.399  1846  1846 I BackupManagerService: [UserID:0] Beginning scheduled full backup operation
06-10 22:35:46.399  1846  1846 D PFTBT   : backupmanager pftbt token=a42f3b5
06-10 22:35:46.400  1846  1846 V BackupManagerService: [UserID:0] Acquired wakelock:*backup*-0-3233
06-10 22:35:46.411  1846  1846 I TransportClient: BackupTransportService#89: Notifying [PFTBT.run()] transport = IBackupTransport
06-10 22:35:46.412  1846 16615 I PFTBT   : Initiating full-data transport backup of com.android.wallpaper.livepicker token: 172159925
06-10 22:35:46.415  1846  7514 D BackupTransportManager: Transport com.google.android.gms/.backup.BackupTransportService updated its attributes
06-10 22:35:46.457  1846 16615 I PFTBT   : Transport rejected backup of com.android.wallpaper.livepicker, skipping
06-10 22:35:46.457  1846 16615 I PFTBT   : Unbinding agent in com.android.wallpaper.livepicker
06-10 22:35:46.457  1846 16615 W ActivityManager: Unbinding backup agent with no active backup
06-10 22:35:46.457  1846 16615 I PFTBT   : Full backup completed with status: 0
06-10 22:35:46.460  1846 16615 V BackupManagerConstants: getFullBackupIntervalMilliseconds(...) returns 86400000
06-10 22:35:46.460  1846 16615 V BackupManagerConstants: getFullBackupRequiredNetworkType(...) returns 2
06-10 22:35:46.460  1846 16615 V BackupManagerConstants: getFullBackupRequireCharging(...) returns true
06-10 22:35:46.462  1846 16615 I PFTBT   : Full data backup pass finished.
06-10 22:35:46.462  1846 16615 V BackupManagerService: [UserID:0] Released wakelock:*backup*-0-3233
06-10 22:35:46.463  1846  1846 V BackupManagerConstants: getFullBackupIntervalMilliseconds(...) returns 86400000
06-10 22:35:46.463  1846  1846 V BackupManagerConstants: getKeyValueBackupIntervalMilliseconds(...) returns 14400000
06-10 22:35:46.463  1846  1846 I BackupManagerService: [UserID:0] Beginning scheduled full backup operation
06-10 22:35:46.463  1846  1846 D PFTBT   : backupmanager pftbt token=3f08deb7
06-10 22:35:46.463  1846  1846 V BackupManagerService: [UserID:0] Acquired wakelock:*backup*-0-3233
06-10 22:35:46.476  1846  1846 I TransportClient: BackupTransportService#90: Notifying [PFTBT.run()] transport = IBackupTransport
06-10 22:35:46.476  1846 16616 I PFTBT   : Initiating full-data transport backup of com.android.providers.telephony.auto_generated_rro_product__ token: 1057545911
06-10 22:35:46.477  1846  2294 D BackupTransportManager: Transport com.google.android.gms/.backup.BackupTransportService updated its attributes
06-10 22:35:46.522  1846 16616 I PFTBT   : Transport rejected backup of com.android.providers.telephony.auto_generated_rro_product__, skipping
06-10 22:35:46.522  1846 16616 I PFTBT   : Unbinding agent in com.android.providers.telephony.auto_generated_rro_product__
06-10 22:35:46.522  1846 16616 W ActivityManager: Unbinding backup agent with no active backup
06-10 22:35:46.522  1846 16616 I PFTBT   : Full backup completed with status: 0
06-10 22:35:46.525  1846 16616 V BackupManagerConstants: getFullBackupIntervalMilliseconds(...) returns 86400000
06-10 22:35:46.525  1846 16616 V BackupManagerConstants: getFullBackupRequiredNetworkType(...) returns 2
06-10 22:35:46.526  1846 16616 V BackupManagerConstants: getFullBackupRequireCharging(...) returns true
06-10 22:35:46.528  1846 16616 I PFTBT   : Full data backup pass finished.
06-10 22:35:46.529  1846 16616 V BackupManagerService: [UserID:0] Released wakelock:*backup*-0-3233
06-10 22:35:46.529  1846  1846 V BackupManagerConstants: getFullBackupIntervalMilliseconds(...) returns 86400000
06-10 22:35:46.529  1846  1846 V BackupManagerConstants: getKeyValueBackupIntervalMilliseconds(...) returns 14400000
06-10 22:35:46.529  1846  1846 I BackupManagerService: [UserID:0] Beginning scheduled full backup operation
06-10 22:35:46.530  1846  1846 D PFTBT   : backupmanager pftbt token=2870bb9
06-10 22:35:46.530  1846  1846 V BackupManagerService: [UserID:0] Acquired wakelock:*backup*-0-3233
06-10 22:35:46.544  1846  1846 I TransportClient: BackupTransportService#91: Notifying [PFTBT.run()] transport = IBackupTransport
06-10 22:35:46.544  1846 16617 I PFTBT   : Initiating full-data transport backup of com.android.phone.auto_generated_rro_vendor__ token: 42404793
06-10 22:35:46.547  1846  2294 D BackupTransportManager: Transport com.google.android.gms/.backup.BackupTransportService updated its attributes
06-10 22:35:46.581  1846 16617 I PFTBT   : Transport rejected backup of com.android.phone.auto_generated_rro_vendor__, skipping
06-10 22:35:46.582  1846 16617 I PFTBT   : Unbinding agent in com.android.phone.auto_generated_rro_vendor__
06-10 22:35:46.583  1846 16617 W ActivityManager: Unbinding backup agent with no active backup
06-10 22:35:46.583  1846 16617 I PFTBT   : Full backup completed with status: 0
06-10 22:35:46.585  1846 16617 V BackupManagerConstants: getFullBackupIntervalMilliseconds(...) returns 86400000
06-10 22:35:46.585  1846 16617 V BackupManagerConstants: getFullBackupRequiredNetworkType(...) returns 2
06-10 22:35:46.585  1846 16617 V BackupManagerConstants: getFullBackupRequireCharging(...) returns true
06-10 22:35:46.587  1846 16617 I PFTBT   : Full data backup pass finished.
06-10 22:35:46.587  1846 16617 V BackupManagerService: [UserID:0] Released wakelock:*backup*-0-3233
06-10 22:35:46.589  1846  1846 V BackupManagerConstants: getFullBackupIntervalMilliseconds(...) returns 86400000
06-10 22:35:46.589  1846  1846 V BackupManagerConstants: getKeyValueBackupIntervalMilliseconds(...) returns 14400000
06-10 22:35:46.589  1846  1846 I BackupManagerService: [UserID:0] Beginning scheduled full backup operation
06-10 22:35:46.589  1846  1846 D PFTBT   : backupmanager pftbt token=5b161abb
06-10 22:35:46.590  1846  1846 V BackupManagerService: [UserID:0] Acquired wakelock:*backup*-0-3233
06-10 22:35:46.601  1846  1846 I TransportClient: BackupTransportService#92: Notifying [PFTBT.run()] transport = IBackupTransport
06-10 22:35:46.602  1846 16619 I PFTBT   : Initiating full-data transport backup of com.android.imsserviceentitlement token: 1528175291
06-10 22:35:46.605  1846  2294 D BackupTransportManager: Transport com.google.android.gms/.backup.BackupTransportService updated its attributes
06-10 22:35:46.649  1846 16619 I PFTBT   : Transport rejected backup of com.android.imsserviceentitlement, skipping
06-10 22:35:46.649  1846 16619 I PFTBT   : Unbinding agent in com.android.imsserviceentitlement
06-10 22:35:46.649  1846 16619 W ActivityManager: Unbinding backup agent with no active backup
06-10 22:35:46.649  1846 16619 I PFTBT   : Full backup completed with status: 0
06-10 22:35:46.654  1846 16619 V BackupManagerConstants: getFullBackupIntervalMilliseconds(...) returns 86400000
06-10 22:35:46.654  1846 16619 V BackupManagerConstants: getFullBackupRequiredNetworkType(...) returns 2
06-10 22:35:46.654  1846 16619 V BackupManagerConstants: getFullBackupRequireCharging(...) returns true
06-10 22:35:46.657  1846 16619 I PFTBT   : Full data backup pass finished.
06-10 22:35:46.657  1846 16619 V BackupManagerService: [UserID:0] Released wakelock:*backup*-0-3233
06-10 22:35:46.657  1846  1846 V BackupManagerConstants: getFullBackupIntervalMilliseconds(...) returns 86400000
06-10 22:35:46.657  1846  1846 V BackupManagerConstants: getKeyValueBackupIntervalMilliseconds(...) returns 14400000
06-10 22:35:46.657  1846  1846 I BackupManagerService: [UserID:0] Beginning scheduled full backup operation
06-10 22:35:46.658  1846  1846 D PFTBT   : backupmanager pftbt token=3c1607bd
06-10 22:35:46.658  1846  1846 V BackupManagerService: [UserID:0] Acquired wakelock:*backup*-0-3233
06-10 22:35:46.670  1846  1846 I TransportClient: BackupTransportService#93: Notifying [PFTBT.run()] transport = IBackupTransport
06-10 22:35:46.670  1846 16621 I PFTBT   : Initiating full-data transport backup of com.android.traceur.auto_generated_rro_vendor__ token: 1008076733
06-10 22:35:46.674  1846  2879 D BackupTransportManager: Transport com.google.android.gms/.backup.BackupTransportService updated its attributes
06-10 22:35:46.712  1846 16621 I PFTBT   : Transport rejected backup of com.android.traceur.auto_generated_rro_vendor__, skipping
06-10 22:35:46.712  1846 16621 I PFTBT   : Unbinding agent in com.android.traceur.auto_generated_rro_vendor__
06-10 22:35:46.712  1846 16621 W ActivityManager: Unbinding backup agent with no active backup
06-10 22:35:46.713  1846 16621 I PFTBT   : Full backup completed with status: 0
06-10 22:35:46.723  1846 16621 V BackupManagerConstants: getFullBackupIntervalMilliseconds(...) returns 86400000
06-10 22:35:46.723  1846 16621 V BackupManagerConstants: getFullBackupRequiredNetworkType(...) returns 2
06-10 22:35:46.724  1846 16621 V BackupManagerConstants: getFullBackupRequireCharging(...) returns true
06-10 22:35:46.726  1846 16621 I PFTBT   : Full data backup pass finished.
06-10 22:35:46.726  1846 16621 V BackupManagerService: [UserID:0] Released wakelock:*backup*-0-3233
06-10 22:35:46.726  1846  1846 V BackupManagerConstants: getFullBackupIntervalMilliseconds(...) returns 86400000
06-10 22:35:46.726  1846  1846 V BackupManagerConstants: getKeyValueBackupIntervalMilliseconds(...) returns 14400000
06-10 22:35:46.726  1846  1846 I BackupManagerService: [UserID:0] Beginning scheduled full backup operation
06-10 22:35:46.726  1846  1846 D PFTBT   : backupmanager pftbt token=5bb093bf
06-10 22:35:46.727  1846  1846 V BackupManagerService: [UserID:0] Acquired wakelock:*backup*-0-3233
06-10 22:35:46.737  1846  1846 I TransportClient: BackupTransportService#94: Notifying [PFTBT.run()] transport = IBackupTransport
06-10 22:35:46.737  1846 16626 I PFTBT   : Initiating full-data transport backup of com.android.bookmarkprovider token: 1538298815
06-10 22:35:46.739  1846  2294 D BackupTransportManager: Transport com.google.android.gms/.backup.BackupTransportService updated its attributes
06-10 22:35:46.776  1846 16626 I PFTBT   : Transport rejected backup of com.android.bookmarkprovider, skipping
06-10 22:35:46.776  1846 16626 I PFTBT   : Unbinding agent in com.android.bookmarkprovider
06-10 22:35:46.776  1846 16626 W ActivityManager: Unbinding backup agent with no active backup
06-10 22:35:46.776  1846 16626 I PFTBT   : Full backup completed with status: 0
06-10 22:35:46.783  1846 16626 V BackupManagerConstants: getFullBackupIntervalMilliseconds(...) returns 86400000
06-10 22:35:46.783  1846 16626 V BackupManagerConstants: getFullBackupRequiredNetworkType(...) returns 2
06-10 22:35:46.783  1846 16626 V BackupManagerConstants: getFullBackupRequireCharging(...) returns true
06-10 22:35:46.785  1846 16626 I PFTBT   : Full data backup pass finished.
06-10 22:35:46.785  1846 16626 V BackupManagerService: [UserID:0] Released wakelock:*backup*-0-3233
06-10 22:35:46.785  1846  1846 V BackupManagerConstants: getFullBackupIntervalMilliseconds(...) returns 86400000
06-10 22:35:46.785  1846  1846 V BackupManagerConstants: getKeyValueBackupIntervalMilliseconds(...) returns 14400000
06-10 22:35:46.785  1846  1846 I BackupManagerService: [UserID:0] Beginning scheduled full backup operation
06-10 22:35:46.785  1846  1846 D PFTBT   : backupmanager pftbt token=1a1b00c1
06-10 22:35:46.786  1846  1846 V BackupManagerService: [UserID:0] Acquired wakelock:*backup*-0-3233
06-10 22:35:46.795  1846  1846 I TransportClient: BackupTransportService#95: Notifying [PFTBT.run()] transport = IBackupTransport
06-10 22:35:46.795  1846 16627 I PFTBT   : Initiating full-data transport backup of com.google.android.overlay.pixelconfigcommon token: 437977281
06-10 22:35:46.799  1846  3968 D BackupTransportManager: Transport com.google.android.gms/.backup.BackupTransportService updated its attributes
06-10 22:35:46.842  1846 16627 I PFTBT   : Transport rejected backup of com.google.android.overlay.pixelconfigcommon, skipping
06-10 22:35:46.842  1846 16627 I PFTBT   : Unbinding agent in com.google.android.overlay.pixelconfigcommon
06-10 22:35:46.842  1846 16627 W ActivityManager: Unbinding backup agent with no active backup
06-10 22:35:46.842  1846 16627 I PFTBT   : Full backup completed with status: 0
06-10 22:35:46.848  1846 16627 V BackupManagerConstants: getFullBackupIntervalMilliseconds(...) returns 86400000
06-10 22:35:46.848  1846 16627 V BackupManagerConstants: getFullBackupRequiredNetworkType(...) returns 2
06-10 22:35:46.848  1846 16627 V BackupManagerConstants: getFullBackupRequireCharging(...) returns true
06-10 22:35:46.850  1846 16627 I PFTBT   : Full data backup pass finished.
06-10 22:35:46.850  1846 16627 V BackupManagerService: [UserID:0] Released wakelock:*backup*-0-3233
06-10 22:35:46.850  1846  1846 V BackupManagerConstants: getFullBackupIntervalMilliseconds(...) returns 86400000
06-10 22:35:46.850  1846  1846 V BackupManagerConstants: getKeyValueBackupIntervalMilliseconds(...) returns 14400000
06-10 22:35:46.850  1846  1846 I BackupManagerService: [UserID:0] Beginning scheduled full backup operation
06-10 22:35:46.851  1846  1846 D PFTBT   : backupmanager pftbt token=343546c3
06-10 22:35:46.851  1846  1846 V BackupManagerService: [UserID:0] Acquired wakelock:*backup*-0-3233
06-10 22:35:46.862  1846  1846 I TransportClient: BackupTransportService#96: Notifying [PFTBT.run()] transport = IBackupTransport
06-10 22:35:46.863  1846 16628 I PFTBT   : Initiating full-data transport backup of com.google.android.apps.dreamliner token: 875906755
06-10 22:35:46.866  1846  3971 D BackupTransportManager: Transport com.google.android.gms/.backup.BackupTransportService updated its attributes
06-10 22:35:46.908  1846 16628 I PFTBT   : Transport rejected backup of com.google.android.apps.dreamliner, skipping
06-10 22:35:46.908  1846 16628 I PFTBT   : Unbinding agent in com.google.android.apps.dreamliner
06-10 22:35:46.908  1846 16628 W ActivityManager: Unbinding backup agent with no active backup
06-10 22:35:46.908  1846 16628 I PFTBT   : Full backup completed with status: 0
06-10 22:35:46.914  1846 16628 V BackupManagerConstants: getFullBackupIntervalMilliseconds(...) returns 86400000
06-10 22:35:46.914  1846 16628 V BackupManagerConstants: getFullBackupRequiredNetworkType(...) returns 2
06-10 22:35:46.914  1846 16628 V BackupManagerConstants: getFullBackupRequireCharging(...) returns true
06-10 22:35:46.918  1846  1846 V BackupManagerConstants: getFullBackupIntervalMilliseconds(...) returns 86400000
06-10 22:35:46.918  1846  1846 V BackupManagerConstants: getKeyValueBackupIntervalMilliseconds(...) returns 14400000
06-10 22:35:46.918  1846  1846 I BackupManagerService: [UserID:0] Beginning scheduled full backup operation
06-10 22:35:46.919  1846 16628 I PFTBT   : Full data backup pass finished.
06-10 22:35:46.919  1846 16628 V BackupManagerService: [UserID:0] Released wakelock:*backup*-0-3233
06-10 22:35:46.919  1846  1846 D PFTBT   : backupmanager pftbt token=629585c5
06-10 22:35:46.919  1846  1846 V BackupManagerService: [UserID:0] Acquired wakelock:*backup*-0-3233
06-10 22:35:46.929  1846  1846 I TransportClient: BackupTransportService#97: Notifying [PFTBT.run()] transport = IBackupTransport
06-10 22:35:46.930  1846 16629 I PFTBT   : Initiating full-data transport backup of com.android.cts.ctsshim token: 1653966277
06-10 22:35:46.933  1846  3971 D BackupTransportManager: Transport com.google.android.gms/.backup.BackupTransportService updated its attributes
06-10 22:35:46.976  1846 16629 I PFTBT   : Transport rejected backup of com.android.cts.ctsshim, skipping
06-10 22:35:46.976  1846 16629 I PFTBT   : Unbinding agent in com.android.cts.ctsshim
06-10 22:35:46.976  1846 16629 W ActivityManager: Unbinding backup agent with no active backup
06-10 22:35:46.976  1846 16629 I PFTBT   : Full backup completed with status: 0
06-10 22:35:47.064  1846 16629 V BackupManagerConstants: getFullBackupIntervalMilliseconds(...) returns 86400000
06-10 22:35:47.064  1846 16629 V BackupManagerConstants: getFullBackupRequiredNetworkType(...) returns 2
06-10 22:35:47.064  1846 16629 V BackupManagerConstants: getFullBackupRequireCharging(...) returns true
06-10 22:35:47.066  1846 16629 I PFTBT   : Full data backup pass finished.
06-10 22:35:47.066  1846 16629 V BackupManagerService: [UserID:0] Released wakelock:*backup*-0-3233
06-10 22:35:47.066  1846  1846 V BackupManagerConstants: getFullBackupIntervalMilliseconds(...) returns 86400000
06-10 22:35:47.066  1846  1846 V BackupManagerConstants: getKeyValueBackupIntervalMilliseconds(...) returns 14400000
06-10 22:35:47.066  1846  1846 I BackupManagerService: [UserID:0] Beginning scheduled full backup operation
06-10 22:35:47.067  1846  1846 D PFTBT   : backupmanager pftbt token=1d1b07c7
06-10 22:35:47.067  1846  1846 V BackupManagerService: [UserID:0] Acquired wakelock:*backup*-0-3233
06-10 22:35:47.076  1846  1846 I TransportClient: BackupTransportService#98: Notifying [PFTBT.run()] transport = IBackupTransport
06-10 22:35:47.076  1846 16631 I PFTBT   : Initiating full-data transport backup of com.google.android.apps.wearables.maestro.companion token: 488310727
06-10 22:35:47.079  1846  7514 D BackupTransportManager: Transport com.google.android.gms/.backup.BackupTransportService updated its attributes
06-10 22:35:47.123  1846 16631 I PFTBT   : Transport rejected backup of com.google.android.apps.wearables.maestro.companion, skipping
06-10 22:35:47.123  1846 16631 I PFTBT   : Unbinding agent in com.google.android.apps.wearables.maestro.companion
06-10 22:35:47.123  1846 16631 W ActivityManager: Unbinding backup agent with no active backup
06-10 22:35:47.123  1846 16631 I PFTBT   : Full backup completed with status: 0
06-10 22:35:47.164  1846 16631 V BackupManagerConstants: getFullBackupIntervalMilliseconds(...) returns 86400000
06-10 22:35:47.164  1846 16631 V BackupManagerConstants: getFullBackupRequiredNetworkType(...) returns 2
06-10 22:35:47.164  1846 16631 V BackupManagerConstants: getFullBackupRequireCharging(...) returns true
06-10 22:35:47.167  1846 16631 I PFTBT   : Full data backup pass finished.
06-10 22:35:47.167  1846 16631 V BackupManagerService: [UserID:0] Released wakelock:*backup*-0-3233
06-10 22:35:47.167  1846  1846 V BackupManagerConstants: getFullBackupIntervalMilliseconds(...) returns 86400000
06-10 22:35:47.167  1846  1846 V BackupManagerConstants: getKeyValueBackupIntervalMilliseconds(...) returns 14400000
06-10 22:35:47.167  1846  1846 I BackupManagerService: [UserID:0] Beginning scheduled full backup operation
06-10 22:35:47.168  1846  1846 D PFTBT   : backupmanager pftbt token=74e94ec9
06-10 22:35:47.168  1846  1846 V BackupManagerService: [UserID:0] Acquired wakelock:*backup*-0-3233
06-10 22:35:47.184  1846  1846 I TransportClient: BackupTransportService#99: Notifying [PFTBT.run()] transport = IBackupTransport
06-10 22:35:47.184  1846 16632 I PFTBT   : Initiating full-data transport backup of com.google.android.wifi.resources token: 1961447113
06-10 22:35:47.188  1846  3973 D BackupTransportManager: Transport com.google.android.gms/.backup.BackupTransportService updated its attributes
06-10 22:35:47.320  1846 16632 I PFTBT   : Transport rejected backup of com.google.android.wifi.resources, skipping
