06-10 22:35:47.320  1846 16632 I PFTBT   : Unbinding agent in com.google.android.wifi.resources
06-10 22:35:47.320  1846 16632 W ActivityManager: Unbinding backup agent with no active backup
06-10 22:35:47.320  1846 16632 I PFTBT   : Full backup completed with status: 0
06-10 22:35:47.397  1846 16632 V BackupManagerConstants: getFullBackupIntervalMilliseconds(...) returns 86400000
06-10 22:35:47.397  1846 16632 V BackupManagerConstants: getFullBackupRequiredNetworkType(...) returns 2
06-10 22:35:47.397  1846 16632 V BackupManagerConstants: getFullBackupRequireCharging(...) returns true
06-10 22:35:47.399  1846 16632 I PFTBT   : Full data backup pass finished.
06-10 22:35:47.400  1846 16632 V BackupManagerService: [UserID:0] Released wakelock:*backup*-0-3233
06-10 22:35:47.400  1846  1846 V BackupManagerConstants: getFullBackupIntervalMilliseconds(...) returns 86400000
06-10 22:35:47.400  1846  1846 V BackupManagerConstants: getKeyValueBackupIntervalMilliseconds(...) returns 14400000
06-10 22:35:47.400  1846  1846 I BackupManagerService: [UserID:0] Beginning scheduled full backup operation
06-10 22:35:47.400  1846  1846 D PFTBT   : backupmanager pftbt token=68c866cb
06-10 22:35:47.400  1846  1846 V BackupManagerService: [UserID:0] Acquired wakelock:*backup*-0-3233
06-10 22:35:47.411  1846  1846 I TransportClient: BackupTransportService#100: Notifying [PFTBT.run()] transport = IBackupTransport
06-10 22:35:47.411  1846 16634 I PFTBT   : Initiating full-data transport backup of com.android.nfc.auto_generated_rro_vendor__ token: 1757963979
06-10 22:35:47.418  1846  7514 D BackupTransportManager: Transport com.google.android.gms/.backup.BackupTransportService updated its attributes
06-10 22:35:47.470  1846 16634 I PFTBT   : Transport rejected backup of com.android.nfc.auto_generated_rro_vendor__, skipping
06-10 22:35:47.471  1846 16634 I PFTBT   : Unbinding agent in com.android.nfc.auto_generated_rro_vendor__
06-10 22:35:47.471  1846 16634 W ActivityManager: Unbinding backup agent with no active backup
06-10 22:35:47.471  1846 16634 I PFTBT   : Full backup completed with status: 0
06-10 22:35:47.475  1846 16634 V BackupManagerConstants: getFullBackupIntervalMilliseconds(...) returns 86400000
06-10 22:35:47.475  1846 16634 V BackupManagerConstants: getFullBackupRequiredNetworkType(...) returns 2
06-10 22:35:47.475  1846 16634 V BackupManagerConstants: getFullBackupRequireCharging(...) returns true
06-10 22:35:47.477  1846 16634 I PFTBT   : Full data backup pass finished.
06-10 22:35:47.477  1846 16634 V BackupManagerService: [UserID:0] Released wakelock:*backup*-0-3233
06-10 22:35:47.478  1846  1846 V BackupManagerConstants: getFullBackupIntervalMilliseconds(...) returns 86400000
06-10 22:35:47.478  1846  1846 V BackupManagerConstants: getKeyValueBackupIntervalMilliseconds(...) returns 14400000
06-10 22:35:47.478  1846  1846 I BackupManagerService: [UserID:0] Beginning scheduled full backup operation
06-10 22:35:47.478  1846  1846 D PFTBT   : backupmanager pftbt token=1dbd3ecd
06-10 22:35:47.478  1846  1846 V BackupManagerService: [UserID:0] Acquired wakelock:*backup*-0-3233
06-10 22:35:47.488  1846  1846 I TransportClient: BackupTransportService#101: Notifying [PFTBT.run()] transport = IBackupTransport
06-10 22:35:47.488  1846 16635 I PFTBT   : Initiating full-data transport backup of com.android.wallpaperbackup token: 498941645
06-10 22:35:47.492  1846  2879 D BackupTransportManager: Transport com.google.android.gms/.backup.BackupTransportService updated its attributes
06-10 22:35:47.550  1846 16637 D BackupManagerService: [UserID:0] awaiting agent for ApplicationInfo{78548a3 com.android.wallpaperbackup}
06-10 22:35:47.575  1846  1846 D BackupManagerService: [UserID:0] agentConnected pkg=com.android.wallpaperbackup agent=android.app.backup.BackupAgent$BackupServiceBinder@4ed35df
06-10 22:35:47.575  1846 16637 I BackupManagerService: [UserID:0] got agent android.app.backup.BackupAgent$BackupServiceBinder@4ed35df
06-10 22:35:47.591  1846 16637 W WallpaperBackup: Not backing up wallpaper as one of conditions is not met: sysEligible = true wallpaperFileExists = false
06-10 22:35:47.591  1846 16637 D WallpaperBackup: No lockscreen wallpaper set, add nothing to backup
06-10 22:35:47.593  1846 16646 I BackupRestoreController: Getting widget state for user: 0
06-10 22:35:47.593  1846 16646 D BackupManagerService: Calling doFullBackup() on com.android.wallpaperbackup
06-10 22:35:47.596  1846 16646 W WallpaperBackup: Not backing up wallpaper as one of conditions is not met: sysEligible = true wallpaperFileExists = false
06-10 22:35:47.596  1846 16646 D WallpaperBackup: No lockscreen wallpaper set, add nothing to backup
06-10 22:35:48.103  1846 16635 I PFTBT   : Transport suggested backoff=0
06-10 22:35:48.104  1846 16635 V BackupManagerConstants: getBackupFinishedNotificationReceivers(...) returns 
06-10 22:35:48.104  1846 16635 I PFTBT   : Unbinding agent in com.android.wallpaperbackup
06-10 22:35:48.109  1846 16635 W ActivityManager: Unbinding backup agent with no active backup
06-10 22:35:48.109  1846 16635 I PFTBT   : Full backup completed with status: 0
06-10 22:35:48.125  1846 16635 V BackupManagerConstants: getFullBackupIntervalMilliseconds(...) returns 86400000
06-10 22:35:48.125  1846 16635 V BackupManagerConstants: getFullBackupRequiredNetworkType(...) returns 2
06-10 22:35:48.125  1846 16635 V BackupManagerConstants: getFullBackupRequireCharging(...) returns true
06-10 22:35:48.130  1846 16635 I PFTBT   : Full data backup pass finished.
06-10 22:35:48.130  1846 16635 V BackupManagerService: [UserID:0] Released wakelock:*backup*-0-3233
06-10 22:35:48.131  1846  1846 V BackupManagerConstants: getFullBackupIntervalMilliseconds(...) returns 86400000
06-10 22:35:48.131  1846  1846 V BackupManagerConstants: getKeyValueBackupIntervalMilliseconds(...) returns 14400000
06-10 22:35:48.131  1846  1846 I BackupManagerService: [UserID:0] Beginning scheduled full backup operation
06-10 22:35:48.131  1846  1846 D PFTBT   : backupmanager pftbt token=78fcdfd0
06-10 22:35:48.131  1846  1846 V BackupManagerService: [UserID:0] Acquired wakelock:*backup*-0-3233
06-10 22:35:48.150  1846  1846 I TransportClient: BackupTransportService#102: Notifying [PFTBT.run()] transport = IBackupTransport
06-10 22:35:48.150  1846 16653 I PFTBT   : Initiating full-data transport backup of com.android.settings.auto_generated_rro_product__ token: 2029838288
06-10 22:35:48.156  1846  7514 D BackupTransportManager: Transport com.google.android.gms/.backup.BackupTransportService updated its attributes
06-10 22:35:48.221  1846 16653 I PFTBT   : Transport rejected backup of com.android.settings.auto_generated_rro_product__, skipping
06-10 22:35:48.221  1846 16653 I PFTBT   : Unbinding agent in com.android.settings.auto_generated_rro_product__
06-10 22:35:48.221  1846 16653 W ActivityManager: Unbinding backup agent with no active backup
06-10 22:35:48.221  1846 16653 I PFTBT   : Full backup completed with status: 0
06-10 22:35:48.290  1846 16653 V BackupManagerConstants: getFullBackupIntervalMilliseconds(...) returns 86400000
06-10 22:35:48.291  1846 16653 V BackupManagerConstants: getFullBackupRequiredNetworkType(...) returns 2
06-10 22:35:48.291  1846 16653 V BackupManagerConstants: getFullBackupRequireCharging(...) returns true
06-10 22:35:48.294  1846 16653 I PFTBT   : Full data backup pass finished.
06-10 22:35:48.295  1846 16653 V BackupManagerService: [UserID:0] Released wakelock:*backup*-0-3233
06-10 22:35:48.295  1846  1846 V BackupManagerConstants: getFullBackupIntervalMilliseconds(...) returns 86400000
06-10 22:35:48.295  1846  1846 V BackupManagerConstants: getKeyValueBackupIntervalMilliseconds(...) returns 14400000
06-10 22:35:48.295  1846  1846 I BackupManagerService: [UserID:0] Beginning scheduled full backup operation
06-10 22:35:48.295  1846  1846 D PFTBT   : backupmanager pftbt token=5abf78d2
06-10 22:35:48.295  1846  1846 V BackupManagerService: [UserID:0] Acquired wakelock:*backup*-0-3233
06-10 22:35:48.312  1846  1846 I TransportClient: BackupTransportService#103: Notifying [PFTBT.run()] transport = IBackupTransport
06-10 22:35:48.312  1846 16654 I PFTBT   : Initiating full-data transport backup of com.google.vr.apps.ornament token: 1522497746
06-10 22:35:48.317  1846  2879 D BackupTransportManager: Transport com.google.android.gms/.backup.BackupTransportService updated its attributes
06-10 22:35:48.379  1846 16654 I PFTBT   : Transport rejected backup of com.google.vr.apps.ornament, skipping
06-10 22:35:48.379  1846 16654 I PFTBT   : Unbinding agent in com.google.vr.apps.ornament
06-10 22:35:48.379  1846 16654 W ActivityManager: Unbinding backup agent with no active backup
06-10 22:35:48.379  1846 16654 I PFTBT   : Full backup completed with status: 0
06-10 22:35:48.411  1846 16654 V BackupManagerConstants: getFullBackupIntervalMilliseconds(...) returns 86400000
06-10 22:35:48.411  1846 16654 V BackupManagerConstants: getFullBackupRequiredNetworkType(...) returns 2
06-10 22:35:48.411  1846 16654 V BackupManagerConstants: getFullBackupRequireCharging(...) returns true
06-10 22:35:48.416  1846 16654 I PFTBT   : Full data backup pass finished.
06-10 22:35:48.417  1846 16654 V BackupManagerService: [UserID:0] Released wakelock:*backup*-0-3233
06-10 22:35:48.417  1846  1846 V BackupManagerConstants: getFullBackupIntervalMilliseconds(...) returns 86400000
06-10 22:35:48.417  1846  1846 V BackupManagerConstants: getKeyValueBackupIntervalMilliseconds(...) returns 14400000
06-10 22:35:48.417  1846  1846 I BackupManagerService: [UserID:0] Beginning scheduled full backup operation
06-10 22:35:48.420  1846  1846 D PFTBT   : backupmanager pftbt token=500559d4
06-10 22:35:48.421  1846  1846 V BackupManagerService: [UserID:0] Acquired wakelock:*backup*-0-3233
06-10 22:35:48.438  1846  1846 I TransportClient: BackupTransportService#104: Notifying [PFTBT.run()] transport = IBackupTransport
06-10 22:35:48.439  1846 16656 I PFTBT   : Initiating full-data transport backup of com.android.emergency token: 1342527956
06-10 22:35:48.441  1846  2879 D BackupTransportManager: Transport com.google.android.gms/.backup.BackupTransportService updated its attributes
06-10 22:35:48.490  1846 16656 I PFTBT   : Transport rejected backup of com.android.emergency, skipping
06-10 22:35:48.490  1846 16656 I PFTBT   : Unbinding agent in com.android.emergency
06-10 22:35:48.494  1846 16656 W ActivityManager: Unbinding backup agent with no active backup
06-10 22:35:48.494  1846 16656 I PFTBT   : Full backup completed with status: 0
06-10 22:35:48.498  1846 16656 V BackupManagerConstants: getFullBackupIntervalMilliseconds(...) returns 86400000
06-10 22:35:48.498  1846 16656 V BackupManagerConstants: getFullBackupRequiredNetworkType(...) returns 2
06-10 22:35:48.498  1846 16656 V BackupManagerConstants: getFullBackupRequireCharging(...) returns true
06-10 22:35:48.508  1846 16656 I PFTBT   : Full data backup pass finished.
06-10 22:35:48.509  1846 16656 V BackupManagerService: [UserID:0] Released wakelock:*backup*-0-3233
06-10 22:35:48.510  1846  1846 V BackupManagerConstants: getFullBackupIntervalMilliseconds(...) returns 86400000
06-10 22:35:48.510  1846  1846 V BackupManagerConstants: getKeyValueBackupIntervalMilliseconds(...) returns 14400000
06-10 22:35:48.511  1846  1846 I BackupManagerService: [UserID:0] Beginning scheduled full backup operation
06-10 22:35:48.511  1846  1846 D PFTBT   : backupmanager pftbt token=790450d6
06-10 22:35:48.511  1846  1846 V BackupManagerService: [UserID:0] Acquired wakelock:*backup*-0-3233
06-10 22:35:48.525  1846  1846 I TransportClient: BackupTransportService#105: Notifying [PFTBT.run()] transport = IBackupTransport
06-10 22:35:48.525  1846 16658 I PFTBT   : Initiating full-data transport backup of com.android.captiveportallogin.overlay token: 2030325974
06-10 22:35:48.529  1846  2879 D BackupTransportManager: Transport com.google.android.gms/.backup.BackupTransportService updated its attributes
06-10 22:35:48.570  1846 16658 I PFTBT   : Transport rejected backup of com.android.captiveportallogin.overlay, skipping
06-10 22:35:48.570  1846 16658 I PFTBT   : Unbinding agent in com.android.captiveportallogin.overlay
06-10 22:35:48.570  1846 16658 W ActivityManager: Unbinding backup agent with no active backup
06-10 22:35:48.570  1846 16658 I PFTBT   : Full backup completed with status: 0
06-10 22:35:48.574  1846 16658 V BackupManagerConstants: getFullBackupIntervalMilliseconds(...) returns 86400000
06-10 22:35:48.574  1846 16658 V BackupManagerConstants: getFullBackupRequiredNetworkType(...) returns 2
06-10 22:35:48.574  1846 16658 V BackupManagerConstants: getFullBackupRequireCharging(...) returns true
06-10 22:35:48.576  1846 16658 I PFTBT   : Full data backup pass finished.
06-10 22:35:48.576  1846  1846 V BackupManagerConstants: getFullBackupIntervalMilliseconds(...) returns 86400000
06-10 22:35:48.576  1846  1846 V BackupManagerConstants: getKeyValueBackupIntervalMilliseconds(...) returns 14400000
06-10 22:35:48.576  1846  1846 I BackupManagerService: [UserID:0] Beginning scheduled full backup operation
06-10 22:35:48.577  1846 16658 V BackupManagerService: [UserID:0] Released wakelock:*backup*-0-3233
06-10 22:35:48.577  1846  1846 D PFTBT   : backupmanager pftbt token=7123c2d8
06-10 22:35:48.577  1846  1846 V BackupManagerService: [UserID:0] Acquired wakelock:*backup*-0-3233
06-10 22:35:48.587  1846  1846 I TransportClient: BackupTransportService#106: Notifying [PFTBT.run()] transport = IBackupTransport
06-10 22:35:48.588  1846 16659 I PFTBT   : Initiating full-data transport backup of com.android.internal.systemui.navbar.gestural token: 1898169048
06-10 22:35:48.594  1846  3973 D BackupTransportManager: Transport com.google.android.gms/.backup.BackupTransportService updated its attributes
06-10 22:35:48.656  1846 16659 I PFTBT   : Transport rejected backup of com.android.internal.systemui.navbar.gestural, skipping
06-10 22:35:48.656  1846 16659 I PFTBT   : Unbinding agent in com.android.internal.systemui.navbar.gestural
06-10 22:35:48.656  1846 16659 W ActivityManager: Unbinding backup agent with no active backup
06-10 22:35:48.657  1846 16659 I PFTBT   : Full backup completed with status: 0
06-10 22:35:48.658  1846 16659 V BackupManagerConstants: getFullBackupIntervalMilliseconds(...) returns 86400000
06-10 22:35:48.658  1846 16659 V BackupManagerConstants: getFullBackupRequiredNetworkType(...) returns 2
06-10 22:35:48.658  1846 16659 V BackupManagerConstants: getFullBackupRequireCharging(...) returns true
06-10 22:35:48.661  1846 16659 I PFTBT   : Full data backup pass finished.
06-10 22:35:48.661  1846 16659 V BackupManagerService: [UserID:0] Released wakelock:*backup*-0-3233
06-10 22:35:48.663  1846  1846 V BackupManagerConstants: getFullBackupIntervalMilliseconds(...) returns 86400000
06-10 22:35:48.663  1846  1846 V BackupManagerConstants: getKeyValueBackupIntervalMilliseconds(...) returns 14400000
06-10 22:35:48.663  1846  1846 I BackupManagerService: [UserID:0] Beginning scheduled full backup operation
06-10 22:35:48.665  1846  1846 D PFTBT   : backupmanager pftbt token=3a85e1da
06-10 22:35:48.665  1846  1846 V BackupManagerService: [UserID:0] Acquired wakelock:*backup*-0-3233
06-10 22:35:48.680  1846  1846 I TransportClient: BackupTransportService#107: Notifying [PFTBT.run()] transport = IBackupTransport
06-10 22:35:48.680  1846 16660 I PFTBT   : Initiating full-data transport backup of com.android.bluetoothmidiservice token: 981852634
06-10 22:35:48.683  1846  3973 D BackupTransportManager: Transport com.google.android.gms/.backup.BackupTransportService updated its attributes
06-10 22:35:48.765  1846 16660 I PFTBT   : Transport rejected backup of com.android.bluetoothmidiservice, skipping
06-10 22:35:48.765  1846 16660 I PFTBT   : Unbinding agent in com.android.bluetoothmidiservice
06-10 22:35:48.765  1846 16660 W ActivityManager: Unbinding backup agent with no active backup
06-10 22:35:48.765  1846 16660 I PFTBT   : Full backup completed with status: 0
06-10 22:35:48.813  1846 16660 V BackupManagerConstants: getFullBackupIntervalMilliseconds(...) returns 86400000
06-10 22:35:48.813  1846 16660 V BackupManagerConstants: getFullBackupRequiredNetworkType(...) returns 2
06-10 22:35:48.814  1846 16660 V BackupManagerConstants: getFullBackupRequireCharging(...) returns true
06-10 22:35:48.821  1846 16660 I PFTBT   : Full data backup pass finished.
06-10 22:35:48.821  1846 16660 V BackupManagerService: [UserID:0] Released wakelock:*backup*-0-3233
06-10 22:35:48.822  1846  1846 V BackupManagerConstants: getFullBackupIntervalMilliseconds(...) returns 86400000
06-10 22:35:48.822  1846  1846 V BackupManagerConstants: getKeyValueBackupIntervalMilliseconds(...) returns 14400000
06-10 22:35:48.822  1846  1846 I BackupManagerService: [UserID:0] Beginning scheduled full backup operation
06-10 22:35:48.822  1846  1846 D PFTBT   : backupmanager pftbt token=6247e8dc
06-10 22:35:48.823  1846  1846 V BackupManagerService: [UserID:0] Acquired wakelock:*backup*-0-3233
06-10 22:35:48.836  1846  1846 I TransportClient: BackupTransportService#108: Notifying [PFTBT.run()] transport = IBackupTransport
06-10 22:35:48.837  1846 16661 I PFTBT   : Initiating full-data transport backup of com.android.traceur token: 1648879836
06-10 22:35:48.843  1846  3973 D BackupTransportManager: Transport com.google.android.gms/.backup.BackupTransportService updated its attributes
06-10 22:35:48.897  1846 16661 I PFTBT   : Transport rejected backup of com.android.traceur, skipping
06-10 22:35:48.897  1846 16661 I PFTBT   : Unbinding agent in com.android.traceur
06-10 22:35:48.898  1846 16661 W ActivityManager: Unbinding backup agent with no active backup
06-10 22:35:48.898  1846 16661 I PFTBT   : Full backup completed with status: 0
06-10 22:35:48.903  1846 16661 V BackupManagerConstants: getFullBackupIntervalMilliseconds(...) returns 86400000
06-10 22:35:48.903  1846 16661 V BackupManagerConstants: getFullBackupRequiredNetworkType(...) returns 2
06-10 22:35:48.903  1846 16661 V BackupManagerConstants: getFullBackupRequireCharging(...) returns true
06-10 22:35:48.908  1846 16661 I PFTBT   : Full data backup pass finished.
06-10 22:35:48.908  1846 16661 V BackupManagerService: [UserID:0] Released wakelock:*backup*-0-3233
06-10 22:35:48.909  1846  1846 V BackupManagerConstants: getFullBackupIntervalMilliseconds(...) returns 86400000
06-10 22:35:48.909  1846  1846 V BackupManagerConstants: getKeyValueBackupIntervalMilliseconds(...) returns 14400000
06-10 22:35:48.909  1846  1846 I BackupManagerService: [UserID:0] Beginning scheduled full backup operation
06-10 22:35:48.909  1846  1846 D PFTBT   : backupmanager pftbt token=794658de
06-10 22:35:48.910  1846  1846 V BackupManagerService: [UserID:0] Acquired wakelock:*backup*-0-3233
06-10 22:35:48.929  1846  1846 I TransportClient: BackupTransportService#109: Notifying [PFTBT.run()] transport = IBackupTransport
06-10 22:35:48.929  1846 16662 I PFTBT   : Initiating full-data transport backup of com.android.phone.auto_generated_rro_product__ token: 2034653406
06-10 22:35:48.932  1846  2879 D BackupTransportManager: Transport com.google.android.gms/.backup.BackupTransportService updated its attributes
06-10 22:35:48.964  1846 16662 I PFTBT   : Transport rejected backup of com.android.phone.auto_generated_rro_product__, skipping
06-10 22:35:48.964  1846 16662 I PFTBT   : Unbinding agent in com.android.phone.auto_generated_rro_product__
06-10 22:35:48.971  1846 16662 W ActivityManager: Unbinding backup agent with no active backup
06-10 22:35:48.971  1846 16662 I PFTBT   : Full backup completed with status: 0
06-10 22:35:48.972  1846 16662 V BackupManagerConstants: getFullBackupIntervalMilliseconds(...) returns 86400000
06-10 22:35:48.972  1846 16662 V BackupManagerConstants: getFullBackupRequiredNetworkType(...) returns 2
06-10 22:35:48.973  1846 16662 V BackupManagerConstants: getFullBackupRequireCharging(...) returns true
06-10 22:35:48.978  1846 16662 I PFTBT   : Full data backup pass finished.
06-10 22:35:48.978  1846 16662 V BackupManagerService: [UserID:0] Released wakelock:*backup*-0-3233
06-10 22:35:48.979  1846  1846 V BackupManagerConstants: getFullBackupIntervalMilliseconds(...) returns 86400000
06-10 22:35:48.979  1846  1846 V BackupManagerConstants: getKeyValueBackupIntervalMilliseconds(...) returns 14400000
06-10 22:35:48.979  1846  1846 I BackupManagerService: [UserID:0] Beginning scheduled full backup operation
06-10 22:35:48.980  1846  1846 D PFTBT   : backupmanager pftbt token=4554aee0
06-10 22:35:48.980  1846  1846 V BackupManagerService: [UserID:0] Acquired wakelock:*backup*-0-3233
06-10 22:35:48.994  1846  1846 I TransportClient: BackupTransportService#110: Notifying [PFTBT.run()] transport = IBackupTransport
06-10 22:35:48.994  1846 16663 I PFTBT   : Initiating full-data transport backup of android.auto_generated_rro_product__ token: 1163177696
06-10 22:35:48.999  1846  3971 D BackupTransportManager: Transport com.google.android.gms/.backup.BackupTransportService updated its attributes
06-10 22:35:49.038  2352  2806 D PowerUI : can't show warning due to - plugged: true status unknown: false
06-10 22:35:49.107  1846 16665 D CompatibilityChangeReporter: Compat change id reported: 135634846; UID 10033; state: DISABLED
06-10 22:35:49.107  1846 16665 D CompatibilityChangeReporter: Compat change id reported: 177438394; UID 10033; state: DISABLED
06-10 22:35:49.107  1846 16665 D CompatibilityChangeReporter: Compat change id reported: 135772972; UID 10033; state: DISABLED
06-10 22:35:49.107  1846 16665 D CompatibilityChangeReporter: Compat change id reported: 135754954; UID 10033; state: ENABLED
06-10 22:35:49.107  1846  1931 D CompatibilityChangeReporter: Compat change id reported: 143937733; UID 10033; state: ENABLED
06-10 22:35:49.107  1846 16665 D BackupManagerService: [UserID:0] awaiting agent for ApplicationInfo{2e4f109 android.auto_generated_rro_product__}
06-10 22:35:49.115  1846  1931 I ActivityManager: Start proc 16666:android.auto_generated_rro_product__/u0a33 for backup {android/FullBackupAgent}
06-10 22:35:49.152  1846  7514 D CompatibilityChangeReporter: Compat change id reported: 168419799; UID 10033; state: DISABLED
06-10 22:35:49.198  1846  7514 D BackupManagerService: [UserID:0] agentConnected pkg=android.auto_generated_rro_product__ agent=android.os.BinderProxy@8a86a3
06-10 22:35:49.198  1846 16665 I BackupManagerService: [UserID:0] got agent android.app.IBackupAgent$Stub$Proxy@5132da0
06-10 22:35:49.227  1846 16663 W PFTBT   : Error -1002 backing up android.auto_generated_rro_product__
06-10 22:35:49.229  1846 16663 I PFTBT   : Transport suggested backoff=0
06-10 22:35:49.229  1846 16663 I PFTBT   : Transport rejected backup of android.auto_generated_rro_product__, skipping
06-10 22:35:49.229  1846 16663 I PFTBT   : Unbinding agent in android.auto_generated_rro_product__
06-10 22:35:49.229  1846 16663 W ActivityManager: Unbinding backup agent with no active backup
06-10 22:35:49.229  1846 16663 I PFTBT   : Full backup completed with status: 0
06-10 22:35:49.244  1846  2879 I ActivityManager: Process android.auto_generated_rro_product__ (pid 16666) has died: bkup TRNB
06-10 22:35:49.266  1846 16663 V BackupManagerConstants: getFullBackupIntervalMilliseconds(...) returns 86400000
06-10 22:35:49.266  1846 16663 V BackupManagerConstants: getFullBackupRequiredNetworkType(...) returns 2
06-10 22:35:49.266  1846 16663 V BackupManagerConstants: getFullBackupRequireCharging(...) returns true
06-10 22:35:49.270  1846 16663 I PFTBT   : Full data backup pass finished.
06-10 22:35:49.270  1846 16663 V BackupManagerService: [UserID:0] Released wakelock:*backup*-0-3233
06-10 22:35:49.271  1846  1846 V BackupManagerConstants: getFullBackupIntervalMilliseconds(...) returns 86400000
06-10 22:35:49.271  1846  1846 V BackupManagerConstants: getKeyValueBackupIntervalMilliseconds(...) returns 14400000
06-10 22:35:49.271  1846  1846 I BackupManagerService: [UserID:0] Beginning scheduled full backup operation
06-10 22:35:49.271  1846  1846 D PFTBT   : backupmanager pftbt token=195a7be3
06-10 22:35:49.272  1846  1846 V BackupManagerService: [UserID:0] Acquired wakelock:*backup*-0-3233
06-10 22:35:49.294  1846  1846 I TransportClient: BackupTransportService#111: Notifying [PFTBT.run()] transport = IBackupTransport
06-10 22:35:49.294  1846  2294 D BackupTransportManager: Transport com.google.android.gms/.backup.BackupTransportService updated its attributes
06-10 22:35:49.295  1846 16683 I PFTBT   : Initiating full-data transport backup of com.qualcomm.timeservice token: 425360355
06-10 22:35:49.342  1846  1846 D CompatibilityChangeReporter: Compat change id reported: 135634846; UID 10222; state: DISABLED
06-10 22:35:49.342  1846  1846 D CompatibilityChangeReporter: Compat change id reported: 177438394; UID 10222; state: DISABLED
06-10 22:35:49.342  1846  1846 D CompatibilityChangeReporter: Compat change id reported: 135772972; UID 10222; state: DISABLED
06-10 22:35:49.342  1846  1846 D CompatibilityChangeReporter: Compat change id reported: 135754954; UID 10222; state: ENABLED
06-10 22:35:49.342  1846  1931 D CompatibilityChangeReporter: Compat change id reported: 143937733; UID 10222; state: ENABLED
06-10 22:35:49.355  1846  1931 I ActivityManager: Start proc 16684:com.google.android.apps.youtube.music/u0a222 for service {com.google.android.apps.youtube.music/androidx.work.impl.background.systemjob.SystemJobService}
06-10 22:35:49.409  1846  2294 D CompatibilityChangeReporter: Compat change id reported: 168419799; UID 10222; state: DISABLED
06-10 22:35:49.432  1846 16700 D CompatibilityChangeReporter: Compat change id reported: 135634846; UID 10102; state: DISABLED
06-10 22:35:49.433  1846 16700 D CompatibilityChangeReporter: Compat change id reported: 177438394; UID 10102; state: DISABLED
06-10 22:35:49.433  1846 16700 D CompatibilityChangeReporter: Compat change id reported: 135772972; UID 10102; state: DISABLED
06-10 22:35:49.433  1846 16700 D CompatibilityChangeReporter: Compat change id reported: 135754954; UID 10102; state: ENABLED
06-10 22:35:49.433  1846 16700 D BackupManagerService: [UserID:0] awaiting agent for ApplicationInfo{8d174a6 com.qualcomm.timeservice}
06-10 22:35:49.433  1846  1931 D CompatibilityChangeReporter: Compat change id reported: 143937733; UID 10102; state: ENABLED
06-10 22:35:49.442  1846  1931 I ActivityManager: Start proc 16704:com.qualcomm.timeservice/u0a102 for backup {android/FullBackupAgent}
06-10 22:35:49.480  1846  2879 D CompatibilityChangeReporter: Compat change id reported: 168419799; UID 10102; state: DISABLED
06-10 22:35:49.583  1846  2294 D BackupManagerService: [UserID:0] agentConnected pkg=com.qualcomm.timeservice agent=android.os.BinderProxy@77d6c89
06-10 22:35:49.583  1846 16700 I BackupManagerService: [UserID:0] got agent android.app.IBackupAgent$Stub$Proxy@26f248e
06-10 22:35:49.629  1846 16683 W PFTBT   : Error -1002 backing up com.qualcomm.timeservice
06-10 22:35:49.631  1846 16683 I PFTBT   : Transport suggested backoff=0
06-10 22:35:49.632  1846 16683 I PFTBT   : Transport rejected backup of com.qualcomm.timeservice, skipping
06-10 22:35:49.632  1846 16683 I PFTBT   : Unbinding agent in com.qualcomm.timeservice
06-10 22:35:49.632  1846 16683 W ActivityManager: Unbinding backup agent with no active backup
06-10 22:35:49.632  1846 16683 I PFTBT   : Full backup completed with status: 0
06-10 22:35:49.642  1846 16683 V BackupManagerConstants: getFullBackupIntervalMilliseconds(...) returns 86400000
06-10 22:35:49.642  1846 16683 V BackupManagerConstants: getFullBackupRequiredNetworkType(...) returns 2
06-10 22:35:49.642  1846 16683 V BackupManagerConstants: getFullBackupRequireCharging(...) returns true
06-10 22:35:49.650  1846  1846 V BackupManagerConstants: getFullBackupIntervalMilliseconds(...) returns 86400000
06-10 22:35:49.650  1846  1846 V BackupManagerConstants: getKeyValueBackupIntervalMilliseconds(...) returns 14400000
06-10 22:35:49.650  1846  1846 I BackupManagerService: [UserID:0] Beginning scheduled full backup operation
06-10 22:35:49.651  1846  1846 D PFTBT   : backupmanager pftbt token=35a167e6
06-10 22:35:49.652  1846  1846 V BackupManagerService: [UserID:0] Acquired wakelock:*backup*-0-3233
06-10 22:35:49.652  1846 16683 I PFTBT   : Full data backup pass finished.
06-10 22:35:49.652  1846 16683 V BackupManagerService: [UserID:0] Released wakelock:*backup*-0-3233
06-10 22:35:49.669  1846  1846 I TransportClient: BackupTransportService#112: Notifying [PFTBT.run()] transport = IBackupTransport
06-10 22:35:49.670  1846 16735 I PFTBT   : Initiating full-data transport backup of com.qualcomm.atfwd token: 899770342
06-10 22:35:49.672  1846  2879 D BackupTransportManager: Transport com.google.android.gms/.backup.BackupTransportService updated its attributes
06-10 22:35:49.698  1846  7514 I ActivityManager: Process com.qualcomm.timeservice (pid 16704) has died: bkup TRNB
06-10 22:35:49.776  1846 16753 D CompatibilityChangeReporter: Compat change id reported: 168419799; UID 10089; state: DISABLED
06-10 22:35:49.776  1846 16753 D BackupManagerService: [UserID:0] awaiting agent for ApplicationInfo{36cada2 com.qualcomm.atfwd}
06-10 22:35:49.783  1846  3973 D BackupManagerService: [UserID:0] agentConnected pkg=com.qualcomm.atfwd agent=android.os.BinderProxy@3444c14
06-10 22:35:49.783  1846 16753 I BackupManagerService: [UserID:0] got agent android.app.IBackupAgent$Stub$Proxy@ebaacbd
06-10 22:35:49.848  1846 16735 W PFTBT   : Error -1002 backing up com.qualcomm.atfwd
06-10 22:35:49.850  1846 16735 I PFTBT   : Transport suggested backoff=0
06-10 22:35:49.850  1846 16735 I PFTBT   : Transport rejected backup of com.qualcomm.atfwd, skipping
06-10 22:35:49.851  1846 16735 I PFTBT   : Unbinding agent in com.qualcomm.atfwd
06-10 22:35:49.851  1846 16735 W ActivityManager: Unbinding backup agent with no active backup
06-10 22:35:49.851  1846 16735 I PFTBT   : Full backup completed with status: 0
06-10 22:35:49.869  1846  3973 I ActivityManager: Process com.qualcomm.telephony (pid 8687) has died: bkup TRNB
06-10 22:35:49.869  1846 16735 V BackupManagerConstants: getFullBackupIntervalMilliseconds(...) returns 86400000
06-10 22:35:49.869  1846 16735 V BackupManagerConstants: getFullBackupRequiredNetworkType(...) returns 2
06-10 22:35:49.869  1846 16735 V BackupManagerConstants: getFullBackupRequireCharging(...) returns true
06-10 22:35:49.870  1846  3973 W ActivityManager: Scheduling restart of crashed service com.qualcomm.atfwd/.AtFwdService in 1000ms for start-requested
06-10 22:35:49.874  1846 16735 I PFTBT   : Full data backup pass finished.
06-10 22:35:49.874  1846 16735 V BackupManagerService: [UserID:0] Released wakelock:*backup*-0-3233
06-10 22:35:49.876  1846  1846 V BackupManagerConstants: getFullBackupIntervalMilliseconds(...) returns 86400000
06-10 22:35:49.876  1846  1846 V BackupManagerConstants: getKeyValueBackupIntervalMilliseconds(...) returns 14400000
06-10 22:35:49.876  1846  1846 I BackupManagerService: [UserID:0] Beginning scheduled full backup operation
06-10 22:35:49.876  1846  1846 D PFTBT   : backupmanager pftbt token=5dbd2e9
06-10 22:35:49.876  1846  1846 V BackupManagerService: [UserID:0] Acquired wakelock:*backup*-0-3233
06-10 22:35:49.892  1846  1846 I TransportClient: BackupTransportService#113: Notifying [PFTBT.run()] transport = IBackupTransport
06-10 22:35:49.893  1846 16776 I PFTBT   : Initiating full-data transport backup of com.android.internal.systemui.navbar.gestural_narrow_back token: 98292457
06-10 22:35:49.899  1846  2557 D BackupTransportManager: Transport com.google.android.gms/.backup.BackupTransportService updated its attributes
06-10 22:35:49.968  1846 16776 I PFTBT   : Transport rejected backup of com.android.internal.systemui.navbar.gestural_narrow_back, skipping
06-10 22:35:49.968  1846 16776 I PFTBT   : Unbinding agent in com.android.internal.systemui.navbar.gestural_narrow_back
06-10 22:35:49.970  1846 16776 W ActivityManager: Unbinding backup agent with no active backup
06-10 22:35:49.970  1846 16776 I PFTBT   : Full backup completed with status: 0
06-10 22:35:49.975  1846 16776 V BackupManagerConstants: getFullBackupIntervalMilliseconds(...) returns 86400000
06-10 22:35:49.975  1846 16776 V BackupManagerConstants: getFullBackupRequiredNetworkType(...) returns 2
06-10 22:35:49.976  1846 16776 V BackupManagerConstants: getFullBackupRequireCharging(...) returns true
06-10 22:35:49.979  1846 16776 I PFTBT   : Full data backup pass finished.
06-10 22:35:49.980  1846 16776 V BackupManagerService: [UserID:0] Released wakelock:*backup*-0-3233
06-10 22:35:49.980  1846  1846 V BackupManagerConstants: getFullBackupIntervalMilliseconds(...) returns 86400000
06-10 22:35:49.981  1846  1846 V BackupManagerConstants: getKeyValueBackupIntervalMilliseconds(...) returns 14400000
06-10 22:35:49.981  1846  1846 I BackupManagerService: [UserID:0] Beginning scheduled full backup operation
06-10 22:35:49.992  1846  1846 D PFTBT   : backupmanager pftbt token=325676eb
06-10 22:35:49.993  1846  1846 V BackupManagerService: [UserID:0] Acquired wakelock:*backup*-0-3233
06-10 22:35:50.011  1846  1846 I TransportClient: BackupTransportService#114: Notifying [PFTBT.run()] transport = IBackupTransport
06-10 22:35:50.012  1846 16790 I PFTBT   : Initiating full-data transport backup of android.auto_generated_rro_vendor__ token: 844527339
06-10 22:35:50.013  1846  3973 D BackupTransportManager: Transport com.google.android.gms/.backup.BackupTransportService updated its attributes
06-10 22:35:50.329  1846 16807 D CompatibilityChangeReporter: Compat change id reported: 135634846; UID 10063; state: DISABLED
06-10 22:35:50.329  1846 16807 D CompatibilityChangeReporter: Compat change id reported: 177438394; UID 10063; state: DISABLED
06-10 22:35:50.329  1846 16807 D CompatibilityChangeReporter: Compat change id reported: 135772972; UID 10063; state: DISABLED
06-10 22:35:50.329  1846 16807 D CompatibilityChangeReporter: Compat change id reported: 135754954; UID 10063; state: ENABLED
06-10 22:35:50.329  1846 16807 D BackupManagerService: [UserID:0] awaiting agent for ApplicationInfo{a5c0a5 android.auto_generated_rro_vendor__}
06-10 22:35:50.330  1846  1931 D CompatibilityChangeReporter: Compat change id reported: 143937733; UID 10063; state: ENABLED
06-10 22:35:50.345  1846  1931 I ActivityManager: Start proc 16808:android.auto_generated_rro_vendor__/u0a63 for backup {android/FullBackupAgent}
06-10 22:35:50.385  1846  3975 D CompatibilityChangeReporter: Compat change id reported: 168419799; UID 10063; state: DISABLED
06-10 22:35:50.417  1846  1846 D CompatibilityChangeReporter: Compat change id reported: 175319604; UID 10193; state: DISABLED
06-10 22:35:50.451  1846  3975 D BackupManagerService: [UserID:0] agentConnected pkg=android.auto_generated_rro_vendor__ agent=android.os.BinderProxy@2e6bf8c
06-10 22:35:50.451  1846 16807 I BackupManagerService: [UserID:0] got agent android.app.IBackupAgent$Stub$Proxy@ce466d5
06-10 22:35:50.475  1846 16790 W PFTBT   : Error -1002 backing up android.auto_generated_rro_vendor__
06-10 22:35:50.477  1846 16790 I PFTBT   : Transport suggested backoff=0
06-10 22:35:50.477  1846 16790 I PFTBT   : Transport rejected backup of android.auto_generated_rro_vendor__, skipping
06-10 22:35:50.478  1846 16790 I PFTBT   : Unbinding agent in android.auto_generated_rro_vendor__
06-10 22:35:50.478  1846 16790 W ActivityManager: Unbinding backup agent with no active backup
06-10 22:35:50.478  1846 16790 I PFTBT   : Full backup completed with status: 0
06-10 22:35:50.486  1846 16790 V BackupManagerConstants: getFullBackupIntervalMilliseconds(...) returns 86400000
06-10 22:35:50.486  1846 16790 V BackupManagerConstants: getFullBackupRequiredNetworkType(...) returns 2
06-10 22:35:50.486  1846 16790 V BackupManagerConstants: getFullBackupRequireCharging(...) returns true
06-10 22:35:50.491  1846 16790 I PFTBT   : Full data backup pass finished.
06-10 22:35:50.492  1846 16790 V BackupManagerService: [UserID:0] Released wakelock:*backup*-0-3233
06-10 22:35:50.492  1846  1846 V BackupManagerConstants: getFullBackupIntervalMilliseconds(...) returns 86400000
06-10 22:35:50.492  1846  1846 V BackupManagerConstants: getKeyValueBackupIntervalMilliseconds(...) returns 14400000
06-10 22:35:50.492  1846  1846 I BackupManagerService: [UserID:0] Beginning scheduled full backup operation
06-10 22:35:50.492  1846  3975 I ActivityManager: Process android.auto_generated_rro_vendor__ (pid 16808) has died: bkup TRNB
06-10 22:35:50.493  1846  1846 D PFTBT   : backupmanager pftbt token=2ff5c5ee
06-10 22:35:50.493  1846  1846 V BackupManagerService: [UserID:0] Acquired wakelock:*backup*-0-3233
06-10 22:35:50.524  1846  1846 I TransportClient: BackupTransportService#115: Notifying [PFTBT.run()] transport = IBackupTransport
06-10 22:35:50.524  1846 16825 I PFTBT   : Initiating full-data transport backup of com.google.android.settings.intelligence token: 804636142
06-10 22:35:50.531  1846  3975 D BackupTransportManager: Transport com.google.android.gms/.backup.BackupTransportService updated its attributes
06-10 22:35:50.617  1846 16825 I PFTBT   : Transport rejected backup of com.google.android.settings.intelligence, skipping
06-10 22:35:50.618  1846 16825 I PFTBT   : Unbinding agent in com.google.android.settings.intelligence
06-10 22:35:50.621  1846 16825 W ActivityManager: Unbinding backup agent with no active backup
06-10 22:35:50.621  1846 16825 I PFTBT   : Full backup completed with status: 0
06-10 22:35:50.623  1846 16825 V BackupManagerConstants: getFullBackupIntervalMilliseconds(...) returns 86400000
06-10 22:35:50.623  1846 16825 V BackupManagerConstants: getFullBackupRequiredNetworkType(...) returns 2
06-10 22:35:50.623  1846 16825 V BackupManagerConstants: getFullBackupRequireCharging(...) returns true
06-10 22:35:50.625  1846 16825 I PFTBT   : Full data backup pass finished.
06-10 22:35:50.625  1846 16825 V BackupManagerService: [UserID:0] Released wakelock:*backup*-0-3233
06-10 22:35:50.625  1846  1846 V BackupManagerConstants: getFullBackupIntervalMilliseconds(...) returns 86400000
06-10 22:35:50.626  1846  1846 V BackupManagerConstants: getKeyValueBackupIntervalMilliseconds(...) returns 14400000
06-10 22:35:50.626  1846  1846 I BackupManagerService: [UserID:0] Beginning scheduled full backup operation
06-10 22:35:50.626  1846  1846 D PFTBT   : backupmanager pftbt token=2c83c4f0
06-10 22:35:50.626  1846  1846 V BackupManagerService: [UserID:0] Acquired wakelock:*backup*-0-3233
06-10 22:35:50.643  1846  1846 I TransportClient: BackupTransportService#116: Notifying [PFTBT.run()] transport = IBackupTransport
06-10 22:35:50.643  1846 16827 I PFTBT   : Initiating full-data transport backup of com.google.ar.core token: 746833136
06-10 22:35:50.653  1846  3975 D CompatibilityChangeReporter: Compat change id reported: 183164979; UID 10222; state: ENABLED
06-10 22:35:50.654  1846  3975 D BackupTransportManager: Transport com.google.android.gms/.backup.BackupTransportService updated its attributes
06-10 22:35:50.730  1846 16827 I PFTBT   : Transport rejected backup of com.google.ar.core, skipping
06-10 22:35:50.731  1846 16827 I PFTBT   : Unbinding agent in com.google.ar.core
06-10 22:35:50.731  1846 16827 W ActivityManager: Unbinding backup agent with no active backup
06-10 22:35:50.731  1846 16827 I PFTBT   : Full backup completed with status: 0
06-10 22:35:50.732  1846 16827 V BackupManagerConstants: getFullBackupIntervalMilliseconds(...) returns 86400000
06-10 22:35:50.732  1846 16827 V BackupManagerConstants: getFullBackupRequiredNetworkType(...) returns 2
06-10 22:35:50.732  1846 16827 V BackupManagerConstants: getFullBackupRequireCharging(...) returns true
06-10 22:35:50.737  1846 16827 I PFTBT   : Full data backup pass finished.
06-10 22:35:50.738  1846 16827 V BackupManagerService: [UserID:0] Released wakelock:*backup*-0-3233
06-10 22:35:50.740  1846  1846 V BackupManagerConstants: getFullBackupIntervalMilliseconds(...) returns 86400000
06-10 22:35:50.740  1846  1846 V BackupManagerConstants: getKeyValueBackupIntervalMilliseconds(...) returns 14400000
06-10 22:35:50.740  1846  1846 I BackupManagerService: [UserID:0] Beginning scheduled full backup operation
06-10 22:35:50.753  1846  1846 D PFTBT   : backupmanager pftbt token=50ce76f2
06-10 22:35:50.753  1846  1846 V BackupManagerService: [UserID:0] Acquired wakelock:*backup*-0-3233
06-10 22:35:50.768  1846  1846 I TransportClient: BackupTransportService#117: Notifying [PFTBT.run()] transport = IBackupTransport
06-10 22:35:50.769  1846 16830 I PFTBT   : Initiating full-data transport backup of com.google.mainline.telemetry token: 1355708146
06-10 22:35:50.778  1846  3975 D BackupTransportManager: Transport com.google.android.gms/.backup.BackupTransportService updated its attributes
06-10 22:35:50.839  1846 16830 I PFTBT   : Transport rejected backup of com.google.mainline.telemetry, skipping
06-10 22:35:50.839  1846 16830 I PFTBT   : Unbinding agent in com.google.mainline.telemetry
06-10 22:35:50.840  1846 16830 W ActivityManager: Unbinding backup agent with no active backup
06-10 22:35:50.840  1846 16830 I PFTBT   : Full backup completed with status: 0
06-10 22:35:50.865  1846 16830 V BackupManagerConstants: getFullBackupIntervalMilliseconds(...) returns 86400000
06-10 22:35:50.865  1846 16830 V BackupManagerConstants: getFullBackupRequiredNetworkType(...) returns 2
06-10 22:35:50.865  1846 16830 V BackupManagerConstants: getFullBackupRequireCharging(...) returns true
06-10 22:35:50.871  1846 16830 I PFTBT   : Full data backup pass finished.
06-10 22:35:50.872  1846 16830 V BackupManagerService: [UserID:0] Released wakelock:*backup*-0-3233
06-10 22:35:50.872  1846  1928 D CompatibilityChangeReporter: Compat change id reported: 135634846; UID 10089; state: DISABLED
06-10 22:35:50.873  1846  1928 D CompatibilityChangeReporter: Compat change id reported: 177438394; UID 10089; state: DISABLED
06-10 22:35:50.873  1846  1928 D CompatibilityChangeReporter: Compat change id reported: 135772972; UID 10089; state: DISABLED
06-10 22:35:50.873  1846  1928 D CompatibilityChangeReporter: Compat change id reported: 135754954; UID 10089; state: DISABLED
06-10 22:35:50.873  1846  1931 D CompatibilityChangeReporter: Compat change id reported: 143937733; UID 10089; state: DISABLED
06-10 22:35:50.874  1846  1846 V BackupManagerConstants: getFullBackupIntervalMilliseconds(...) returns 86400000
06-10 22:35:50.874  1846  1846 V BackupManagerConstants: getKeyValueBackupIntervalMilliseconds(...) returns 14400000
06-10 22:35:50.874  1846  1846 I BackupManagerService: [UserID:0] Beginning scheduled full backup operation
06-10 22:35:50.874  1846  1846 I BackupManagerService: [UserID:0] Full backup time but com.google.android.as.oss is busy; deferring to 2022-06-10 23:54:20
06-10 22:35:50.875  1846  1846 D PFTBT   : backupmanager pftbt token=2ba668f4
06-10 22:35:50.875  1846  1846 V BackupManagerService: [UserID:0] Acquired wakelock:*backup*-0-3233
06-10 22:35:50.898  1846  1931 I ActivityManager: Start proc 16836:com.qualcomm.telephony/u0a89 for service {com.qualcomm.atfwd/com.qualcomm.atfwd.AtFwdService}
06-10 22:35:50.902  1846  1846 I TransportClient: BackupTransportService#118: Notifying [PFTBT.run()] transport = IBackupTransport
06-10 22:35:50.902  1846 16834 I PFTBT   : Initiating full-data transport backup of com.google.android.calculator token: 732326132
06-10 22:35:50.908  1846  3975 D BackupTransportManager: Transport com.google.android.gms/.backup.BackupTransportService updated its attributes
06-10 22:35:50.970  1846  1948 E KernelCpuUidUserSysTimeReader: Negative user/sys time delta for UID=10217
06-10 22:35:50.970  1846  1948 E KernelCpuUidUserSysTimeReader: Prev times: u=5690000 s=1807000 Curr times: u=5547000 s=1667000
06-10 22:35:51.049  1846 16859 D CompatibilityChangeReporter: Compat change id reported: 135634846; UID 10175; state: DISABLED
06-10 22:35:51.049  1846 16859 D CompatibilityChangeReporter: Compat change id reported: 177438394; UID 10175; state: DISABLED
06-10 22:35:51.049  1846 16859 D CompatibilityChangeReporter: Compat change id reported: 135772972; UID 10175; state: DISABLED
06-10 22:35:51.049  1846 16859 D CompatibilityChangeReporter: Compat change id reported: 135754954; UID 10175; state: ENABLED
06-10 22:35:51.049  1846  1931 D CompatibilityChangeReporter: Compat change id reported: 143937733; UID 10175; state: ENABLED
06-10 22:35:51.052  1846 16859 D BackupManagerService: [UserID:0] awaiting agent for ApplicationInfo{642ac58 com.google.android.calculator}
06-10 22:35:51.063  1846  1931 I ActivityManager: Start proc 16860:com.google.android.calculator/u0a175 for backup {android/FullBackupAgent}
06-10 22:35:51.101  1846  3975 D CompatibilityChangeReporter: Compat change id reported: 168419799; UID 10175; state: DISABLED
06-10 22:35:51.180  1846  3973 D BackupManagerService: [UserID:0] agentConnected pkg=com.google.android.calculator agent=android.os.BinderProxy@4a99e2c
06-10 22:35:51.181  1846 16859 I BackupManagerService: [UserID:0] got agent android.app.IBackupAgent$Stub$Proxy@c71f0f5
06-10 22:35:51.206  1846 16834 W PFTBT   : Error -1002 backing up com.google.android.calculator
06-10 22:35:51.207  1846 16834 I PFTBT   : Transport suggested backoff=0
06-10 22:35:51.207  1846 16834 I PFTBT   : Transport rejected backup of com.google.android.calculator, skipping
06-10 22:35:51.208  1846 16834 I PFTBT   : Unbinding agent in com.google.android.calculator
06-10 22:35:51.208  1846 16834 W ActivityManager: Unbinding backup agent with no active backup
06-10 22:35:51.208  1846 16834 I PFTBT   : Full backup completed with status: 0
06-10 22:35:51.212  1846 16834 V BackupManagerConstants: getFullBackupIntervalMilliseconds(...) returns 86400000
06-10 22:35:51.212  1846 16834 V BackupManagerConstants: getFullBackupRequiredNetworkType(...) returns 2
06-10 22:35:51.212  1846 16834 V BackupManagerConstants: getFullBackupRequireCharging(...) returns true
06-10 22:35:51.216  1846 16834 I PFTBT   : Full data backup pass finished.
06-10 22:35:51.217  1846 16834 V BackupManagerService: [UserID:0] Released wakelock:*backup*-0-3233
06-10 22:35:51.252  1846  3971 I ActivityManager: Process com.google.android.calculator (pid 16860) has died: bkup TRNB
06-10 22:35:51.833  1846  3971 I ActivityManager: Killing 13404:com.google.android.contacts/u0a184 (adj 975): empty #33
06-10 22:35:52.557  1846  1957 E VerityUtils: Failed to measure fs-verity, errno 1: /data/app/~~SosWo7dp4O4OlU2ECwxEGQ==/com.google.android.apps.youtube.music-qdIsUKeS2d1P2beo3llyAg==/base.apk
06-10 22:35:56.313  1846 13667 I BackgroundDexOptService: Pinning optimized code {com.google.android.networkstack.tethering, com.google.android.youtube, com.vzw.apnlib, com.google.android.ext.services, com.toysoft.babyfirst, com.android.providers.telephony, com.android.sdm.plugins.connmo, com.google.android.googlequicksearchbox}
06-10 22:35:56.314  1846 13667 W BackgroundDexOptService: Idle optimizations aborted by thermal throttling.
06-10 22:35:58.043  1846  4063 I ActivityManager: Killing 15240:com.google.android.marvin.talkback/u0a181 (adj 975): empty #33
06-10 22:35:58.520  1846  4063 I ActivityManager: Killing 13196:com.google.android.apps.walletnfcrel/u0a221 (adj 975): empty #33
06-10 22:36:02.472  1846  3971 I ActivityManager: Killing 14643:com.google.android.apps.nbu.files/u0a169 (adj 975): empty #33
06-10 22:36:02.509  1846  3971 I ActivityManager: Killing 13243:com.google.android.apps.magazines/u0a220 (adj 985): empty #33
06-10 22:36:05.693  1846  3256 I ActivityManager: Background started FGS: Allowed [callingPackage: com.android.vending; callingUid: 10112; uidState: TRNB; intent: Intent { act=com.google.android.finsky.BIND_DOWNLOAD_SERVICE pkg=com.android.vending (has extras) }; code:BACKGROUND_ACTIVITY_PERMISSION; tempAllowListReason:<,reasonCode:SYSTEM_ALLOW_LISTED,duration:9223372036854775807,callingUid:-1>; targetSdkVersion:31; callerTargetSdkVersion:31; startForegroundCount:0; bindFromPackage:null]
06-10 22:36:05.943  1846  1846 W NotificationHistory: Attempted to add notif for locked/gone/disabled user 0
06-10 22:36:19.251  1846  1960 I PackageManager: Integrity check passed for file:///data/app/vmdl1508218587.tmp
06-10 22:36:19.305  1846  1960 W PackageParsing: No actions in intent-filter at /data/app/vmdl1508218587.tmp/base.apk Binary XML file line #2599
06-10 22:36:19.320  1846  1928 I ActivityManager: Force stopping com.google.android.projection.gearhead appid=10131 user=-1: installPackageLI
06-10 22:36:19.322  1846  1960 I PackageManager: Update system package com.google.android.projection.gearhead code path from /data/app/~~9XOW8NlKyxCkuT0hugc8Gg==/com.google.android.projection.gearhead-HB_06p5LQ149UpQSdYF7nQ== to /data/app/~~1ZfIwJO3l0ze2hzUiNfmhw==/com.google.android.projection.gearhead-3Nuq0zmALX17P7h0vjIO6A==; Retain data and using new
06-10 22:36:19.336  1846  1960 I PackageManager: Permission ownership changed. Updating all permissions.
06-10 22:36:21.366  1846  1960 I ActivityManager: Force stopping com.google.android.projection.gearhead appid=10131 user=0: pkg removed
06-10 22:36:21.383  1846  1928 W BroadcastQueue: Background execution not allowed: receiving Intent { act=android.intent.action.PACKAGE_REMOVED dat=package:com.google.android.projection.gearhead flg=0x4000010 (has extras) } to com.android.vending/com.google.android.finsky.packagemanager.impl.PackageMonitorReceiverImpl$RegisteredReceiver
06-10 22:36:21.383  1846  1928 W BroadcastQueue: Background execution not allowed: receiving Intent { act=android.intent.action.PACKAGE_REMOVED dat=package:com.google.android.projection.gearhead flg=0x4000010 (has extras) } to com.android.vending/com.google.android.finsky.instantapps.appmanagement.InstantAppRemoveMonitor
