06-10 22:49:23.788  1846  1954 I PowerManagerService: Powering off display group due to timeout (groupId= 0, uid= 1000)...
06-10 22:49:23.788  1846  1954 I PowerManagerService: Going to sleep due to timeout (uid 1000)...
06-10 22:49:23.844  1846  1954 V DisplayPowerController[0]: Brightness [0.13254383] reason changing to: 'automatic', previous reason: 'automatic [ dim ]'.
06-10 22:49:23.990  2352 10310 D PowerUI : can't show warning due to - plugged: true status unknown: false
06-10 22:49:24.266  1846  1954 I DisplayPowerController[0]: Blocking screen off
06-10 22:49:24.266  1846  1954 I DisplayPowerController[0]: Unblocked screen off after 0 ms
06-10 22:49:24.269  1846  1954 D ActivityTaskManager: Top Process State changed to PROCESS_STATE_TOP_SLEEPING
06-10 22:49:24.296  1846  1954 V DisplayPowerController[0]: Brightness [0.0] reason changing to: 'screen_off', previous reason: 'automatic'.
06-10 22:49:24.304  1846  1889 I DisplayDeviceRepository: Display device changed state: "Built-in Screen", OFF
06-10 22:49:24.445  1846  1954 I DreamManagerService: Entering dreamland.
06-10 22:49:24.450  1846  1954 I PowerManagerService: Dozing...
06-10 22:49:24.453  1846  1885 I DreamController: Starting dream: name=ComponentInfo{com.android.systemui/com.android.systemui.doze.DozeService}, isTest=false, canDoze=true, userId=0
06-10 22:49:24.635  1846  3256 W AppOps  : Noting op not finished: uid 10134 pkg com.google.android.gms code 113 startTime of in progress event=1654925805053
06-10 22:49:24.641  1846  3975 W AppOps  : Noting op not finished: uid 10134 pkg com.google.android.gms code 113 startTime of in progress event=1654925805053
06-10 22:49:24.652  1846  2294 W AppOps  : Noting op not finished: uid 10168 pkg com.google.android.gms.location.history code 79 startTime of in progress event=1654923614974
06-10 22:49:24.655  2352 10428 D PowerUI : can't show warning due to - plugged: true status unknown: false
06-10 22:49:34.901  2352 11268 D PowerUI : can't show warning due to - plugged: true status unknown: false
06-10 22:49:44.679  1846  2184 I ActivityManager: Killing 15255:com.google.android.apps.docs.editors.docs/u0a216 (adj 985): empty #33
06-10 22:49:45.755  1846  1928 D CompatibilityChangeReporter: Compat change id reported: 168419799; UID 10106; state: DISABLED
06-10 22:49:45.768  2352 11717 D PowerUI : can't show warning due to - plugged: true status unknown: false
06-10 22:49:49.042  2352  2806 D PowerUI : can't show warning due to - plugged: true status unknown: false
06-10 22:49:56.676  2352  2846 D PowerUI : can't show warning due to - plugged: true status unknown: false
06-10 22:50:07.535  2352  7846 D PowerUI : can't show warning due to - plugged: true status unknown: false
06-10 22:50:08.201  2352 10308 D PowerUI : can't show warning due to - plugged: true status unknown: false
06-10 22:50:17.367  2352 10310 D PowerUI : can't show warning due to - plugged: true status unknown: false
06-10 22:50:18.401  2352 10428 D PowerUI : can't show warning due to - plugged: true status unknown: false
06-10 22:50:19.096  2352 11268 D PowerUI : can't show warning due to - plugged: true status unknown: false
06-10 22:50:29.301  2352 11717 D PowerUI : can't show warning due to - plugged: true status unknown: false
06-10 22:50:29.917  2352  2806 D PowerUI : can't show warning due to - plugged: true status unknown: false
06-10 22:50:40.187  2352  2846 D PowerUI : can't show warning due to - plugged: true status unknown: false
06-10 22:50:44.658  1846  3975 D CompatibilityChangeReporter: Compat change id reported: 171306433; UID 10134; state: ENABLED
06-10 22:50:44.847  1846  6471 D CompatibilityChangeReporter: Compat change id reported: 171306433; UID 10130; state: ENABLED
06-10 22:50:44.892  1846  3975 D CompatibilityChangeReporter: Compat change id reported: 135634846; UID 10134; state: DISABLED
06-10 22:50:44.892  1846  3975 D CompatibilityChangeReporter: Compat change id reported: 177438394; UID 10134; state: DISABLED
06-10 22:50:44.892  1846  3975 D CompatibilityChangeReporter: Compat change id reported: 135772972; UID 10134; state: DISABLED
06-10 22:50:44.892  1846  3975 D CompatibilityChangeReporter: Compat change id reported: 135754954; UID 10134; state: ENABLED
06-10 22:50:44.893  1846  1931 D CompatibilityChangeReporter: Compat change id reported: 143937733; UID 10134; state: ENABLED
06-10 22:50:44.909  1846  1931 I ActivityManager: Start proc 20116:com.google.process.gapps/u0a134 for content provider {com.google.android.gsf/com.google.android.gsf.settings.GoogleSettingsProvider}
06-10 22:50:44.950  1846  6471 D CompatibilityChangeReporter: Compat change id reported: 168419799; UID 10134; state: DISABLED
06-10 22:50:45.262  1846  6471 I ContentCaptureManagerService: Data share request accepted by Content Capture service
06-10 22:50:46.368  1846  1846 W NotificationHistory: Attempted to add notif for locked/gone/disabled user 0
06-10 22:50:49.048  2352  7846 D PowerUI : can't show warning due to - plugged: true status unknown: false
06-10 22:50:51.043  2352 10308 D PowerUI : can't show warning due to - plugged: true status unknown: false
06-10 22:50:51.618  2352 10310 D PowerUI : can't show warning due to - plugged: true status unknown: false
06-10 22:51:00.341  1846  1846 D CompatibilityChangeReporter: Compat change id reported: 135634846; UID 10111; state: DISABLED
06-10 22:51:00.341  1846  1846 D CompatibilityChangeReporter: Compat change id reported: 177438394; UID 10111; state: DISABLED
06-10 22:51:00.342  1846  1846 D CompatibilityChangeReporter: Compat change id reported: 135772972; UID 10111; state: DISABLED
06-10 22:51:00.342  1846  1846 D CompatibilityChangeReporter: Compat change id reported: 135754954; UID 10111; state: ENABLED
06-10 22:51:00.342  1846  1931 D CompatibilityChangeReporter: Compat change id reported: 143937733; UID 10111; state: ENABLED
06-10 22:51:00.344  1846  1846 D CompatibilityChangeReporter: Compat change id reported: 135634846; UID 10222; state: DISABLED
06-10 22:51:00.344  1846  1846 D CompatibilityChangeReporter: Compat change id reported: 177438394; UID 10222; state: DISABLED
06-10 22:51:00.344  1846  1846 D CompatibilityChangeReporter: Compat change id reported: 135772972; UID 10222; state: DISABLED
06-10 22:51:00.344  1846  1846 D CompatibilityChangeReporter: Compat change id reported: 135754954; UID 10222; state: ENABLED
06-10 22:51:00.361  1846  1931 I ActivityManager: Start proc 20143:com.google.android.setupwizard/u0a111 for service {com.google.android.setupwizard/com.google.android.setupwizard.deferred.DeferredSetupScheduler}
06-10 22:51:00.361  1846  1931 D CompatibilityChangeReporter: Compat change id reported: 143937733; UID 10222; state: ENABLED
06-10 22:51:00.380  1846  1931 I ActivityManager: Start proc 20149:com.google.android.apps.youtube.music/u0a222 for service {com.google.android.apps.youtube.music/androidx.work.impl.background.systemjob.SystemJobService}
06-10 22:51:00.400  1846  2545 D CompatibilityChangeReporter: Compat change id reported: 168419799; UID 10111; state: DISABLED
06-10 22:51:00.434  1846  2545 D CompatibilityChangeReporter: Compat change id reported: 168419799; UID 10222; state: DISABLED
06-10 22:51:01.435  1846  2545 D CompatibilityChangeReporter: Compat change id reported: 183164979; UID 10222; state: ENABLED
06-10 22:51:01.700  2352 10428 D PowerUI : can't show warning due to - plugged: true status unknown: false
06-10 22:51:02.274  2352 11268 D PowerUI : can't show warning due to - plugged: true status unknown: false
06-10 22:51:02.390  1846  1957 E VerityUtils: Failed to measure fs-verity, errno 1: /data/app/~~SosWo7dp4O4OlU2ECwxEGQ==/com.google.android.apps.youtube.music-qdIsUKeS2d1P2beo3llyAg==/base.apk
06-10 22:51:12.382  2352 11717 D PowerUI : can't show warning due to - plugged: true status unknown: false
06-10 22:51:13.726  1846  1923 I ActivityManager: Killing 10476:com.android.vending:instant_app_installer/u0a112 (adj 915): empty #33
06-10 22:51:13.778  1846  3975 I ActivityManager: Killing 18067:com.google.android.dialer/u0a118 (adj 985): empty #33
06-10 22:51:13.779  1846  3975 I ActivityManager: Killing 18027:com.google.android.apps.nbu.files/u0a169 (adj 985): empty #34
06-10 22:51:23.271  2352  2806 D PowerUI : can't show warning due to - plugged: true status unknown: false
06-10 22:51:23.974  2352  2846 D PowerUI : can't show warning due to - plugged: true status unknown: false
06-10 22:51:34.156  2352  7846 D PowerUI : can't show warning due to - plugged: true status unknown: false
06-10 22:51:45.002  2352 10308 D PowerUI : can't show warning due to - plugged: true status unknown: false
06-10 22:51:45.623  2352 10310 D PowerUI : can't show warning due to - plugged: true status unknown: false
06-10 22:51:46.954  2352 10428 D PowerUI : can't show warning due to - plugged: true status unknown: false
06-10 22:51:49.046  2352 11268 D PowerUI : can't show warning due to - plugged: true status unknown: false
06-10 22:51:56.744  2352 11717 D PowerUI : can't show warning due to - plugged: true status unknown: false
06-10 22:51:59.797  2352  2806 D PowerUI : can't show warning due to - plugged: true status unknown: false
06-10 22:52:00.086  2352  2846 D PowerUI : can't show warning due to - plugged: true status unknown: false
06-10 22:52:00.225  2352  7846 D PowerUI : can't show warning due to - plugged: true status unknown: false
06-10 22:52:00.931  2352 10308 D PowerUI : can't show warning due to - plugged: true status unknown: false
06-10 22:52:03.648  2352 10310 D PowerUI : can't show warning due to - plugged: true status unknown: false
06-10 22:52:08.124  2352 10428 D PowerUI : can't show warning due to - plugged: true status unknown: false
06-10 22:52:18.344  2352 11268 D PowerUI : can't show warning due to - plugged: true status unknown: false
06-10 22:52:19.441  2352 11717 D PowerUI : can't show warning due to - plugged: true status unknown: false
06-10 22:52:19.710  2352  2806 D PowerUI : can't show warning due to - plugged: true status unknown: false
06-10 22:52:29.639  2352  2846 D PowerUI : can't show warning due to - plugged: true status unknown: false
06-10 22:52:30.698  2352  7846 D PowerUI : can't show warning due to - plugged: true status unknown: false
06-10 22:52:37.300  2352 10308 D PowerUI : can't show warning due to - plugged: true status unknown: false
06-10 22:52:40.948  2352 10310 D PowerUI : can't show warning due to - plugged: true status unknown: false
06-10 22:52:41.951  2352 10428 D PowerUI : can't show warning due to - plugged: true status unknown: false
06-10 22:52:49.023  2352 11268 D PowerUI : can't show warning due to - plugged: true status unknown: false
06-10 22:52:52.008  2352 11717 D PowerUI : can't show warning due to - plugged: true status unknown: false
06-10 22:52:52.831  2352  2806 D PowerUI : can't show warning due to - plugged: true status unknown: false
06-10 22:53:02.882  2352  2846 D PowerUI : can't show warning due to - plugged: true status unknown: false
06-10 22:53:03.718  2352  7846 D PowerUI : can't show warning due to - plugged: true status unknown: false
06-10 22:53:09.719  2352 10308 D PowerUI : can't show warning due to - plugged: true status unknown: false
06-10 22:53:13.996  2352 10310 D PowerUI : can't show warning due to - plugged: true status unknown: false
06-10 22:53:14.863  2352 10428 D PowerUI : can't show warning due to - plugged: true status unknown: false
06-10 22:53:25.097  2352 11268 D PowerUI : can't show warning due to - plugged: true status unknown: false
06-10 22:53:25.985  2352 11717 D PowerUI : can't show warning due to - plugged: true status unknown: false
06-10 22:53:36.218  2352  2806 D PowerUI : can't show warning due to - plugged: true status unknown: false
06-10 22:53:37.025  2352  2846 D PowerUI : can't show warning due to - plugged: true status unknown: false
06-10 22:53:44.806  1846  4059 I PowerManagerService: Powering on display group fromDozing (groupId=0, uid=10205, reason=WAKE_REASON_GESTURE, details=com.android.systemui:NODOZE)...
06-10 22:53:44.806  1846  4059 I PowerManagerService: Waking up from Dozing (uid=10205, reason=WAKE_REASON_GESTURE, details=com.android.systemui:NODOZE)...
06-10 22:53:44.815  1846  1954 I DisplayPowerController[0]: Blocking screen on until initial contents have been drawn.
06-10 22:53:44.829  1846  1954 V DisplayPowerController[0]: Brightness [0.13254383] reason changing to: 'manual', previous reason: 'screen_off'.
06-10 22:53:44.831  1846  1889 I DisplayDeviceRepository: Display device changed state: "Built-in Screen", ON
06-10 22:53:44.888  1846  7346 I SoundTriggerService: deleteSoundModel(): id = 9f6ad62a-1f0b-11e7-87c5-40a8f03d3f15
06-10 22:53:44.889  1846  7346 W SoundTriggerService: error onStop(): Model 9f6ad62a-1f0b-11e7-87c5-40a8f03d3f15 has no stats available
06-10 22:53:44.950  1846  1954 I DisplayPowerController[0]: Unblocked screen on after 135 ms
06-10 22:53:44.990  1846  1954 V DisplayPowerController[0]: Brightness [0.1012925] reason changing to: 'automatic', previous reason: 'manual'.
06-10 22:53:45.085  1846  1954 W PowerManagerService: Screen on took 279 ms
06-10 22:53:45.085  1846  1954 I DreamManagerService: Gently waking up from dream.
06-10 22:53:45.085  1846  1885 I DreamManagerService: Performing gentle wake from dream.
06-10 22:53:45.136  1846  6679 I DreamManagerService: Leaving dreamland.
06-10 22:53:45.136  1846  1885 I DreamManagerService: Performing gentle wake from dream.
06-10 22:53:45.136  1846  1885 I DreamController: Stopping dream: name=ComponentInfo{com.android.systemui/com.android.systemui.doze.DozeService}, isTest=false, canDoze=true, userId=0, reason='finished self'(from 'requested stopDream')
06-10 22:53:45.593  2352  7846 D PowerUI : can't show warning due to - plugged: true status unknown: false
06-10 22:53:45.767  1846  1928 W BroadcastQueue: Background execution not allowed: receiving Intent { act=android.intent.action.ACTION_POWER_DISCONNECTED flg=0x4000010 (has extras) } to com.google.android.gms/.chimera.GmsIntentOperationService$PersistentTrustedReceiver
06-10 22:53:45.775  1846  2211 I UsbPortManager: ClientCallback V1_2: port0
06-10 22:53:45.776  1846  1885 I UsbPortManager: USB port changed: port=UsbPort{id=port0, supportedModes=dualsupportedContaminantProtectionModes=1supportsEnableContaminantPresenceProtection=falsesupportsEnableContaminantPresenceDetection=false, status=UsbPortStatus{connected=false, currentMode=none, currentPowerRole=no-power, currentDataRole=no-data, supportedRoleCombinations=[no-power:no-data], contaminantDetectionStatus=2, contaminantProtectionStatus=0}, canChangeMode=true, canChangePowerRole=false, canChangeDataRole=false, connectedAtMillis=0, lastConnectDurationMillis=3228709
06-10 22:53:45.785  1846  1928 W BroadcastQueue: Background execution not allowed: receiving Intent { act=android.intent.action.ACTION_POWER_DISCONNECTED flg=0x4000010 (has extras) } to com.google.android.projection.gearhead/com.google.android.apps.auto.components.connectivity.impl.ConnectivityEventHandlerImpl$ConnectivityEventBroadcastReceiver
06-10 22:53:45.903  1846  2184 D CompatibilityChangeReporter: Compat change id reported: 171306433; UID 10182; state: ENABLED
06-10 22:53:45.906  1846  2184 D CompatibilityChangeReporter: Compat change id reported: 171306433; UID 10189; state: ENABLED
06-10 22:53:48.747  1846  1885 D UsbDeviceManager: Clear notification
06-10 22:53:48.750  1846  1928 D CompatibilityChangeReporter: Compat change id reported: 135634846; UID 10068; state: DISABLED
06-10 22:53:48.751  1846  1928 D CompatibilityChangeReporter: Compat change id reported: 177438394; UID 10068; state: DISABLED
06-10 22:53:48.751  1846  1928 D CompatibilityChangeReporter: Compat change id reported: 135772972; UID 10068; state: DISABLED
06-10 22:53:48.751  1846  1928 D CompatibilityChangeReporter: Compat change id reported: 135754954; UID 10068; state: ENABLED
06-10 22:53:48.752  1846  1931 D CompatibilityChangeReporter: Compat change id reported: 143937733; UID 10068; state: ENABLED
06-10 22:53:48.760  1846  1931 I ActivityManager: Start proc 20437:android.process.media/u0a68 for broadcast {com.android.mtp/com.android.mtp.MtpReceiver}
06-10 22:53:48.765  1846  3977 W UserManagerService: Cannot retrieve activities for disabled profile -1 from 0
06-10 22:53:48.766  1846  4059 W UserManagerService: Cannot retrieve activities for disabled profile -1 from 0
06-10 22:53:48.796  1846  4059 D CompatibilityChangeReporter: Compat change id reported: 168419799; UID 10068; state: DISABLED
06-10 22:53:48.884  1846  4059 D CompatibilityChangeReporter: Compat change id reported: 177438394; UID 10131; state: DISABLED
06-10 22:53:48.884  1846  4059 D CompatibilityChangeReporter: Compat change id reported: 135772972; UID 10131; state: DISABLED
06-10 22:53:48.884  1846  4059 D CompatibilityChangeReporter: Compat change id reported: 135754954; UID 10131; state: ENABLED
06-10 22:53:48.885  1846  1931 D CompatibilityChangeReporter: Compat change id reported: 143937733; UID 10131; state: ENABLED
06-10 22:53:48.894  1846  1931 I ActivityManager: Start proc 20451:com.google.android.projection.gearhead:car/u0a131 for broadcast {com.google.android.projection.gearhead/com.google.android.apps.auto.carservice.gmscorecompat.CarUsbReceiver}
06-10 22:53:53.805  1846  1954 V DisplayPowerController[0]: Brightness [0.05] reason changing to: 'automatic [ dim ]', previous reason: 'automatic'.
06-10 22:53:55.801  1846  1954 I PowerManagerService: Powering off display group due to timeout (groupId= 0, uid= 1000)...
06-10 22:53:55.801  1846  1954 I PowerManagerService: Going to sleep due to timeout (uid 1000)...
06-10 22:53:55.852  1846  1954 V DisplayPowerController[0]: Brightness [0.1354395] reason changing to: 'automatic', previous reason: 'automatic [ dim ]'.
06-10 22:53:56.280  1846  1954 I DisplayPowerController[0]: Blocking screen off
06-10 22:53:56.280  1846  1954 I DisplayPowerController[0]: Unblocked screen off after 1 ms
06-10 22:53:56.304  1846  1954 V DisplayPowerController[0]: Brightness [0.0] reason changing to: 'screen_off', previous reason: 'automatic'.
06-10 22:53:56.305  1846  1889 I DisplayDeviceRepository: Display device changed state: "Built-in Screen", OFF
06-10 22:53:56.444  1846  1954 I DreamManagerService: Entering dreamland.
06-10 22:53:56.446  1846  1954 I PowerManagerService: Dozing...
06-10 22:53:56.447  1846  1885 I DreamController: Starting dream: name=ComponentInfo{com.android.systemui/com.android.systemui.doze.DozeService}, isTest=false, canDoze=true, userId=0
06-10 22:53:56.590  1846  4059 W AppOps  : Noting op not finished: uid 10134 pkg com.google.android.gms code 113 startTime of in progress event=1654925805053
06-10 22:53:56.599  1846  4059 W AppOps  : Noting op not finished: uid 10134 pkg com.google.android.gms code 113 startTime of in progress event=1654925805053
06-10 22:53:56.606  1846  3977 W AppOps  : Noting op not finished: uid 10168 pkg com.google.android.gms.location.history code 79 startTime of in progress event=1654923614974
06-10 22:53:57.932  1846  6679 I PowerManagerService: Powering on display group fromDozing (groupId=0, uid=10205, reason=WAKE_REASON_GESTURE, details=com.android.systemui:NODOZE)...
06-10 22:53:57.932  1846  6679 I PowerManagerService: Waking up from Dozing (uid=10205, reason=WAKE_REASON_GESTURE, details=com.android.systemui:NODOZE)...
06-10 22:53:57.938  1846  1954 I DisplayPowerController[0]: Blocking screen on until initial contents have been drawn.
06-10 22:53:57.962  1846  1954 V DisplayPowerController[0]: Brightness [0.1354395] reason changing to: 'manual', previous reason: 'screen_off'.
06-10 22:53:57.963  1846  1889 I DisplayDeviceRepository: Display device changed state: "Built-in Screen", ON
06-10 22:53:58.015  1846  2312 I SoundTriggerService: deleteSoundModel(): id = 9f6ad62a-1f0b-11e7-87c5-40a8f03d3f15
06-10 22:53:58.015  1846  2312 W SoundTriggerService: error onStop(): Model 9f6ad62a-1f0b-11e7-87c5-40a8f03d3f15 has no stats available
06-10 22:53:58.041  1846  1954 I DisplayPowerController[0]: Unblocked screen on after 103 ms
06-10 22:53:58.064  1846  1954 V DisplayPowerController[0]: Brightness [0.13369213] reason changing to: 'automatic', previous reason: 'manual'.
06-10 22:53:58.200  1846  1954 W PowerManagerService: Screen on took 268 ms
06-10 22:53:58.201  1846  1954 I DreamManagerService: Gently waking up from dream.
06-10 22:53:58.201  1846  1885 I DreamManagerService: Performing gentle wake from dream.
06-10 22:53:58.252  1846  7346 I DreamManagerService: Leaving dreamland.
06-10 22:53:58.252  1846  1885 I DreamManagerService: Performing gentle wake from dream.
06-10 22:53:58.252  1846  1885 I DreamController: Stopping dream: name=ComponentInfo{com.android.systemui/com.android.systemui.doze.DozeService}, isTest=false, canDoze=true, userId=0, reason='finished self'(from 'requested stopDream')
06-10 22:54:00.882  1846  1888 I EntropyMixer: Writing entropy...
06-10 22:54:00.884  1846  1928 W BroadcastQueue: Background execution not allowed: receiving Intent { act=android.intent.action.ACTION_POWER_CONNECTED flg=0x4000010 (has extras) } to com.google.android.gms/.gcm.nts.SchedulerReceiver
06-10 22:54:00.884  1846  1928 W BroadcastQueue: Background execution not allowed: receiving Intent { act=android.intent.action.ACTION_POWER_CONNECTED flg=0x4000010 (has extras) } to com.google.android.gms/.chimera.GmsIntentOperationService$PersistentTrustedReceiver
06-10 22:54:00.885  1846  1928 W BroadcastQueue: Background execution not allowed: receiving Intent { act=android.intent.action.ACTION_POWER_CONNECTED flg=0x4000010 (has extras) } to com.google.android.projection.gearhead/com.google.android.apps.auto.components.connectivity.impl.ConnectivityEventHandlerImpl$ConnectivityEventBroadcastReceiver
06-10 22:54:00.918  2352  2846 D PowerUI : can't show warning due to - plugged: true status unknown: false
06-10 22:54:01.064  1846  2211 I UsbPortManager: ClientCallback V1_2: port0
06-10 22:54:01.174  1846  1846 W Looper  : Slow dispatch took 241ms main h=com.android.server.power.Notifier$NotifierHandler c=null m=6
06-10 22:54:01.174  1846  1846 W Looper  : Slow delivery took 262ms main h=com.android.server.job.JobSchedulerService$JobHandler c=null m=4
06-10 22:54:01.175  1846  2211 I UsbPortManager: ClientCallback V1_2: port0
06-10 22:54:01.175  1846  1885 I UsbPortManager: USB port changed: port=UsbPort{id=port0, supportedModes=dualsupportedContaminantProtectionModes=1supportsEnableContaminantPresenceProtection=falsesupportsEnableContaminantPresenceDetection=false, status=UsbPortStatus{connected=true, currentMode=ufp, currentPowerRole=sink, currentDataRole=device, supportedRoleCombinations=[source:host, source:device, sink:host, sink:device], contaminantDetectionStatus=2, contaminantProtectionStatus=0}, canChangeMode=true, canChangePowerRole=true, canChangeDataRole=true, connectedAtMillis=3255820, lastConnectDurationMillis=0
06-10 22:54:01.176  1846  2211 I UsbPortManager: ClientCallback V1_2: port0
06-10 22:54:01.179  1846  1846 W Looper  : Drained
06-10 22:54:01.202  2352  7846 D PowerUI : can't show warning due to - plugged: true status unknown: false
06-10 22:54:01.232  2352 10308 D PowerUI : can't show warning due to - plugged: true status unknown: false
06-10 22:54:01.342  1846  1885 D UsbDeviceManager: push notification:USB tethering turned on
06-10 22:54:01.518  2352 10310 D PowerUI : can't show warning due to - plugged: true status unknown: false
06-10 22:54:01.547  1846  1846 W NotificationHistory: Attempted to add notif for locked/gone/disabled user 0
06-10 22:54:01.551  1846  1846 W NotificationHistory: Attempted to add notif for locked/gone/disabled user 0
06-10 22:54:01.556  1846  3977 W UserManagerService: Cannot retrieve activities for disabled profile -1 from 0
06-10 22:54:01.558  1846  3977 W UserManagerService: Cannot retrieve activities for disabled profile -1 from 0
06-10 22:54:02.964  2352 10428 D PowerUI : can't show warning due to - plugged: true status unknown: false
06-10 22:54:03.482  2352 11268 D PowerUI : can't show warning due to - plugged: true status unknown: false
06-10 22:54:05.419  1846  4059 D ActivityTaskManager: Top Process State changed to PROCESS_STATE_TOP
06-10 22:54:05.497  1846  1928 W BroadcastQueue: Background execution not allowed: receiving Intent { act=android.intent.action.USER_PRESENT flg=0x24200010 } to com.android.chrome/org.chromium.chrome.browser.sharing.click_to_call.ClickToCallMessageHandler$PhoneUnlockedReceiver
06-10 22:54:05.497  1846  1928 W BroadcastQueue: Background execution not allowed: receiving Intent { act=android.intent.action.USER_PRESENT flg=0x24200010 } to com.google.android.gms/.auth.setup.devicesignals.LockScreenReceiver
06-10 22:54:05.497  1846  1928 W BroadcastQueue: Background execution not allowed: receiving Intent { act=android.intent.action.USER_PRESENT flg=0x24200010 } to com.google.android.gms/.chimera.GmsIntentOperationService$PersistentTrustedReceiver
06-10 22:54:05.528  1846  7346 D BiometricService: canAuthenticate: User=0, Caller=0, Authenticators=255
06-10 22:54:05.528  1846  7346 D BiometricService/PreAuthInfo: Package: com.google.android.gms Sensor ID: 0 Modality: 2 Status: 7
06-10 22:54:05.528  1846  7346 D BiometricService/PreAuthInfo: getCanAuthenticateInternal Modality: 2 AuthenticatorStatus: 7
06-10 22:54:05.528  1846  7346 D AuthService: canAuthenticate, userId: 0, callingUserId: 0, authenticators: 255, result: 11
06-10 22:54:06.547  2352 11717 D PowerUI : can't show warning due to - plugged: true status unknown: false
06-10 22:54:06.911  1846  1886 I ActivityTaskManager: START u0 {act=android.intent.action.MAIN cat=[android.intent.category.HOME] flg=0x10000100 cmp=com.google.android.apps.nexuslauncher/.NexusLauncherActivity (has extras)} from uid 0
06-10 22:54:06.912  1846  1886 D CompatibilityChangeReporter: Compat change id reported: 184838306; UID 10193; state: DISABLED
06-10 22:54:06.914  1846  1886 D CompatibilityChangeReporter: Compat change id reported: 185004937; UID 10193; state: DISABLED
06-10 22:54:06.914  1846  1886 D CompatibilityChangeReporter: Compat change id reported: 174042980; UID 10193; state: DISABLED
06-10 22:54:17.625  2352  2806 D PowerUI : can't show warning due to - plugged: true status unknown: false
06-10 22:54:23.966  1846  1928 D CompatibilityChangeReporter: Compat change id reported: 168419799; UID 10105; state: DISABLED
06-10 22:54:24.006  1846  7346 D CompatibilityChangeReporter: Compat change id reported: 168419799; UID 10256; state: DISABLED
06-10 22:54:24.119  2352  2846 D PowerUI : can't show warning due to - plugged: true status unknown: false
06-10 22:54:25.429  1846  1886 D CompatibilityChangeReporter: Compat change id reported: 173031413; UID 1000; state: ENABLED
06-10 22:54:25.543  1846  1846 D WindowManager: powerPress: eventTime=3280059 interactive=true count=0 beganFromNonInteractive=false mShortPressOnPowerBehavior=1
06-10 22:54:25.544  1846  1846 I PowerManagerService: Powering off display group due to power_button (groupId= 0, uid= 1000)...
06-10 22:54:25.544  1846  1846 I PowerManagerService: Going to sleep due to power_button (uid 1000)...
06-10 22:54:26.038  1846  1954 I DisplayPowerController[0]: Blocking screen off
06-10 22:54:26.039  1846  1954 I DisplayPowerController[0]: Unblocked screen off after 1 ms
06-10 22:54:26.043  1846  1954 D ActivityTaskManager: Top Process State changed to PROCESS_STATE_TOP_SLEEPING
06-10 22:54:26.069  1846  1954 V DisplayPowerController[0]: Brightness [0.0] reason changing to: 'screen_off', previous reason: 'automatic'.
06-10 22:54:26.070  1846  1889 I DisplayDeviceRepository: Display device changed state: "Built-in Screen", OFF
06-10 22:54:26.218  1846  1954 I DreamManagerService: Entering dreamland.
06-10 22:54:26.220  1846  1954 I PowerManagerService: Dozing...
06-10 22:54:26.222  1846  1885 I DreamController: Starting dream: name=ComponentInfo{com.android.systemui/com.android.systemui.doze.DozeService}, isTest=false, canDoze=true, userId=0
06-10 22:54:26.434  1846  7514 W AppOps  : Noting op not finished: uid 10134 pkg com.google.android.gms code 113 startTime of in progress event=1654925805053
06-10 22:54:26.440  1846  7346 W AppOps  : Noting op not finished: uid 10134 pkg com.google.android.gms code 113 startTime of in progress event=1654925805053
06-10 22:54:26.446  1846  7346 W AppOps  : Noting op not finished: uid 10168 pkg com.google.android.gms.location.history code 79 startTime of in progress event=1654923614974
06-10 22:54:30.383  2352  7846 D PowerUI : can't show warning due to - plugged: true status unknown: false
06-10 22:54:30.413  2352 10308 D PowerUI : can't show warning due to - plugged: true status unknown: false
06-10 22:54:30.863  1846  1928 W BroadcastQueue: Permission Denial: receiving Intent { act=android.intent.action.SERVICE_STATE flg=0x1000010 (has extras) } to ProcessRecord{849e8f7 2352:com.android.systemui/u0a205} (pid=2352, uid=10205) requires android.permission.READ_PHONE_STATE due to sender android (uid 1001)
06-10 22:54:30.863  1846  7346 W ContextImpl: Calling a method in the system process without a qualified user: android.app.ContextImpl.sendBroadcastMultiplePermissions:1256 com.android.server.TelephonyRegistry.broadcastServiceStateChanged:2870 com.android.server.TelephonyRegistry.notifyServiceStateForPhoneId:1608 com.android.internal.telephony.ITelephonyRegistry$Stub.onTransact:455 android.os.Binder.execTransactInternal:1179 
06-10 22:54:30.864  1846  1928 W BroadcastQueue: Permission Denial: receiving Intent { act=android.intent.action.SERVICE_STATE flg=0x1000010 (has extras) } to com.google.android.cellbroadcastreceiver/com.android.cellbroadcastreceiver.CellBroadcastReceiver requires android.permission.READ_PHONE_STATE due to sender android (uid 1001)
06-10 22:54:31.006  2352 10310 D PowerUI : can't show warning due to - plugged: true status unknown: false
06-10 22:54:32.207  2352 10428 D PowerUI : can't show warning due to - plugged: true status unknown: false
06-10 22:54:41.945  2352 11268 D PowerUI : can't show warning due to - plugged: true status unknown: false
06-10 22:54:46.590  1846  2184 I ActivityManager: Killing 18215:com.google.android.apps.safetyhub/u0a144 (adj 985): empty #33
06-10 22:54:46.593  1846  2184 I ActivityManager: Killing 18179:com.google.android.apps.magazines/u0a220 (adj 985): empty #34
06-10 22:54:52.141  2352 11717 D PowerUI : can't show warning due to - plugged: true status unknown: false
06-10 22:54:52.739  2352  2806 D PowerUI : can't show warning due to - plugged: true status unknown: false
06-10 22:55:00.888  2352  2846 D PowerUI : can't show warning due to - plugged: true status unknown: false
06-10 22:55:02.785  2352  7846 D PowerUI : can't show warning due to - plugged: true status unknown: false
06-10 22:55:03.378  2352 10308 D PowerUI : can't show warning due to - plugged: true status unknown: false
06-10 22:55:13.447  2352 10310 D PowerUI : can't show warning due to - plugged: true status unknown: false
06-10 22:55:14.074  2352 10428 D PowerUI : can't show warning due to - plugged: true status unknown: false
06-10 22:55:19.897  2352 11268 D PowerUI : can't show warning due to - plugged: true status unknown: false
06-10 22:55:20.087  2352 11717 D PowerUI : can't show warning due to - plugged: true status unknown: false
06-10 22:55:22.380  2352  2806 D PowerUI : can't show warning due to - plugged: true status unknown: false
06-10 22:55:24.846  2352  2846 D PowerUI : can't show warning due to - plugged: true status unknown: false
06-10 22:55:26.983  2352  7846 D PowerUI : can't show warning due to - plugged: true status unknown: false
06-10 22:55:35.837  2352 10308 D PowerUI : can't show warning due to - plugged: true status unknown: false
06-10 22:55:45.276  1846  1846 I ContentCaptureManagerService: Content capture data sharing session terminated successfully for package 'com.google.android.googlequicksearchbox'
06-10 22:55:46.121  2352 10310 D PowerUI : can't show warning due to - plugged: true status unknown: false
06-10 22:55:56.991  2352 10428 D PowerUI : can't show warning due to - plugged: true status unknown: false
06-10 22:55:57.795  2352 11268 D PowerUI : can't show warning due to - plugged: true status unknown: false
06-10 22:56:00.911  2352 11717 D PowerUI : can't show warning due to - plugged: true status unknown: false
06-10 22:56:05.669  2352  2806 D PowerUI : can't show warning due to - plugged: true status unknown: false
06-10 22:56:05.903  2352  2846 D PowerUI : can't show warning due to - plugged: true status unknown: false
06-10 22:56:06.742  2352  7846 D PowerUI : can't show warning due to - plugged: true status unknown: false
06-10 22:56:07.571  2352 10308 D PowerUI : can't show warning due to - plugged: true status unknown: false
06-10 22:56:08.137  2352 10310 D PowerUI : can't show warning due to - plugged: true status unknown: false
06-10 22:56:12.777  2352 10428 D PowerUI : can't show warning due to - plugged: true status unknown: false
06-10 22:56:16.586  2352 11268 D PowerUI : can't show warning due to - plugged: true status unknown: false
06-10 22:56:16.833  2352 11717 D PowerUI : can't show warning due to - plugged: true status unknown: false
06-10 22:56:17.713  2352  2806 D PowerUI : can't show warning due to - plugged: true status unknown: false
06-10 22:56:24.063  1846  1846 I ActivityManager: com.android.vending is exempt from freezer
06-10 22:56:24.064  1846  1846 D CompatibilityChangeReporter: Compat change id reported: 135634846; UID 10112; state: DISABLED
06-10 22:56:24.064  1846  1846 D CompatibilityChangeReporter: Compat change id reported: 177438394; UID 10112; state: DISABLED
06-10 22:56:24.064  1846  1846 D CompatibilityChangeReporter: Compat change id reported: 135772972; UID 10112; state: DISABLED
06-10 22:56:24.064  1846  1846 D CompatibilityChangeReporter: Compat change id reported: 135754954; UID 10112; state: ENABLED
06-10 22:56:24.065  1846  1931 D CompatibilityChangeReporter: Compat change id reported: 143937733; UID 10112; state: ENABLED
06-10 22:56:24.085  1846  1931 I ActivityManager: Start proc 20611:com.android.vending:instant_app_installer/u0a112 for service {com.android.vending/com.google.android.finsky.instantapps.metrics.LogFlushJob}
06-10 22:56:27.939  2352  2846 D PowerUI : can't show warning due to - plugged: true status unknown: false
06-10 22:56:39.029  2352  7846 D PowerUI : can't show warning due to - plugged: true status unknown: false
06-10 22:56:39.029  1846  6393 I ActivityManager: Killing 18321:com.google.android.apps.docs/u0a176 (adj 975): empty #33
06-10 22:56:39.768  2352 10308 D PowerUI : can't show warning due to - plugged: true status unknown: false
06-10 22:56:49.897  2352 10310 D PowerUI : can't show warning due to - plugged: true status unknown: false
06-10 22:56:50.685  2352 10428 D PowerUI : can't show warning due to - plugged: true status unknown: false
06-10 22:57:00.792  2352 11268 D PowerUI : can't show warning due to - plugged: true status unknown: false
06-10 22:57:01.527  2352 11717 D PowerUI : can't show warning due to - plugged: true status unknown: false
06-10 22:57:03.389  2352  2806 D PowerUI : can't show warning due to - plugged: true status unknown: false
06-10 22:57:06.589  1846  2312 I PowerManagerService: Powering on display group fromDozing (groupId=0, uid=10205, reason=WAKE_REASON_GESTURE, details=com.android.systemui:NODOZE)...
06-10 22:57:06.589  1846  2312 I PowerManagerService: Waking up from Dozing (uid=10205, reason=WAKE_REASON_GESTURE, details=com.android.systemui:NODOZE)...
06-10 22:57:06.608  1846  1954 I DisplayPowerController[0]: Blocking screen on until initial contents have been drawn.
06-10 22:57:06.618  1846  1954 V DisplayPowerController[0]: Brightness [0.18549536] reason changing to: 'manual', previous reason: 'screen_off'.
06-10 22:57:06.618  1846  1889 I DisplayDeviceRepository: Display device changed state: "Built-in Screen", ON
06-10 22:57:06.666  1846  4059 I SoundTriggerService: deleteSoundModel(): id = 9f6ad62a-1f0b-11e7-87c5-40a8f03d3f15
06-10 22:57:06.666  1846  4059 W SoundTriggerService: error onStop(): Model 9f6ad62a-1f0b-11e7-87c5-40a8f03d3f15 has no stats available
06-10 22:57:06.698  1846  1954 I DisplayPowerController[0]: Unblocked screen on after 90 ms
06-10 22:57:06.733  1846  1954 V DisplayPowerController[0]: Brightness [0.16890793] reason changing to: 'automatic', previous reason: 'manual'.
06-10 22:57:06.857  1846  1954 W PowerManagerService: Screen on took 268 ms
06-10 22:57:06.857  1846  1954 I DreamManagerService: Gently waking up from dream.
06-10 22:57:06.858  1846  1885 I DreamManagerService: Performing gentle wake from dream.
06-10 22:57:06.914  1846  6393 I DreamManagerService: Leaving dreamland.
06-10 22:57:06.914  1846  1885 I DreamManagerService: Performing gentle wake from dream.
06-10 22:57:06.915  1846  1885 I DreamController: Stopping dream: name=ComponentInfo{com.android.systemui/com.android.systemui.doze.DozeService}, isTest=false, canDoze=true, userId=0, reason='finished self'(from 'requested stopDream')
06-10 22:57:08.404  1846  2557 D ActivityTaskManager: Top Process State changed to PROCESS_STATE_TOP
06-10 22:57:08.481  1846  1928 W BroadcastQueue: Background execution not allowed: receiving Intent { act=android.intent.action.USER_PRESENT flg=0x24200010 } to com.android.chrome/org.chromium.chrome.browser.sharing.click_to_call.ClickToCallMessageHandler$PhoneUnlockedReceiver
06-10 22:57:08.483  1846  1928 W BroadcastQueue: Background execution not allowed: receiving Intent { act=android.intent.action.USER_PRESENT flg=0x24200010 } to com.google.android.gms/.auth.setup.devicesignals.LockScreenReceiver
06-10 22:57:08.483  1846  1928 W BroadcastQueue: Background execution not allowed: receiving Intent { act=android.intent.action.USER_PRESENT flg=0x24200010 } to com.google.android.gms/.chimera.GmsIntentOperationService$PersistentTrustedReceiver
06-10 22:57:08.527  1846  3973 D BiometricService: canAuthenticate: User=0, Caller=0, Authenticators=255
06-10 22:57:08.527  1846  3973 D BiometricService/PreAuthInfo: Package: com.google.android.gms Sensor ID: 0 Modality: 2 Status: 7
06-10 22:57:08.527  1846  3973 D BiometricService/PreAuthInfo: getCanAuthenticateInternal Modality: 2 AuthenticatorStatus: 7
06-10 22:57:08.527  1846  3973 D AuthService: canAuthenticate, userId: 0, callingUserId: 0, authenticators: 255, result: 11
06-10 22:57:11.616  2352  2846 D PowerUI : can't show warning due to - plugged: true status unknown: false
06-10 22:57:11.895  1846  3972 I ActivityTaskManager: START u0 {act=android.intent.action.MAIN cat=[android.intent.category.LAUNCHER] flg=0x10200000 cmp=com.android.settings/.Settings bnds=[440,1447][641,1739]} from uid 10193
06-10 22:57:11.913  1846  3972 W ActivityTaskManager: Can't find TaskDisplayArea to determine support for multi window. Task id=139 attached=false
06-10 22:57:11.918  1846  3972 D CompatibilityChangeReporter: Compat change id reported: 174042980; UID 1000; state: DISABLED
06-10 22:57:11.937  1846  3972 W ActivityTaskManager: Tried to set launchTime (0) < mLastActivityLaunchTime (22576)
06-10 22:57:12.016  1846  3972 E UserRestrictionsUtils: Unknown restriction queried by uid 1000 (com.android.location.fused et al): null
06-10 22:57:12.293  2352  7846 D PowerUI : can't show warning due to - plugged: true status unknown: false
06-10 22:57:13.990  1846  2557 I ActivityTaskManager: START u0 {act=android.intent.action.MAIN cmp=com.android.settings/.SubSettings (has extras)} from uid 1000
06-10 22:57:13.999  1846  2557 W ActivityTaskManager: Tried to set launchTime (0) < mLastActivityLaunchTime (3446583)
06-10 22:57:14.055  1846  2557 E UserRestrictionsUtils: Unknown restriction queried by uid 1000 (com.android.location.fused et al): null
06-10 22:57:14.056  1846  2557 E UserRestrictionsUtils: Unknown restriction queried by uid 1000 (com.android.location.fused et al): null
06-10 22:57:16.096  1846  3973 I ActivityTaskManager: START u0 {act=android.intent.action.MAIN cmp=com.android.settings/.SubSettings (has extras)} from uid 1000
06-10 22:57:16.113  1846  3972 W ActivityTaskManager: Tried to set launchTime (0) < mLastActivityLaunchTime (3448644)
06-10 22:57:16.147  1846  3972 E UserRestrictionsUtils: Unknown restriction queried by uid 1000 (com.android.location.fused et al): null
06-10 22:57:16.252  2617 20720 W ContextImpl: Calling a method in the system process without a qualified user: android.app.ContextImpl.bindService:1895 android.content.ContextWrapper.bindService:810 com.google.android.wifitrackerlib.WsuServiceClient.lambda$bindWsuService$5:423 com.google.android.wifitrackerlib.WsuServiceClient.$r8$lambda$nXXEsDv9PTfXSs8HfWiYS8u_QE4:0 com.google.android.wifitrackerlib.WsuServiceClient$$ExternalSyntheticLambda5.run:2 
06-10 22:57:16.257  1846  3972 D CompatibilityChangeReporter: Compat change id reported: 168419799; UID 10135; state: DISABLED
06-10 22:57:21.291  2352 10308 D PowerUI : can't show warning due to - plugged: true status unknown: false
06-10 22:57:23.274  2352 10310 D PowerUI : can't show warning due to - plugged: true status unknown: false
06-10 22:57:23.957  1846  3972 I ActivityTaskManager: START u0 {act=android.intent.action.MAIN cmp=com.android.settings/.SubSettings (has extras)} from uid 1000
06-10 22:57:23.972  1846  3968 W ActivityTaskManager: Tried to set launchTime (0) < mLastActivityLaunchTime (3450758)
06-10 22:57:24.058  2617 20729 W ContextImpl: Calling a method in the system process without a qualified user: android.app.ContextImpl.bindService:1895 android.content.ContextWrapper.bindService:810 com.google.android.wifitrackerlib.WsuServiceClient.lambda$bindWsuService$5:423 com.google.android.wifitrackerlib.WsuServiceClient.$r8$lambda$nXXEsDv9PTfXSs8HfWiYS8u_QE4:0 com.google.android.wifitrackerlib.WsuServiceClient$$ExternalSyntheticLambda5.run:2 
06-10 22:57:29.814  1846  1928 W BroadcastQueue: Permission Denial: receiving Intent { act=android.intent.action.SERVICE_STATE flg=0x1000010 (has extras) } to ProcessRecord{849e8f7 2352:com.android.systemui/u0a205} (pid=2352, uid=10205) requires android.permission.READ_PHONE_STATE due to sender android (uid 1001)
06-10 22:57:29.814  1846  4063 W ContextImpl: Calling a method in the system process without a qualified user: android.app.ContextImpl.sendBroadcastMultiplePermissions:1256 com.android.server.TelephonyRegistry.broadcastServiceStateChanged:2870 com.android.server.TelephonyRegistry.notifyServiceStateForPhoneId:1608 com.android.internal.telephony.ITelephonyRegistry$Stub.onTransact:455 android.os.Binder.execTransactInternal:1179 
06-10 22:57:29.815  1846  1928 W BroadcastQueue: Permission Denial: receiving Intent { act=android.intent.action.SERVICE_STATE flg=0x1000010 (has extras) } to com.google.android.cellbroadcastreceiver/com.android.cellbroadcastreceiver.CellBroadcastReceiver requires android.permission.READ_PHONE_STATE due to sender android (uid 1001)
06-10 22:57:33.396  2352 10428 D PowerUI : can't show warning due to - plugged: true status unknown: false
06-10 22:57:34.260  2352 11268 D PowerUI : can't show warning due to - plugged: true status unknown: false
06-10 22:57:39.332  2352 11717 D PowerUI : can't show warning due to - plugged: true status unknown: false
06-10 22:57:39.446  2352  2806 D PowerUI : can't show warning due to - plugged: true status unknown: false
06-10 22:57:44.427  2352  2846 D PowerUI : can't show warning due to - plugged: true status unknown: false
06-10 22:57:45.277  2352  7846 D PowerUI : can't show warning due to - plugged: true status unknown: false
06-10 22:57:49.250  2352 10308 D PowerUI : can't show warning due to - plugged: true status unknown: false
06-10 22:57:50.846  2352 10310 D PowerUI : can't show warning due to - plugged: true status unknown: false
06-10 22:57:51.450  2352 10428 D PowerUI : can't show warning due to - plugged: true status unknown: false
06-10 22:57:52.704  2352 11268 D PowerUI : can't show warning due to - plugged: true status unknown: false
06-10 22:57:52.762  1846  2557 D CompatibilityChangeReporter: Compat change id reported: 171306433; UID 10134; state: ENABLED
06-10 22:57:52.830  1846  1928 D CompatibilityChangeReporter: Compat change id reported: 135634846; UID 10119; state: DISABLED
06-10 22:57:52.830  1846  1928 D CompatibilityChangeReporter: Compat change id reported: 177438394; UID 10119; state: DISABLED
06-10 22:57:52.830  1846  1928 D CompatibilityChangeReporter: Compat change id reported: 135772972; UID 10119; state: DISABLED
06-10 22:57:52.830  1846  1928 D CompatibilityChangeReporter: Compat change id reported: 135754954; UID 10119; state: ENABLED
06-10 22:57:52.831  1846  1931 D CompatibilityChangeReporter: Compat change id reported: 143937733; UID 10119; state: ENABLED
06-10 22:57:52.850  1846  1931 I ActivityManager: Start proc 20745:com.apple.android.music/u0a119 for broadcast {com.apple.android.music/com.google.firebase.iid.FirebaseInstanceIdReceiver}
06-10 22:57:53.382  1846  2557 D CompatibilityChangeReporter: Compat change id reported: 168419799; UID 10112; state: DISABLED
06-10 22:57:55.101  2352 11717 D PowerUI : can't show warning due to - plugged: true status unknown: false
06-10 22:57:55.353  2352  2806 D PowerUI : can't show warning due to - plugged: true status unknown: false
06-10 22:57:56.129  2352  2846 D PowerUI : can't show warning due to - plugged: true status unknown: false
06-10 22:57:59.705  2352  7846 D PowerUI : can't show warning due to - plugged: true status unknown: false
06-10 22:58:07.160  2352 10308 D PowerUI : can't show warning due to - plugged: true status unknown: false
06-10 22:58:14.752  1846  1954 V DisplayPowerController[0]: Brightness [0.05] reason changing to: 'automatic [ dim ]', previous reason: 'automatic'.
06-10 22:58:17.332  2352 10310 D PowerUI : can't show warning due to - plugged: true status unknown: false
06-10 22:58:18.279  2352 10428 D PowerUI : can't show warning due to - plugged: true status unknown: false
06-10 22:58:20.755  1846  1954 I PowerManagerService: Powering off display group due to timeout (groupId= 0, uid= 1000)...
06-10 22:58:20.755  1846  1954 I PowerManagerService: Going to sleep due to timeout (uid 1000)...
06-10 22:58:20.841  1846  1954 V DisplayPowerController[0]: Brightness [0.12983026] reason changing to: 'automatic', previous reason: 'automatic [ dim ]'.
06-10 22:58:21.289  1846  1954 I DisplayPowerController[0]: Blocking screen off
06-10 22:58:21.289  1846  1954 I DisplayPowerController[0]: Unblocked screen off after 1 ms
06-10 22:58:21.305  1846  1954 D ActivityTaskManager: Top Process State changed to PROCESS_STATE_TOP_SLEEPING
06-10 22:58:21.323  1846  1954 V DisplayPowerController[0]: Brightness [0.0] reason changing to: 'screen_off', previous reason: 'automatic'.
06-10 22:58:21.323  1846  1889 I DisplayDeviceRepository: Display device changed state: "Built-in Screen", OFF
06-10 22:58:21.464  1846  1954 I DreamManagerService: Entering dreamland.
06-10 22:58:21.464  1846  1954 I PowerManagerService: Dozing...
06-10 22:58:21.466  1846  1885 I DreamController: Starting dream: name=ComponentInfo{com.android.systemui/com.android.systemui.doze.DozeService}, isTest=false, canDoze=true, userId=0
06-10 22:58:21.617  1846  2557 W AppOps  : Noting op not finished: uid 10134 pkg com.google.android.gms code 113 startTime of in progress event=1654925805053
06-10 22:58:21.625  1846  3972 W AppOps  : Noting op not finished: uid 10134 pkg com.google.android.gms code 113 startTime of in progress event=1654925805053
06-10 22:58:21.639  1846  4063 W AppOps  : Noting op not finished: uid 10168 pkg com.google.android.gms.location.history code 79 startTime of in progress event=1654923614974
06-10 22:58:28.425  2352 11268 D PowerUI : can't show warning due to - plugged: true status unknown: false
06-10 22:58:29.283  2352 11717 D PowerUI : can't show warning due to - plugged: true status unknown: false
06-10 22:58:39.525  2352  2806 D PowerUI : can't show warning due to - plugged: true status unknown: false
06-10 22:58:40.267  2352  2846 D PowerUI : can't show warning due to - plugged: true status unknown: false
06-10 22:58:50.406  2352  7846 D PowerUI : can't show warning due to - plugged: true status unknown: false
06-10 22:58:52.762  2352 10308 D PowerUI : can't show warning due to - plugged: true status unknown: false
06-10 22:59:00.912  2352 10310 D PowerUI : can't show warning due to - plugged: true status unknown: false
06-10 22:59:01.301  2352 10428 D PowerUI : can't show warning due to - plugged: true status unknown: false
06-10 22:59:01.996  2352 11268 D PowerUI : can't show warning due to - plugged: true status unknown: false
06-10 22:59:12.202  2352 11717 D PowerUI : can't show warning due to - plugged: true status unknown: false
06-10 22:59:12.848  2352  2806 D PowerUI : can't show warning due to - plugged: true status unknown: false
06-10 22:59:23.064  2352  2846 D PowerUI : can't show warning due to - plugged: true status unknown: false
06-10 22:59:23.748  2352  7846 D PowerUI : can't show warning due to - plugged: true status unknown: false
06-10 22:59:33.930  2352 10308 D PowerUI : can't show warning due to - plugged: true status unknown: false
06-10 22:59:34.592  2352 10310 D PowerUI : can't show warning due to - plugged: true status unknown: false
06-10 22:59:44.848  2352 10428 D PowerUI : can't show warning due to - plugged: true status unknown: false
06-10 22:59:55.722  2352 11268 D PowerUI : can't show warning due to - plugged: true status unknown: false
06-10 22:59:56.158  1846  1923 I UsageStatsService: User[0] Flushing usage stats to disk
06-10 22:59:56.290  2352 11717 D PowerUI : can't show warning due to - plugged: true status unknown: false
06-10 23:00:00.623  2352  2806 D PowerUI : can't show warning due to - plugged: true status unknown: false
06-10 23:00:00.938  2352  2846 D PowerUI : can't show warning due to - plugged: true status unknown: false
