06-10 23:39:31.137  1846  1931 W ActivityManager: Slow operation: 144ms so far, now at startProcess: building log message
06-10 23:39:31.137  1846  1931 I ActivityManager: Start proc 22761:com.android.chrome:sandboxed_process0:org.chromium.content.app.SandboxedProcessService0:0/u0ai0 for  {com.android.chrome/org.chromium.content.app.SandboxedProcessService0:0}
06-10 23:39:31.137  1846  1931 W ActivityManager: Slow operation: 144ms so far, now at startProcess: starting to update pids map
06-10 23:39:31.137  1846  1931 W ActivityManager: Slow operation: 144ms so far, now at startProcess: done updating pids map
06-10 23:39:31.143  1846  1931 I ActivityManager: Start proc 22768:com.android.chrome:privileged_process0/u0a188 for service {com.android.chrome/org.chromium.content.app.PrivilegedProcessService0}
06-10 23:39:31.639  1846  1888 I EntropyMixer: Writing entropy...
06-10 23:39:31.650  2352 11717 D PowerUI : can't show warning due to - plugged: true status unknown: false
06-10 23:39:31.670  1846  2475 D CompatibilityChangeReporter: Compat change id reported: 135634846; UID 10188; state: DISABLED
06-10 23:39:31.670  1846  1931 D CompatibilityChangeReporter: Compat change id reported: 143937733; UID 10188; state: ENABLED
06-10 23:39:31.681  1846  1931 I ActivityManager: Start proc 22822:com.android.chrome:sandboxed_process0:org.chromium.content.app.SandboxedProcessService0:1/u0ai1 for  {com.android.chrome/org.chromium.content.app.SandboxedProcessService0:1}
06-10 23:39:31.767  1846  1846 W Looper  : Slow dispatch took 124ms main h=com.android.server.power.Notifier$NotifierHandler c=null m=6
06-10 23:39:31.831  1846  2532 I UsbPortManager: ClientCallback V1_2: port0
06-10 23:39:31.838  2352  2806 D PowerUI : can't show warning due to - plugged: true status unknown: false
06-10 23:39:31.878  1846  2475 I ActivityManager: Killing 22822:com.android.chrome:sandboxed_process0:org.chromium.content.app.SandboxedProcessService0:1/u0a188i-8999 (adj 0): isolated not needed
06-10 23:39:31.953  1846  2532 I UsbPortManager: ClientCallback V1_2: port0
06-10 23:39:31.953  1846  1885 I UsbPortManager: USB port changed: port=UsbPort{id=port0, supportedModes=dualsupportedContaminantProtectionModes=1supportsEnableContaminantPresenceProtection=falsesupportsEnableContaminantPresenceDetection=false, status=UsbPortStatus{connected=true, currentMode=ufp, currentPowerRole=sink, currentDataRole=device, supportedRoleCombinations=[source:host, source:device, sink:host, sink:device], contaminantDetectionStatus=2, contaminantProtectionStatus=0}, canChangeMode=true, canChangePowerRole=true, canChangeDataRole=true, connectedAtMillis=5986598, lastConnectDurationMillis=0
06-10 23:39:31.955  1846  2211 I UsbPortManager: ClientCallback V1_2: port0
06-10 23:39:32.001  2352  2846 D PowerUI : can't show warning due to - plugged: true status unknown: false
06-10 23:39:32.107  1846  1885 D UsbDeviceManager: push notification:USB tethering turned on
06-10 23:39:32.112  1846  1928 D CompatibilityChangeReporter: Compat change id reported: 168419799; UID 10068; state: DISABLED
06-10 23:39:32.116  1846  6393 D CompatibilityChangeReporter: Compat change id reported: 168419799; UID 10131; state: DISABLED
06-10 23:39:32.296  2352  7846 D PowerUI : can't show warning due to - plugged: true status unknown: false
06-10 23:39:32.311  1846  1846 W NotificationHistory: Attempted to add notif for locked/gone/disabled user 0
06-10 23:39:32.315  1846  1846 W NotificationHistory: Attempted to add notif for locked/gone/disabled user 0
06-10 23:39:32.321  1846  1867 W UserManagerService: Cannot retrieve activities for disabled profile -1 from 0
06-10 23:39:32.323  1846  6393 W UserManagerService: Cannot retrieve activities for disabled profile -1 from 0
06-10 23:39:33.540  1846  3973 D CompatibilityChangeReporter: Compat change id reported: 177438394; UID 10189; state: DISABLED
06-10 23:39:33.540  1846  3973 D CompatibilityChangeReporter: Compat change id reported: 135772972; UID 10189; state: DISABLED
06-10 23:39:33.540  1846  3973 D CompatibilityChangeReporter: Compat change id reported: 135754954; UID 10189; state: ENABLED
06-10 23:39:33.540  1846  1931 D CompatibilityChangeReporter: Compat change id reported: 143937733; UID 10189; state: ENABLED
06-10 23:39:33.553  1846  1931 I ActivityManager: Start proc 22886:com.google.android.calendar/u0a189 for broadcast {com.google.android.calendar/com.android.calendar.widget.CalendarAppWidgetProvider}
06-10 23:39:33.572  1846  3973 D CompatibilityChangeReporter: Compat change id reported: 168419799; UID 10189; state: DISABLED
06-10 23:39:33.795  1846  1867 D CompatibilityChangeReporter: Compat change id reported: 143231523; UID 10189; state: DISABLED
06-10 23:39:33.801  2352 10308 D PowerUI : can't show warning due to - plugged: true status unknown: false
06-10 23:39:33.809  1846  1889 D ColorDisplayService: GlobalSaturationTintController Animation cancelled: false to matrix: 
06-10 23:39:33.809  1846  1889 D ColorDisplayService:        1.000000 0.000000 0.000000 0.000000 0.000000 1.000000 0.000000 0.000000 0.000000 0.000000 1.000000 0.000000 0.000000 0.000000 0.000000 1.000000 min matrix coefficients: 
06-10 23:39:33.809  1846  1889 D ColorDisplayService:        1.000000 0.000000 0.000000 0.000000 0.000000 1.000000 0.000000 0.000000 0.000000 0.000000 1.000000 0.000000 0.000000 0.000000 0.000000 1.000000 max matrix coefficients: 
06-10 23:39:33.809  1846  1889 D ColorDisplayService:        1.000000 0.000000 0.000000 0.000000 0.000000 1.000000 0.000000 0.000000 0.000000 0.000000 1.000000 0.000000 0.000000 0.000000 0.000000 1.000000
06-10 23:39:34.045  1846  2475 D CompatibilityChangeReporter: Compat change id reported: 177438394; UID 10184; state: DISABLED
06-10 23:39:34.045  1846  2475 D CompatibilityChangeReporter: Compat change id reported: 135772972; UID 10184; state: DISABLED
06-10 23:39:34.045  1846  2475 D CompatibilityChangeReporter: Compat change id reported: 135754954; UID 10184; state: ENABLED
06-10 23:39:34.045  1846  1931 D CompatibilityChangeReporter: Compat change id reported: 143937733; UID 10184; state: ENABLED
06-10 23:39:34.056  1846  1931 I ActivityManager: Start proc 22947:com.google.android.contacts/u0a184 for broadcast {com.google.android.contacts/androidx.work.impl.background.systemalarm.RescheduleReceiver}
06-10 23:39:34.077  1846  2475 D CompatibilityChangeReporter: Compat change id reported: 168419799; UID 10184; state: DISABLED
06-10 23:39:34.198  1846  2475 D CompatibilityChangeReporter: Compat change id reported: 135634846; UID 10069; state: DISABLED
06-10 23:39:34.198  1846  2475 D CompatibilityChangeReporter: Compat change id reported: 177438394; UID 10069; state: DISABLED
06-10 23:39:34.198  1846  2475 D CompatibilityChangeReporter: Compat change id reported: 135772972; UID 10069; state: DISABLED
06-10 23:39:34.198  1846  2475 D CompatibilityChangeReporter: Compat change id reported: 135754954; UID 10069; state: ENABLED
06-10 23:39:34.199  1846  1931 D CompatibilityChangeReporter: Compat change id reported: 143937733; UID 10069; state: ENABLED
06-10 23:39:34.216  1846  1931 I ActivityManager: Start proc 22978:android.process.acore/u0a69 for content provider {com.android.providers.contacts/com.android.providers.contacts.ContactsProvider2}
06-10 23:39:34.241  1846  6393 D CompatibilityChangeReporter: Compat change id reported: 168419799; UID 10069; state: DISABLED
06-10 23:39:34.383  1846  2294 D CountryDetector: The first listener is added
06-10 23:39:34.403  1846  2475 D CompatibilityChangeReporter: Compat change id reported: 135634846; UID 10173; state: DISABLED
06-10 23:39:34.403  1846  2475 D CompatibilityChangeReporter: Compat change id reported: 177438394; UID 10173; state: DISABLED
06-10 23:39:34.404  1846  2475 D CompatibilityChangeReporter: Compat change id reported: 135772972; UID 10173; state: DISABLED
06-10 23:39:34.404  1846  2475 D CompatibilityChangeReporter: Compat change id reported: 135754954; UID 10173; state: ENABLED
06-10 23:39:34.404  1846  1931 D CompatibilityChangeReporter: Compat change id reported: 143937733; UID 10173; state: ENABLED
06-10 23:39:34.418  1846  1931 I ActivityManager: Start proc 23006:com.google.android.deskclock/u0a173 for broadcast {com.google.android.deskclock/com.android.deskclock.AlarmInitReceiver}
06-10 23:39:34.443  1846  2475 D CompatibilityChangeReporter: Compat change id reported: 168419799; UID 10173; state: DISABLED
06-10 23:39:34.635  1846  7514 D CompatibilityChangeReporter: Compat change id reported: 135634846; UID 10118; state: DISABLED
06-10 23:39:34.635  1846  7514 D CompatibilityChangeReporter: Compat change id reported: 177438394; UID 10118; state: DISABLED
06-10 23:39:34.635  1846  7514 D CompatibilityChangeReporter: Compat change id reported: 135772972; UID 10118; state: DISABLED
06-10 23:39:34.635  1846  7514 D CompatibilityChangeReporter: Compat change id reported: 135754954; UID 10118; state: ENABLED
06-10 23:39:34.636  1846  1931 D CompatibilityChangeReporter: Compat change id reported: 143937733; UID 10118; state: ENABLED
06-10 23:39:34.649  1846  1931 I ActivityManager: Start proc 23031:com.google.android.dialer/u0a118 for broadcast {com.google.android.dialer/androidx.work.impl.background.systemalarm.RescheduleReceiver}
06-10 23:39:34.682  1846  7514 D CompatibilityChangeReporter: Compat change id reported: 168419799; UID 10118; state: DISABLED
06-10 23:39:35.130  1846  3973 D CompatibilityChangeReporter: Compat change id reported: 177438394; UID 10164; state: DISABLED
06-10 23:39:35.130  1846  3973 D CompatibilityChangeReporter: Compat change id reported: 135772972; UID 10164; state: DISABLED
06-10 23:39:35.130  1846  3973 D CompatibilityChangeReporter: Compat change id reported: 135754954; UID 10164; state: ENABLED
06-10 23:39:35.130  1846  1931 D CompatibilityChangeReporter: Compat change id reported: 143937733; UID 10164; state: ENABLED
06-10 23:39:35.142  1846  1931 I ActivityManager: Start proc 23065:com.google.android.gm/u0a164 for broadcast {com.google.android.gm/androidx.work.impl.background.systemalarm.RescheduleReceiver}
06-10 23:39:35.170  1846  2294 D CompatibilityChangeReporter: Compat change id reported: 168419799; UID 10164; state: DISABLED
06-10 23:39:35.459  2352 10310 D PowerUI : can't show warning due to - plugged: true status unknown: false
06-10 23:39:35.689  1846  2475 D CompatibilityChangeReporter: Compat change id reported: 135634846; UID 10252; state: DISABLED
06-10 23:39:35.689  1846  2475 D CompatibilityChangeReporter: Compat change id reported: 177438394; UID 10252; state: DISABLED
06-10 23:39:35.689  1846  2475 D CompatibilityChangeReporter: Compat change id reported: 135772972; UID 10252; state: DISABLED
06-10 23:39:35.689  1846  2475 D CompatibilityChangeReporter: Compat change id reported: 135754954; UID 10252; state: ENABLED
06-10 23:39:35.689  1846  1931 D CompatibilityChangeReporter: Compat change id reported: 143937733; UID 10252; state: ENABLED
06-10 23:39:35.699  1846  1931 I ActivityManager: Start proc 23147:com.google.android.odad/u0a252 for broadcast {com.google.android.odad/androidx.work.impl.background.systemalarm.RescheduleReceiver}
06-10 23:39:35.882  1846  6393 D CompatibilityChangeReporter: Compat change id reported: 135634846; UID 10148; state: DISABLED
06-10 23:39:35.882  1846  6393 D CompatibilityChangeReporter: Compat change id reported: 177438394; UID 10148; state: DISABLED
06-10 23:39:35.882  1846  6393 D CompatibilityChangeReporter: Compat change id reported: 135772972; UID 10148; state: DISABLED
06-10 23:39:35.882  1846  6393 D CompatibilityChangeReporter: Compat change id reported: 135754954; UID 10148; state: ENABLED
06-10 23:39:35.882  1846  1931 D CompatibilityChangeReporter: Compat change id reported: 143937733; UID 10148; state: ENABLED
06-10 23:39:35.896  1846  1931 I ActivityManager: Start proc 23169:com.google.android.tts/u0a148 for broadcast {com.google.android.tts/androidx.work.impl.background.systemalarm.RescheduleReceiver}
06-10 23:39:35.927  1846  3973 D CompatibilityChangeReporter: Compat change id reported: 168419799; UID 10148; state: DISABLED
06-10 23:39:36.450  1846  6393 D CompatibilityChangeReporter: Compat change id reported: 135634846; UID 10177; state: DISABLED
06-10 23:39:36.452  1846  6393 D CompatibilityChangeReporter: Compat change id reported: 177438394; UID 10177; state: DISABLED
06-10 23:39:36.452  1846  6393 D CompatibilityChangeReporter: Compat change id reported: 135772972; UID 10177; state: DISABLED
06-10 23:39:36.452  1846  6393 D CompatibilityChangeReporter: Compat change id reported: 135754954; UID 10177; state: ENABLED
06-10 23:39:36.452  1846  1931 D CompatibilityChangeReporter: Compat change id reported: 143937733; UID 10177; state: ENABLED
06-10 23:39:36.469  1846  1931 I ActivityManager: Start proc 23202:com.google.android.videos/u0a177 for broadcast {com.google.android.videos/androidx.work.impl.background.systemalarm.RescheduleReceiver}
06-10 23:39:36.500  1846  6393 D CompatibilityChangeReporter: Compat change id reported: 168419799; UID 10177; state: DISABLED
06-10 23:39:36.766  2352 10428 D PowerUI : can't show warning due to - plugged: true status unknown: false
06-10 23:39:36.861  1846  6393 I ActivityManager: com.android.vending is exempt from freezer
06-10 23:39:36.861  1846  6393 D CompatibilityChangeReporter: Compat change id reported: 135634846; UID 10112; state: DISABLED
06-10 23:39:36.862  1846  6393 D CompatibilityChangeReporter: Compat change id reported: 177438394; UID 10112; state: DISABLED
06-10 23:39:36.862  1846  6393 D CompatibilityChangeReporter: Compat change id reported: 135772972; UID 10112; state: DISABLED
06-10 23:39:36.862  1846  6393 D CompatibilityChangeReporter: Compat change id reported: 135754954; UID 10112; state: ENABLED
06-10 23:39:36.862  1846  1931 D CompatibilityChangeReporter: Compat change id reported: 143937733; UID 10112; state: ENABLED
06-10 23:39:36.878  1846  1931 I ActivityManager: Start proc 23244:com.android.vending/u0a112 for service {com.android.vending/com.google.android.finsky.contentfilterui.ContentFiltersService}
06-10 23:39:37.410  1846  3973 D CompatibilityChangeReporter: Compat change id reported: 168419799; UID 10160; state: DISABLED
06-10 23:39:37.426  1846  3973 D CompatibilityChangeReporter: Compat change id reported: 135634846; UID 10102; state: DISABLED
06-10 23:39:37.426  1846  3973 D CompatibilityChangeReporter: Compat change id reported: 177438394; UID 10102; state: DISABLED
06-10 23:39:37.426  1846  3973 D CompatibilityChangeReporter: Compat change id reported: 135772972; UID 10102; state: DISABLED
06-10 23:39:37.426  1846  3973 D CompatibilityChangeReporter: Compat change id reported: 135754954; UID 10102; state: ENABLED
06-10 23:39:37.427  1846  1931 D CompatibilityChangeReporter: Compat change id reported: 143937733; UID 10102; state: ENABLED
06-10 23:39:37.439  1846  1931 I ActivityManager: Start proc 23317:com.qualcomm.timeservice/u0a102 for broadcast {com.qualcomm.timeservice/com.qualcomm.timeservice.TimeServiceBroadcastReceiver}
06-10 23:39:37.455  1846  3973 D CompatibilityChangeReporter: Compat change id reported: 168419799; UID 10102; state: DISABLED
06-10 23:39:37.599  1846  7514 D CompatibilityChangeReporter: Compat change id reported: 135634846; UID 10119; state: DISABLED
06-10 23:39:37.599  1846  7514 D CompatibilityChangeReporter: Compat change id reported: 177438394; UID 10119; state: DISABLED
06-10 23:39:37.599  1846  7514 D CompatibilityChangeReporter: Compat change id reported: 135772972; UID 10119; state: DISABLED
06-10 23:39:37.599  1846  7514 D CompatibilityChangeReporter: Compat change id reported: 135754954; UID 10119; state: ENABLED
06-10 23:39:37.599  1846  1931 D CompatibilityChangeReporter: Compat change id reported: 143937733; UID 10119; state: ENABLED
06-10 23:39:37.613  1846  1931 I ActivityManager: Start proc 23354:com.apple.android.music/u0a119 for broadcast {com.apple.android.music/androidx.work.impl.background.systemalarm.RescheduleReceiver}
06-10 23:39:37.637  1846  3973 D CompatibilityChangeReporter: Compat change id reported: 168419799; UID 10119; state: DISABLED
06-10 23:39:38.384  1846  6393 I ActivityManager: com.android.vending is exempt from freezer
06-10 23:39:38.385  1846  6393 D CompatibilityChangeReporter: Compat change id reported: 135634846; UID 10112; state: DISABLED
06-10 23:39:38.385  1846  6393 D CompatibilityChangeReporter: Compat change id reported: 177438394; UID 10112; state: DISABLED
06-10 23:39:38.385  1846  6393 D CompatibilityChangeReporter: Compat change id reported: 135772972; UID 10112; state: DISABLED
06-10 23:39:38.385  1846  6393 D CompatibilityChangeReporter: Compat change id reported: 135754954; UID 10112; state: ENABLED
06-10 23:39:38.385  1846  1931 D CompatibilityChangeReporter: Compat change id reported: 143937733; UID 10112; state: ENABLED
06-10 23:39:38.398  1846  1931 I ActivityManager: Start proc 23430:com.android.vending:background/u0a112 for service {com.android.vending/com.google.android.finsky.ipcservers.background.BackgroundGrpcServerAndroidService}
06-10 23:39:38.406  1846  2294 D CompatibilityChangeReporter: Compat change id reported: 177438394; UID 10220; state: DISABLED
06-10 23:39:38.406  1846  2294 D CompatibilityChangeReporter: Compat change id reported: 135772972; UID 10220; state: DISABLED
06-10 23:39:38.406  1846  2294 D CompatibilityChangeReporter: Compat change id reported: 135754954; UID 10220; state: ENABLED
06-10 23:39:38.407  1846  1931 D CompatibilityChangeReporter: Compat change id reported: 143937733; UID 10220; state: ENABLED
06-10 23:39:38.421  1846  1931 I ActivityManager: Start proc 23448:com.google.android.apps.magazines/u0a220 for broadcast {com.google.android.apps.magazines/androidx.work.impl.background.systemalarm.RescheduleReceiver}
06-10 23:39:38.445  1846  2294 D CompatibilityChangeReporter: Compat change id reported: 168419799; UID 10220; state: DISABLED
06-10 23:39:39.331  1846  2294 D CompatibilityChangeReporter: Compat change id reported: 177438394; UID 10217; state: DISABLED
06-10 23:39:39.331  1846  2294 D CompatibilityChangeReporter: Compat change id reported: 135772972; UID 10217; state: DISABLED
06-10 23:39:39.331  1846  2294 D CompatibilityChangeReporter: Compat change id reported: 135754954; UID 10217; state: ENABLED
06-10 23:39:39.332  1846  1931 D CompatibilityChangeReporter: Compat change id reported: 143937733; UID 10217; state: ENABLED
06-10 23:39:39.334  1846  2294 I ActivityManager: Killing 21824:com.google.android.as.oss:learning_bg/u0a246 (adj 985): empty #33
06-10 23:39:39.349  1846  1931 I ActivityManager: Start proc 23590:com.google.android.apps.tachyon/u0a217 for broadcast {com.google.android.apps.tachyon/androidx.work.impl.background.systemalarm.RescheduleReceiver}
06-10 23:39:39.383  1846  3973 D CompatibilityChangeReporter: Compat change id reported: 168419799; UID 10217; state: DISABLED
06-10 23:39:39.643  1846  1954 V DisplayPowerController[0]: Brightness [0.05] reason changing to: 'automatic [ dim ]', previous reason: 'automatic'.
06-10 23:39:40.067  1846  7514 D CompatibilityChangeReporter: Compat change id reported: 135634846; UID 10221; state: DISABLED
06-10 23:39:40.067  1846  7514 D CompatibilityChangeReporter: Compat change id reported: 177438394; UID 10221; state: DISABLED
06-10 23:39:40.067  1846  7514 D CompatibilityChangeReporter: Compat change id reported: 135772972; UID 10221; state: DISABLED
06-10 23:39:40.067  1846  7514 D CompatibilityChangeReporter: Compat change id reported: 135754954; UID 10221; state: ENABLED
06-10 23:39:40.067  1846  1931 D CompatibilityChangeReporter: Compat change id reported: 143937733; UID 10221; state: ENABLED
06-10 23:39:40.069  1846  7514 I ActivityManager: Killing 4335:com.google.android.as.oss/u0a246 (adj 985): empty #33
06-10 23:39:40.079  1846  1931 I ActivityManager: Start proc 23688:com.google.android.apps.walletnfcrel/u0a221 for broadcast {com.google.android.apps.walletnfcrel/androidx.work.impl.background.systemalarm.RescheduleReceiver}
06-10 23:39:40.350  1846  1923 W ProcessStats: Tracking association SourceState{1c1e1b1 com.google.android.apps.wellbeing/10117 Top #27450} whose proc state 1 is better than process ProcessState{a9803ba com.google.android.gms.persistent/10134 pkg=com.google.android.gms} proc state 2 (506 skipped)
06-10 23:39:40.629  1846  3977 D CompatibilityChangeReporter: Compat change id reported: 168419799; UID 10222; state: DISABLED
06-10 23:39:40.632  1846  3977 D CompatibilityChangeReporter: Compat change id reported: 177438394; UID 10219; state: DISABLED
06-10 23:39:40.632  1846  3977 D CompatibilityChangeReporter: Compat change id reported: 135772972; UID 10219; state: DISABLED
06-10 23:39:40.632  1846  3977 D CompatibilityChangeReporter: Compat change id reported: 135754954; UID 10219; state: ENABLED
06-10 23:39:40.632  1846  1931 D CompatibilityChangeReporter: Compat change id reported: 143937733; UID 10219; state: ENABLED
06-10 23:39:40.643  1846  1931 I ActivityManager: Start proc 23747:com.google.android.keep/u0a219 for broadcast {com.google.android.keep/com.google.android.keep.notification.ReminderNotificationReceiver}
06-10 23:39:40.809  1846  3977 I ActivityManager: Killing 20143:com.google.android.setupwizard/u0a111 (adj 985): empty #33
06-10 23:39:41.118  1846  3966 W BroadcastQueue: Background execution not allowed: receiving Intent { act=android.intent.action.DROPBOX_ENTRY_ADDED flg=0x10 (has extras) } to com.google.android.gms/.stats.service.DropBoxEntryAddedReceiver
06-10 23:39:41.119  1846  1928 W BroadcastQueue: Background execution not allowed: receiving Intent { act=android.intent.action.DROPBOX_ENTRY_ADDED flg=0x10 (has extras) } to com.google.android.gms/.chimera.GmsIntentOperationService$PersistentTrustedReceiver
06-10 23:39:41.119  1846  1928 W BroadcastQueue: Background execution not allowed: receiving Intent { act=android.intent.action.DROPBOX_ENTRY_ADDED flg=0x10 (has extras) } to com.google.android.gms/.stats.service.DropBoxEntryAddedReceiver
06-10 23:39:41.119  1846  1928 W BroadcastQueue: Background execution not allowed: receiving Intent { act=android.intent.action.DROPBOX_ENTRY_ADDED flg=0x10 (has extras) } to com.google.android.gms/.chimera.GmsIntentOperationService$PersistentTrustedReceiver
06-10 23:39:41.119  1846  1928 W BroadcastQueue: Background execution not allowed: receiving Intent { act=android.intent.action.ACTION_POWER_CONNECTED flg=0x4000010 (has extras) } to com.google.android.gms/.gcm.nts.SchedulerReceiver
06-10 23:39:41.119  1846  1928 W BroadcastQueue: Background execution not allowed: receiving Intent { act=android.intent.action.ACTION_POWER_CONNECTED flg=0x4000010 (has extras) } to com.google.android.gms/.chimera.GmsIntentOperationService$PersistentTrustedReceiver
06-10 23:39:41.119  1846  1928 W BroadcastQueue: Background execution not allowed: receiving Intent { act=android.intent.action.ACTION_POWER_CONNECTED flg=0x4000010 (has extras) } to com.google.android.projection.gearhead/com.google.android.apps.auto.components.connectivity.impl.ConnectivityEventHandlerImpl$ConnectivityEventBroadcastReceiver
06-10 23:39:41.126  1846  2312 D CompatibilityChangeReporter: Compat change id reported: 168419799; UID 10070; state: DISABLED
06-10 23:39:41.150  1846  3973 D CompatibilityChangeReporter: Compat change id reported: 171306433; UID 10219; state: ENABLED
06-10 23:39:41.159  1846  2312 I ActivityManager: Killing 19076:com.google.android.settings.intelligence/u0a106 (adj 985): empty #33
06-10 23:39:41.165  1846  2312 D CompatibilityChangeReporter: Compat change id reported: 168419799; UID 10189; state: DISABLED
06-10 23:39:41.254  1846  2877 D CompatibilityChangeReporter: Compat change id reported: 168419799; UID 10164; state: DISABLED
06-10 23:39:41.641  1846  1954 I PowerManagerService: Powering off display group due to timeout (groupId= 0, uid= 1000)...
06-10 23:39:41.641  1846  1954 I PowerManagerService: Going to sleep due to timeout (uid 1000)...
06-10 23:39:41.688  1846  1954 V DisplayPowerController[0]: Brightness [0.15009588] reason changing to: 'automatic', previous reason: 'automatic [ dim ]'.
06-10 23:39:41.873  2352 11268 D PowerUI : can't show warning due to - plugged: true status unknown: false
06-10 23:39:42.116  1846  1954 I DisplayPowerController[0]: Blocking screen off
06-10 23:39:42.116  1846  1954 I DisplayPowerController[0]: Unblocked screen off after 0 ms
06-10 23:39:42.134  1846  1954 V DisplayPowerController[0]: Brightness [0.0] reason changing to: 'screen_off', previous reason: 'automatic'.
06-10 23:39:42.135  1846  1889 I DisplayDeviceRepository: Display device changed state: "Built-in Screen", OFF
06-10 23:39:42.289  1846  1954 I DreamManagerService: Entering dreamland.
06-10 23:39:42.292  1846  1954 I PowerManagerService: Dozing...
06-10 23:39:42.295  1846  1885 I DreamController: Starting dream: name=ComponentInfo{com.android.systemui/com.android.systemui.doze.DozeService}, isTest=false, canDoze=true, userId=0
06-10 23:39:46.964  1846  3973 I ActivityManager: Killing 18994:com.google.android.turboadapter/u0a256 (adj 985): empty #33
06-10 23:39:48.789  1846  2184 D CompatibilityChangeReporter: Compat change id reported: 171306433; UID 10158; state: ENABLED
06-10 23:39:50.533  1846  2211 I UsbPortManager: ClientCallback V1_2: port0
06-10 23:39:50.535  1846  1885 I UsbPortManager: USB port changed: port=UsbPort{id=port0, supportedModes=dualsupportedContaminantProtectionModes=1supportsEnableContaminantPresenceProtection=falsesupportsEnableContaminantPresenceDetection=false, status=UsbPortStatus{connected=false, currentMode=none, currentPowerRole=no-power, currentDataRole=no-data, supportedRoleCombinations=[no-power:no-data], contaminantDetectionStatus=2, contaminantProtectionStatus=0}, canChangeMode=true, canChangePowerRole=false, canChangeDataRole=false, connectedAtMillis=0, lastConnectDurationMillis=18580
06-10 23:39:50.601  1846  2877 I PowerManagerService: Powering on display group fromDozing (groupId=0, uid=10205, reason=WAKE_REASON_GESTURE, details=com.android.systemui:NODOZE)...
06-10 23:39:50.601  1846  2877 I PowerManagerService: Waking up from Dozing (uid=10205, reason=WAKE_REASON_GESTURE, details=com.android.systemui:NODOZE)...
06-10 23:39:50.607  1846  1954 I DisplayPowerController[0]: Blocking screen on until initial contents have been drawn.
06-10 23:39:50.613  1846  1954 V DisplayPowerController[0]: Brightness [0.15009588] reason changing to: 'manual', previous reason: 'screen_off'.
06-10 23:39:50.615  1846  1889 I DisplayDeviceRepository: Display device changed state: "Built-in Screen", ON
06-10 23:39:50.669  1846  2877 W BroadcastQueue: Background execution not allowed: receiving Intent { act=android.intent.action.ACTION_POWER_DISCONNECTED flg=0x4000010 (has extras) } to com.google.android.gms/.chimera.GmsIntentOperationService$PersistentTrustedReceiver
06-10 23:39:50.671  1846  1928 W BroadcastQueue: Background execution not allowed: receiving Intent { act=android.intent.action.ACTION_POWER_DISCONNECTED flg=0x4000010 (has extras) } to com.google.android.projection.gearhead/com.google.android.apps.auto.components.connectivity.impl.ConnectivityEventHandlerImpl$ConnectivityEventBroadcastReceiver
06-10 23:39:50.712  1846  1948 I BatteryStatsImpl: Resetting battery stats: level=97 status=2 dischargeLevel=97 lowAmount=0 highAmount=0
06-10 23:39:50.744  1846  1954 I DisplayPowerController[0]: Unblocked screen on after 137 ms
06-10 23:39:50.755  1846  1954 V DisplayPowerController[0]: Brightness [0.13321768] reason changing to: 'automatic', previous reason: 'manual'.
06-10 23:39:50.818  1846  2184 D CompatibilityChangeReporter: Compat change id reported: 171306433; UID 10131; state: ENABLED
06-10 23:39:50.822  1846  2184 D CompatibilityChangeReporter: Compat change id reported: 171306433; UID 10173; state: ENABLED
06-10 23:39:50.824  1846  7514 I SoundTriggerService: deleteSoundModel(): id = 9f6ad62a-1f0b-11e7-87c5-40a8f03d3f15
06-10 23:39:50.824  1846  7514 W SoundTriggerService: error onStop(): Model 9f6ad62a-1f0b-11e7-87c5-40a8f03d3f15 has no stats available
06-10 23:39:50.846  1846  2184 D CompatibilityChangeReporter: Compat change id reported: 171306433; UID 10189; state: ENABLED
06-10 23:39:50.876  1846  1954 W PowerManagerService: Screen on took 276 ms
06-10 23:39:50.877  1846  1954 I DreamManagerService: Gently waking up from dream.
06-10 23:39:50.877  1846  1885 I DreamManagerService: Performing gentle wake from dream.
06-10 23:39:50.918  1846  2294 I DreamManagerService: Leaving dreamland.
06-10 23:39:50.918  1846  1885 I DreamManagerService: Performing gentle wake from dream.
06-10 23:39:50.918  1846  1885 I DreamController: Stopping dream: name=ComponentInfo{com.android.systemui/com.android.systemui.doze.DozeService}, isTest=false, canDoze=true, userId=0, reason='finished self'(from 'requested stopDream')
06-10 23:39:53.539  1846  1885 D UsbDeviceManager: Clear notification
06-10 23:39:53.557  1846  3968 W UserManagerService: Cannot retrieve activities for disabled profile -1 from 0
06-10 23:39:53.564  1846  2716 W UserManagerService: Cannot retrieve activities for disabled profile -1 from 0
06-10 23:39:53.612  1846  1928 D CompatibilityChangeReporter: Compat change id reported: 168419799; UID 10105; state: DISABLED
06-10 23:39:53.631  1846  3977 D CompatibilityChangeReporter: Compat change id reported: 135634846; UID 10256; state: DISABLED
06-10 23:39:53.631  1846  3977 D CompatibilityChangeReporter: Compat change id reported: 177438394; UID 10256; state: DISABLED
06-10 23:39:53.631  1846  3977 D CompatibilityChangeReporter: Compat change id reported: 135772972; UID 10256; state: DISABLED
06-10 23:39:53.631  1846  3977 D CompatibilityChangeReporter: Compat change id reported: 135754954; UID 10256; state: ENABLED
06-10 23:39:53.631  1846  1931 D CompatibilityChangeReporter: Compat change id reported: 143937733; UID 10256; state: ENABLED
06-10 23:39:53.639  1846  1931 I ActivityManager: Start proc 23952:com.google.android.turboadapter/u0a256 for service {com.google.android.turboadapter/com.google.android.turboadapter.GoogleBatteryService}
06-10 23:39:53.806  1846  1928 I ActivityManager: Killing 22292:com.android.statementservice/u0a77 (adj 985): empty #33
06-10 23:39:54.656  1846  2184 I ActivityManager: Killing 22440:com.google.android.apps.maps/u0a158 (adj 985): empty #33
06-10 23:39:58.656  1846  1954 V DisplayPowerController[0]: Brightness [0.05] reason changing to: 'automatic [ dim ]', previous reason: 'automatic'.
06-10 23:40:00.650  1846  1954 I PowerManagerService: Powering off display group due to timeout (groupId= 0, uid= 1000)...
06-10 23:40:00.650  1846  1954 I PowerManagerService: Going to sleep due to timeout (uid 1000)...
06-10 23:40:00.676  1846  2184 I ActivityManager: Killing 22351:com.google.android.apps.gcs/u0a123 (adj 985): empty #33
06-10 23:40:00.710  1846  1954 V DisplayPowerController[0]: Brightness [0.13321768] reason changing to: 'automatic', previous reason: 'automatic [ dim ]'.
06-10 23:40:01.138  1846  1954 I DisplayPowerController[0]: Blocking screen off
06-10 23:40:01.139  1846  1954 I DisplayPowerController[0]: Unblocked screen off after 0 ms
06-10 23:40:01.169  1846  1954 V DisplayPowerController[0]: Brightness [0.0] reason changing to: 'screen_off', previous reason: 'automatic'.
06-10 23:40:01.170  1846  1889 I DisplayDeviceRepository: Display device changed state: "Built-in Screen", OFF
06-10 23:40:01.330  1846  1954 I DreamManagerService: Entering dreamland.
06-10 23:40:01.331  1846  1954 I PowerManagerService: Dozing...
06-10 23:40:01.331  1846  1885 I DreamController: Starting dream: name=ComponentInfo{com.android.systemui/com.android.systemui.doze.DozeService}, isTest=false, canDoze=true, userId=0
06-10 23:40:02.682  1846  4063 I ActivityManager: Killing 22525:com.google.android.apps.nbu.files/u0a169 (adj 985): empty #33
06-10 23:40:06.033  1846  2207 I PowerManagerService: Powering on display group fromDozing (groupId=0, uid=1000, reason=WAKE_REASON_POWER_BUTTON, details=android.policy:POWER)...
06-10 23:40:06.033  1846  2207 I PowerManagerService: Waking up from Dozing (uid=1000, reason=WAKE_REASON_POWER_BUTTON, details=android.policy:POWER)...
06-10 23:40:06.037  1846  1954 I DisplayPowerController[0]: Blocking screen on until initial contents have been drawn.
06-10 23:40:06.047  1846  1954 V DisplayPowerController[0]: Brightness [0.13321768] reason changing to: 'manual', previous reason: 'screen_off'.
06-10 23:40:06.047  1846  1846 I WindowManager: Suppressed redundant power key press while already in the process of turning the screen on.
06-10 23:40:06.049  1846  1889 I DisplayDeviceRepository: Display device changed state: "Built-in Screen", ON
06-10 23:40:06.123  1846  4063 I SoundTriggerService: deleteSoundModel(): id = 9f6ad62a-1f0b-11e7-87c5-40a8f03d3f15
06-10 23:40:06.123  1846  4063 W SoundTriggerService: error onStop(): Model 9f6ad62a-1f0b-11e7-87c5-40a8f03d3f15 has no stats available
06-10 23:40:06.135  1846  1954 I DisplayPowerController[0]: Unblocked screen on after 98 ms
06-10 23:40:06.162  1846  1954 V DisplayPowerController[0]: Brightness [0.14278045] reason changing to: 'automatic', previous reason: 'manual'.
06-10 23:40:06.288  1846  1954 W PowerManagerService: Screen on took 370 ms
06-10 23:40:06.288  1846  1954 I DreamManagerService: Gently waking up from dream.
06-10 23:40:06.288  1846  1885 I DreamManagerService: Performing gentle wake from dream.
06-10 23:40:06.317  1846  2312 I DreamManagerService: Leaving dreamland.
06-10 23:40:06.318  1846  1885 I DreamManagerService: Performing gentle wake from dream.
06-10 23:40:06.318  1846  1885 I DreamController: Stopping dream: name=ComponentInfo{com.android.systemui/com.android.systemui.doze.DozeService}, isTest=false, canDoze=true, userId=0, reason='finished self'(from 'requested stopDream')
06-10 23:40:07.394  1846  1846 D CompatibilityChangeReporter: Compat change id reported: 168419799; UID 10112; state: DISABLED
06-10 23:40:07.735  1846  4063 D ActivityTaskManager: Top Process State changed to PROCESS_STATE_TOP
06-10 23:40:07.752  1846  1928 W BroadcastQueue: Permission Denial: broadcasting Intent { act=android.net.conn.CONNECTIVITY_CHANGE flg=0x4200010 (has extras) } from null (pid=-1, uid=-1) requires android.permission.CHANGE_NETWORK_STATE due to registered receiver BroadcastFilter{fcaf762 1000/u0 ReceiverList{a74362d 2617 com.android.settings/1000/u0 remote:6915544}}
06-10 23:40:07.752  1846  1928 W BroadcastQueue: Permission Denial: broadcasting Intent { act=android.net.wifi.STATE_CHANGE flg=0x4000010 (has extras) } from null (pid=-1, uid=-1) requires android.permission.CHANGE_NETWORK_STATE due to registered receiver BroadcastFilter{fcaf762 1000/u0 ReceiverList{a74362d 2617 com.android.settings/1000/u0 remote:6915544}}
06-10 23:40:07.752  1846  1928 W BroadcastQueue: Permission Denial: broadcasting Intent { act=android.net.conn.CONNECTIVITY_CHANGE flg=0x4200010 (has extras) } from null (pid=-1, uid=-1) requires android.permission.CHANGE_NETWORK_STATE due to registered receiver BroadcastFilter{be527ae 1000/u0 ReceiverList{a0b0829 2617 com.android.settings/1000/u0 remote:6f081b0}}
06-10 23:40:07.753  1846  1928 W BroadcastQueue: Permission Denial: broadcasting Intent { act=android.net.wifi.STATE_CHANGE flg=0x4000010 (has extras) } from null (pid=-1, uid=-1) requires android.permission.CHANGE_NETWORK_STATE due to registered receiver BroadcastFilter{be527ae 1000/u0 ReceiverList{a0b0829 2617 com.android.settings/1000/u0 remote:6f081b0}}
06-10 23:40:07.758  1846  2312 D CompatibilityChangeReporter: Compat change id reported: 135634846; UID 10106; state: DISABLED
06-10 23:40:07.758  1846  2312 D CompatibilityChangeReporter: Compat change id reported: 177438394; UID 10106; state: DISABLED
06-10 23:40:07.758  1846  2312 D CompatibilityChangeReporter: Compat change id reported: 135772972; UID 10106; state: DISABLED
06-10 23:40:07.758  1846  2312 D CompatibilityChangeReporter: Compat change id reported: 135754954; UID 10106; state: ENABLED
06-10 23:40:07.759  1846  1931 D CompatibilityChangeReporter: Compat change id reported: 143937733; UID 10106; state: ENABLED
06-10 23:40:07.766  1846  1931 I ActivityManager: Start proc 24005:com.google.android.settings.intelligence/u0a106 for content provider {com.google.android.settings.intelligence/com.google.android.settings.intelligence.modules.gmscoreproxy.impl.GServicesProxyContentProvider}
06-10 23:40:07.781  1846  1928 W BroadcastQueue: Background execution not allowed: receiving Intent { act=android.intent.action.USER_PRESENT flg=0x24200010 } to com.android.chrome/org.chromium.chrome.browser.sharing.click_to_call.ClickToCallMessageHandler$PhoneUnlockedReceiver
06-10 23:40:07.782  1846  1928 W BroadcastQueue: Background execution not allowed: receiving Intent { act=android.intent.action.USER_PRESENT flg=0x24200010 } to com.google.android.gms/.auth.setup.devicesignals.LockScreenReceiver
06-10 23:40:07.782  1846  1928 W BroadcastQueue: Background execution not allowed: receiving Intent { act=android.intent.action.USER_PRESENT flg=0x24200010 } to com.google.android.gms/.chimera.GmsIntentOperationService$PersistentTrustedReceiver
06-10 23:40:07.824  1846  2227 D CompatibilityChangeReporter: Compat change id reported: 171306433; UID 10106; state: ENABLED
06-10 23:40:07.854  1846  4059 D BiometricService: canAuthenticate: User=0, Caller=0, Authenticators=255
06-10 23:40:07.854  1846  4059 D BiometricService/PreAuthInfo: Package: com.google.android.gms Sensor ID: 0 Modality: 2 Status: 7
06-10 23:40:07.854  1846  4059 D BiometricService/PreAuthInfo: getCanAuthenticateInternal Modality: 2 AuthenticatorStatus: 7
06-10 23:40:07.854  1846  4059 D AuthService: canAuthenticate, userId: 0, callingUserId: 0, authenticators: 255, result: 11
06-10 23:40:13.795  1846  1923 I UsageStatsService: User[0] Flushing usage stats to disk
06-10 23:40:31.539  1846  1954 V DisplayPowerController[0]: Brightness [0.05] reason changing to: 'automatic [ dim ]', previous reason: 'automatic'.
06-10 23:40:33.108  1846  1954 V DisplayPowerController[0]: Brightness [0.14278045] reason changing to: 'automatic', previous reason: 'automatic [ dim ]'.
06-10 23:40:36.142  1846  3971 I ActivityManager: Killing 22568:com.google.android.apps.photos/u0a180 (adj 985): empty #33
06-10 23:40:36.195  1846  7346 I ActivityManager: Killing 21566:com.google.android.apps.messaging/u0a182 (adj 985): empty #33
06-10 23:40:41.171  1846  2312 I ActivityManager: Killing 22612:com.google.android.apps.safetyhub/u0a144 (adj 985): empty #33
06-10 23:40:54.130  1846  3972 D CompatibilityChangeReporter: Compat change id reported: 168419799; UID 10256; state: DISABLED
06-10 23:40:57.312  1846  1954 V DisplayPowerController[0]: Brightness [0.05] reason changing to: 'automatic [ dim ]', previous reason: 'automatic'.
06-10 23:41:03.307  1846  1954 I PowerManagerService: Powering off display group due to timeout (groupId= 0, uid= 1000)...
06-10 23:41:03.307  1846  1954 I PowerManagerService: Going to sleep due to timeout (uid 1000)...
06-10 23:41:03.379  1846  1954 V DisplayPowerController[0]: Brightness [0.14278045] reason changing to: 'automatic', previous reason: 'automatic [ dim ]'.
06-10 23:41:03.807  1846  1954 I DisplayPowerController[0]: Blocking screen off
06-10 23:41:03.808  1846  1954 I DisplayPowerController[0]: Unblocked screen off after 0 ms
06-10 23:41:03.820  1846  1954 D ActivityTaskManager: Top Process State changed to PROCESS_STATE_TOP_SLEEPING
06-10 23:41:03.856  1846  1954 V DisplayPowerController[0]: Brightness [0.0] reason changing to: 'screen_off', previous reason: 'automatic'.
06-10 23:41:03.857  1846  1889 I DisplayDeviceRepository: Display device changed state: "Built-in Screen", OFF
06-10 23:41:03.984  1846  1954 I DreamManagerService: Entering dreamland.
06-10 23:41:03.985  1846  1954 I PowerManagerService: Dozing...
06-10 23:41:03.985  1846  1885 I DreamController: Starting dream: name=ComponentInfo{com.android.systemui/com.android.systemui.doze.DozeService}, isTest=false, canDoze=true, userId=0
06-10 23:41:19.948  1846  1888 I EntropyMixer: Writing entropy...
06-10 23:41:19.957  1846  1954 I PowerManagerService: Powering on display group fromDozing (groupId=0, uid=1000, reason=WAKE_REASON_PLUGGED_IN, details=android.server.power:PLUGGED:true)...
06-10 23:41:19.957  1846  1954 I PowerManagerService: Waking up from Dozing (uid=1000, reason=WAKE_REASON_PLUGGED_IN, details=android.server.power:PLUGGED:true)...
06-10 23:41:19.963  1846  1928 W BroadcastQueue: Background execution not allowed: receiving Intent { act=android.intent.action.ACTION_POWER_CONNECTED flg=0x4000010 (has extras) } to com.google.android.gms/.gcm.nts.SchedulerReceiver
06-10 23:41:19.963  1846  1928 W BroadcastQueue: Background execution not allowed: receiving Intent { act=android.intent.action.ACTION_POWER_CONNECTED flg=0x4000010 (has extras) } to com.google.android.gms/.chimera.GmsIntentOperationService$PersistentTrustedReceiver
06-10 23:41:19.963  1846  1928 W BroadcastQueue: Background execution not allowed: receiving Intent { act=android.intent.action.ACTION_POWER_CONNECTED flg=0x4000010 (has extras) } to com.google.android.projection.gearhead/com.google.android.apps.auto.components.connectivity.impl.ConnectivityEventHandlerImpl$ConnectivityEventBroadcastReceiver
06-10 23:41:19.964  1846  1954 I DisplayPowerController[0]: Blocking screen on until initial contents have been drawn.
06-10 23:41:19.972  1846  1954 V DisplayPowerController[0]: Brightness [0.14278045] reason changing to: 'manual', previous reason: 'screen_off'.
06-10 23:41:19.973  1846  1889 I DisplayDeviceRepository: Display device changed state: "Built-in Screen", ON
06-10 23:41:20.024  2352 10428 D PowerUI : can't show warning due to - plugged: true status unknown: false
06-10 23:41:20.082  1846  1954 I DisplayPowerController[0]: Unblocked screen on after 118 ms
06-10 23:41:20.100  1846  1954 V DisplayPowerController[0]: Brightness [0.13831623] reason changing to: 'automatic', previous reason: 'manual'.
06-10 23:41:20.126  1846  2211 I UsbPortManager: ClientCallback V1_2: port0
06-10 23:41:20.127  1846  3966 I SoundTriggerService: deleteSoundModel(): id = 9f6ad62a-1f0b-11e7-87c5-40a8f03d3f15
06-10 23:41:20.127  1846  3966 W SoundTriggerService: error onStop(): Model 9f6ad62a-1f0b-11e7-87c5-40a8f03d3f15 has no stats available
06-10 23:41:20.152  1846  2475 D CompatibilityChangeReporter: Compat change id reported: 135634846; UID 10182; state: DISABLED
06-10 23:41:20.152  1846  2475 D CompatibilityChangeReporter: Compat change id reported: 177438394; UID 10182; state: DISABLED
06-10 23:41:20.152  1846  2475 D CompatibilityChangeReporter: Compat change id reported: 135772972; UID 10182; state: DISABLED
06-10 23:41:20.152  1846  2475 D CompatibilityChangeReporter: Compat change id reported: 135754954; UID 10182; state: ENABLED
06-10 23:41:20.152  1846  1931 D CompatibilityChangeReporter: Compat change id reported: 143937733; UID 10182; state: ENABLED
06-10 23:41:20.172  1846  1931 I ActivityManager: Start proc 24120:com.google.android.apps.messaging/u0a182 for content provider {com.google.android.apps.messaging/com.google.android.apps.messaging.shared.datamodel.provider.sharedstorage.SharedStorageProvider}
06-10 23:41:20.218  1846  1954 W PowerManagerService: Screen on took 261 ms
06-10 23:41:20.219  1846  1954 I DreamManagerService: Gently waking up from dream.
06-10 23:41:20.219  1846  1885 I DreamManagerService: Performing gentle wake from dream.
06-10 23:41:20.259  2352 11268 D PowerUI : can't show warning due to - plugged: true status unknown: false
06-10 23:41:20.260  1846  2312 I DreamManagerService: Leaving dreamland.
06-10 23:41:20.260  1846  1885 I DreamManagerService: Performing gentle wake from dream.
06-10 23:41:20.260  1846  1885 I DreamController: Stopping dream: name=ComponentInfo{com.android.systemui/com.android.systemui.doze.DozeService}, isTest=false, canDoze=true, userId=0, reason='finished self'(from 'requested stopDream')
06-10 23:41:20.281  1846  2211 I UsbPortManager: ClientCallback V1_2: port0
06-10 23:41:20.282  1846  2211 I UsbPortManager: ClientCallback V1_2: port0
06-10 23:41:20.282  1846  1885 I UsbPortManager: USB port changed: port=UsbPort{id=port0, supportedModes=dualsupportedContaminantProtectionModes=1supportsEnableContaminantPresenceProtection=falsesupportsEnableContaminantPresenceDetection=false, status=UsbPortStatus{connected=true, currentMode=ufp, currentPowerRole=sink, currentDataRole=device, supportedRoleCombinations=[source:host, source:device, sink:host, sink:device], contaminantDetectionStatus=2, contaminantProtectionStatus=0}, canChangeMode=true, canChangePowerRole=true, canChangeDataRole=true, connectedAtMillis=6094927, lastConnectDurationMillis=0
06-10 23:41:20.314  2352 11717 D PowerUI : can't show warning due to - plugged: true status unknown: false
06-10 23:41:20.410  1846  1885 D UsbDeviceManager: push notification:USB tethering turned on
06-10 23:41:20.574  2352  2806 D PowerUI : can't show warning due to - plugged: true status unknown: false
06-10 23:41:20.614  1846  1846 W NotificationHistory: Attempted to add notif for locked/gone/disabled user 0
06-10 23:41:20.617  1846  1846 W NotificationHistory: Attempted to add notif for locked/gone/disabled user 0
06-10 23:41:20.620  1846  3972 W UserManagerService: Cannot retrieve activities for disabled profile -1 from 0
06-10 23:41:20.621  1846  3972 W UserManagerService: Cannot retrieve activities for disabled profile -1 from 0
06-10 23:41:21.895  2352  2846 D PowerUI : can't show warning due to - plugged: true status unknown: false
06-10 23:41:22.353  2352  7846 D PowerUI : can't show warning due to - plugged: true status unknown: false
06-10 23:41:26.763  2352 10308 D PowerUI : can't show warning due to - plugged: true status unknown: false
06-10 23:41:29.530  1846  6393 W ProcessStats: Tracking association SourceState{7055de4 com.google.android.apps.wellbeing/10117 Top #28631} whose proc state 1 is better than process ProcessState{a9803ba com.google.android.gms.persistent/10134 pkg=com.google.android.gms} proc state 2 (454 skipped)
06-10 23:41:29.763  1846  1954 V DisplayPowerController[0]: Brightness [0.05] reason changing to: 'automatic [ dim ]', previous reason: 'automatic'.
06-10 23:41:31.758  1846  1954 I PowerManagerService: Powering off display group due to timeout (groupId= 0, uid= 1000)...
06-10 23:41:31.758  1846  1954 I PowerManagerService: Going to sleep due to timeout (uid 1000)...
06-10 23:41:31.844  1846  1954 V DisplayPowerController[0]: Brightness [0.13831623] reason changing to: 'automatic', previous reason: 'automatic [ dim ]'.
06-10 23:41:32.266  1846  1954 I DisplayPowerController[0]: Blocking screen off
06-10 23:41:32.266  1846  1954 I DisplayPowerController[0]: Unblocked screen off after 1 ms
06-10 23:41:32.298  1846  1954 V DisplayPowerController[0]: Brightness [0.0] reason changing to: 'screen_off', previous reason: 'automatic'.
06-10 23:41:32.299  1846  1889 I DisplayDeviceRepository: Display device changed state: "Built-in Screen", OFF
06-10 23:41:32.445  1846  1954 I DreamManagerService: Entering dreamland.
06-10 23:41:32.447  1846  1954 I PowerManagerService: Dozing...
06-10 23:41:32.449  1846  1885 I DreamController: Starting dream: name=ComponentInfo{com.android.systemui/com.android.systemui.doze.DozeService}, isTest=false, canDoze=true, userId=0
06-10 23:41:40.923  1846  3966 W ProcessStats: Tracking association SourceState{7055de4 com.google.android.apps.wellbeing/10117 Top #28718} whose proc state 1 is better than process ProcessState{a9803ba com.google.android.gms.persistent/10134 pkg=com.google.android.gms} proc state 2 (73 skipped)
06-10 23:42:17.398  1846  2207 I PowerManagerService: Powering on display group fromDozing (groupId=0, uid=1000, reason=WAKE_REASON_POWER_BUTTON, details=android.policy:POWER)...
06-10 23:42:17.399  1846  2207 I PowerManagerService: Waking up from Dozing (uid=1000, reason=WAKE_REASON_POWER_BUTTON, details=android.policy:POWER)...
06-10 23:42:17.409  1846  1846 I ActivityManager: Killing 22644:com.google.android.apps.turbo:aab/u0a105 (adj 985): empty #33
06-10 23:42:17.412  1846  1954 I DisplayPowerController[0]: Blocking screen on until initial contents have been drawn.
06-10 23:42:17.426  1846  1954 V DisplayPowerController[0]: Brightness [0.13831623] reason changing to: 'manual', previous reason: 'screen_off'.
06-10 23:42:17.428  1846  1889 I DisplayDeviceRepository: Display device changed state: "Built-in Screen", ON
06-10 23:42:17.478  1846  3977 I SoundTriggerService: deleteSoundModel(): id = 9f6ad62a-1f0b-11e7-87c5-40a8f03d3f15
06-10 23:42:17.478  1846  3977 W SoundTriggerService: error onStop(): Model 9f6ad62a-1f0b-11e7-87c5-40a8f03d3f15 has no stats available
06-10 23:42:17.538  1846  1846 I WindowManager: Suppressed redundant power key press while already in the process of turning the screen on.
06-10 23:42:17.543  1846  1954 I DisplayPowerController[0]: Unblocked screen on after 131 ms
06-10 23:42:17.559  1846  1954 V DisplayPowerController[0]: Brightness [0.13369213] reason changing to: 'automatic', previous reason: 'manual'.
06-10 23:42:17.666  1846  1954 W PowerManagerService: Screen on took 280 ms
06-10 23:42:17.666  1846  1954 I DreamManagerService: Gently waking up from dream.
06-10 23:42:17.666  1846  1885 I DreamManagerService: Performing gentle wake from dream.
06-10 23:42:17.701  1846  3239 I DreamManagerService: Leaving dreamland.
06-10 23:42:17.702  1846  1885 I DreamManagerService: Performing gentle wake from dream.
06-10 23:42:17.702  1846  1885 I DreamController: Stopping dream: name=ComponentInfo{com.android.systemui/com.android.systemui.doze.DozeService}, isTest=false, canDoze=true, userId=0, reason='finished self'(from 'requested stopDream')
06-10 23:42:18.221  1846  3239 D ActivityTaskManager: Top Process State changed to PROCESS_STATE_TOP
